******************************************************************************
                  TI ARM Linker PC v20.2.7                     
******************************************************************************
>> Linked Sun Jan 26 17:43:20 2025

OUTPUT FILE NAME:   <FINAL_ECU2.out>
ENTRY POINT SYMBOL: "_c_int00_noargs"  address: 000023bd


MEMORY CONFIGURATION

         name            origin    length      used     unused   attr    fill
----------------------  --------  ---------  --------  --------  ----  --------
  FLASH                 00000000   00040000  000028e1  0003d71f  R  X
  SRAM                  20000000   00008000  00000643  000079bd  RW X


SEGMENT ALLOCATION MAP

run origin  load origin   length   init length attrs members
----------  ----------- ---------- ----------- ----- -------
00000000    00000000    000028e8   000028e8    r-x
  00000000    00000000    0000026c   0000026c    r-- .intvecs
  0000026c    0000026c    00002434   00002434    r-x .text
  000026a0    000026a0    00000139   00000139    r-- .const
  000027e0    000027e0    00000108   00000108    r-- .cinit
20000000    20000000    00000647   00000000    rw-
  20000000    20000000    0000026c   00000000    rw- .vtable
  20000270    20000270    00000200   00000000    rw- .stack
  20000470    20000470    000001af   00000000    rw- .data
  2000061f    2000061f    00000028   00000000    rw- .bss


SECTION ALLOCATION MAP

 output                                  attributes/
section   page    origin      length       input sections
--------  ----  ----------  ----------   ----------------
.intvecs   0    00000000    0000026c     
                  00000000    0000026c     tm4c123gh6pm_startup_ccs.obj (.intvecs)

.text      0    0000026c    00002434     
                  0000026c    00000848     TASKS.obj (.text)
                  00000ab4    000004c0     CAN.obj (.text)
                  00000f74    0000031c     UARTS.obj (.text)
                  00001290    00000248     OS.obj (.text)
                  000014d8    000001b8     gpio.obj (.text)
                  00001690    00000184     ADC.obj (.text)
                  00001814    0000016c     driverlib.lib : gpio.obj (.text:GPIOPadConfigSet)
                  00001980    00000130                   : can.obj (.text:CANMessageSet)
                  00001ab0    00000118                   : sysctl.obj (.text:SysCtlClockGet)
                  00001bc8    00000116                   : can.obj (.text:CANMessageGet)
                  00001cde    00000002     --HOLE-- [fill = 0]
                  00001ce0    000000f4                   : sysctl.obj (.text:SysCtlClockSet)
                  00001dd4    000000d8     LED.obj (.text)
                  00001eac    0000009c     rtsv7M4_T_le_v4SPD16_eabi.lib : memcpy_t2.asm.obj (.text)
                  00001f48    0000007a     driverlib.lib : adc.obj (.text:ADCSequenceStepConfigure)
                  00001fc2    0000007a     rtsv7M4_T_le_v4SPD16_eabi.lib : memset_t2.asm.obj (.text)
                  0000203c    0000006c     driverlib.lib : can.obj (.text:CANBitRateSet)
                  000020a8    00000068     rtsv7M4_T_le_v4SPD16_eabi.lib : copy_decompress_lzss.c.obj (.text:decompress:lzss:__TI_decompress_lzss)
                  00002110    00000064     dio.obj (.text)
                  00002174    0000004e     driverlib.lib : adc.obj (.text:ADCSequenceConfigure)
                  000021c2    00000002     --HOLE-- [fill = 0]
                  000021c4    0000004c                   : gpio.obj (.text:GPIOPinConfigure)
                  00002210    00000046                   : uart.obj (.text:UARTConfigSetExpClk)
                  00002256    00000002     --HOLE-- [fill = 0]
                  00002258    00000044     SYSTICKS.obj (.text)
                  0000229c    00000044     rtsv7M4_T_le_v4SPD16_eabi.lib : autoinit.c.obj (.text:__TI_auto_init_nobinit_nopinit:__TI_auto_init_nobinit_nopinit)
                  000022e0    0000003a     driverlib.lib : can.obj (.text:CANInit)
                  0000231a    00000002     --HOLE-- [fill = 0]
                  0000231c    00000038                   : sysctl.obj (.text:SysCtlPeripheralReady)
                  00002354    00000034                   : interrupt.obj (.text:IntRegister)
                  00002388    00000034                   : sysctl.obj (.text:SysCtlPeripheralEnable)
                  000023bc    00000034     rtsv7M4_T_le_v4SPD16_eabi.lib : boot_cortex_m.c.obj (.text:_c_int00_noargs:_c_int00_noargs)
                  000023f0    0000002e     driverlib.lib : adc.obj (.text:ADCIntStatus)
                  0000241e    0000002c                   : gpio.obj (.text:GPIODirModeSet)
                  0000244a    0000002a                   : can.obj (.text:_CANDataRegRead)
                  00002474    00000024                   : can.obj (.text:_CANDataRegWrite)
                  00002498    00000020                   : uart.obj (.text:UARTDisable)
                  000024b8    0000001e                   : adc.obj (.text:ADCSequenceDataGet)
                  000024d6    00000002     --HOLE-- [fill = 0]
                  000024d8    0000001c                   : systick.obj (.text:SysTickIntRegister)
                  000024f4    0000001c     rtsv7M4_T_le_v4SPD16_eabi.lib : copy_zero_init.c.obj (.text:decompress:ZI:__TI_zero_init_nomemset:__TI_zero_init_nomemset)
                  00002510    0000001c     main.obj (.text)
                  0000252c    0000001a     driverlib.lib : gpio.obj (.text:GPIOPinTypeGPIOOutput)
                  00002546    00000018                   : adc.obj (.text:ADCProcessorTrigger)
                  0000255e    00000016                   : gpio.obj (.text:GPIOPinTypeADC)
                  00002574    00000016                   : gpio.obj (.text:GPIOPinTypeCAN)
                  0000258a    00000016                   : gpio.obj (.text:GPIOPinTypeGPIOInput)
                  000025a0    00000016                   : gpio.obj (.text:GPIOPinTypeUART)
                  000025b6    00000002     --HOLE-- [fill = 0]
                  000025b8    00000014                   : systick.obj (.text:SysTickEnable)
                  000025cc    00000014                   : systick.obj (.text:SysTickIntEnable)
                  000025e0    00000014                   : uart.obj (.text:UARTEnable)
                  000025f4    00000010                   : interrupt.obj (.text:IntMasterEnable)
                  00002604    00000010                   : systick.obj (.text:SysTickPeriodSet)
                  00002614    0000000e                   : adc.obj (.text:ADCSequenceEnable)
                  00002622    0000000e                   : uart.obj (.text:UARTCharsAvail)
                  00002630    0000000e     rtsv7M4_T_le_v4SPD16_eabi.lib : copy_decompress_none.c.obj (.text:decompress:none:__TI_decompress_none)
                  0000263e    0000000c     driverlib.lib : cpu.obj (.text:CPUcpsie)
                  0000264a    0000000c     tm4c123gh6pm_startup_ccs.obj (.text)
                  00002656    0000000a     driverlib.lib : adc.obj (.text:ADCIntClear)
                  00002660    0000000a                   : can.obj (.text:CANEnable)
                  0000266a    0000000a                   : uart.obj (.text:UARTCharGet)
                  00002674    0000000a                   : uart.obj (.text:UARTCharPut)
                  0000267e    00000008                   : can.obj (.text:CANIntEnable)
                  00002686    00000006                   : gpio.obj (.text:GPIOPinRead)
                  0000268c    00000006                   : gpio.obj (.text:GPIOPinWrite)
                  00002692    00000006                   : sysctl.obj (.text:SysCtlDelay)
                  00002698    00000004     rtsv7M4_T_le_v4SPD16_eabi.lib : pre_init.c.obj (.text:_system_pre_init)
                  0000269c    00000004                                   : exit.c.obj (.text:abort:abort)

.const     0    000026a0    00000139     
                  000026a0    00000090     driverlib.lib : gpio.obj (.const:g_pui32GPIOBaseAddrs)
                  00002730    0000006c                   : sysctl.obj (.const:g_pui32Xtals)
                  0000279c    00000020                   : can.obj (.const:g_ui16CANBitValues)
                  000027bc    00000018     ADC_cfg.obj (.const:ADC_Configurations)
                  000027d4    00000004     ADC_cfg.obj (.const)
                  000027d8    00000001     OS_CONFIG.obj (.const)

.cinit     0    000027e0    00000108     
                  000027e0    000000d1     (.cinit..data.load) [load image, compression = lzss]
                  000028b1    00000003     --HOLE-- [fill = 0]
                  000028b4    0000000c     (__TI_handler_table)
                  000028c0    00000008     (.cinit..bss.load) [load image, compression = zero_init]
                  000028c8    00000008     (.cinit..vtable.load) [load image, compression = zero_init]
                  000028d0    00000018     (__TI_cinit_table)

.init_array 
*          0    00000000    00000000     UNINITIALIZED

.vtable    0    20000000    0000026c     UNINITIALIZED
                  20000000    0000026c     driverlib.lib : interrupt.obj (.vtable)

.data      0    20000470    000001af     UNINITIALIZED
                  20000470    000000a0     OS_CONFIG.obj (.data:taskList)
                  20000510    00000078     CAN_CONFIG.obj (.data:MessagObjects)
                  20000588    00000027     TASKS.obj (.data)
                  200005af    00000001     --HOLE--
                  200005b0    00000018     CAN_CONFIG.obj (.data:CAN_Modules)
                  200005c8    00000018     gpioConfig.obj (.data:Parameters)
                  200005e0    00000014     TASKS.obj (.data:tempSamples$13)
                  200005f4    0000000c     UARTS_CONFIG.obj (.data:UARTS_CONFIG_array)
                  20000600    00000008     OS.obj (.data)
                  20000608    00000006     CAN_CONFIG.obj (.data:CAN_Errors)
                  2000060e    00000006     gpioConfig.obj (.data:INPUTS_PORTF)
                  20000614    00000004     SYSTICKS.obj (.data)
                  20000618    00000004     UARTS_CONFIG.obj (.data)
                  2000061c    00000003     gpioConfig.obj (.data:OUTPUTS_PORTF)

.bss       0    2000061f    00000028     UNINITIALIZED
                  2000061f    00000020     (.common:Queue)
                  2000063f    00000008     (.common:received_data)

.stack     0    20000270    00000200     UNINITIALIZED
                  20000270    00000004     rtsv7M4_T_le_v4SPD16_eabi.lib : boot_cortex_m.c.obj (.stack)
                  20000274    000001fc     --HOLE--

__llvm_prf_cnts 
*          0    20000000    00000000     UNINITIALIZED

MODULE SUMMARY

       Module                         code   ro data   rw data
       ------                         ----   -------   -------
    .\
       tm4c123gh6pm_startup_ccs.obj   12     620       0      
    +--+------------------------------+------+---------+---------+
       Total:                         12     620       0      
                                                              
    .\APP\
       main.obj                       28     0         0      
    +--+------------------------------+------+---------+---------+
       Total:                         28     0         0      
                                                              
    .\APP\TASKS\
       TASKS.obj                      2120   0         99     
    +--+------------------------------+------+---------+---------+
       Total:                         2120   0         99     
                                                              
    .\HAL\LED\
       LED.obj                        216    0         0      
    +--+------------------------------+------+---------+---------+
       Total:                         216    0         0      
                                                              
    .\MCAL\ADC\
       ADC.obj                        388    0         0      
       ADC_cfg.obj                    0      28        0      
    +--+------------------------------+------+---------+---------+
       Total:                         388    28        0      
                                                              
    .\MCAL\CAN\
       CAN.obj                        1216   0         0      
       CAN_CONFIG.obj                 0      0         150    
    +--+------------------------------+------+---------+---------+
       Total:                         1216   0         150    
                                                              
    .\MCAL\DIO\
       dio.obj                        100    0         0      
    +--+------------------------------+------+---------+---------+
       Total:                         100    0         0      
                                                              
    .\MCAL\SYSTICK\
       SYSTICKS.obj                   68     0         4      
    +--+------------------------------+------+---------+---------+
       Total:                         68     0         4      
                                                              
    .\MCAL\UARTs\
       UARTS.obj                      796    0         0      
       UARTS_CONFIG.obj               0      0         16     
    +--+------------------------------+------+---------+---------+
       Total:                         796    0         16     
                                                              
    .\MCAL\gpio\
       gpio.obj                       440    0         0      
       gpioConfig.obj                 0      0         33     
    +--+------------------------------+------+---------+---------+
       Total:                         440    0         33     
                                                              
    .\OS\
       OS.obj                         584    0         8      
       OS_CONFIG.obj                  0      1         160    
    +--+------------------------------+------+---------+---------+
       Total:                         584    1         168    
                                                              
    C:/ti/TivaWare_C_Series-2.2.0.295/driverlib/ccs/Debug/driverlib.lib
       can.obj                        844    32        0      
       gpio.obj                       610    144       0      
       sysctl.obj                     638    108       0      
       interrupt.obj                  68     0         620    
       adc.obj                        324    0         0      
       uart.obj                       156    0         0      
       systick.obj                    84     0         0      
       cpu.obj                        12     0         0      
    +--+------------------------------+------+---------+---------+
       Total:                         2736   284       620    
                                                              
    C:\ti\ccs1281\ccs\tools\compiler\ti-cgt-arm_20.2.7.LTS\lib\rtsv7M4_T_le_v4SPD16_eabi.lib
       memcpy_t2.asm.obj              156    0         0      
       memset_t2.asm.obj              122    0         0      
       copy_decompress_lzss.c.obj     104    0         0      
       autoinit.c.obj                 68     0         0      
       boot_cortex_m.c.obj            52     0         0      
       copy_zero_init.c.obj           28     0         0      
       copy_decompress_none.c.obj     14     0         0      
       exit.c.obj                     4      0         0      
       pre_init.c.obj                 4      0         0      
    +--+------------------------------+------+---------+---------+
       Total:                         552    0         0      
                                                              
       Stack:                         0      0         512    
       Linker Generated:              0      261       0      
    +--+------------------------------+------+---------+---------+
       Grand Total:                   9256   1194      1602   


LINKER GENERATED COPY TABLES

__TI_cinit_table @ 000028d0 records: 3, size/record: 8, table size: 24
	.data: load addr=000027e0, load size=000000d1 bytes, run addr=20000470, run size=000001af bytes, compression=lzss
	.bss: load addr=000028c0, load size=00000008 bytes, run addr=2000061f, run size=00000028 bytes, compression=zero_init
	.vtable: load addr=000028c8, load size=00000008 bytes, run addr=20000000, run size=0000026c bytes, compression=zero_init


LINKER GENERATED HANDLER TABLE

__TI_handler_table @ 000028b4 records: 3, size/record: 4, table size: 12
	index: 0, handler: __TI_zero_init
	index: 1, handler: __TI_decompress_lzss
	index: 2, handler: __TI_decompress_none


GLOBAL SYMBOLS: SORTED ALPHABETICALLY BY Name 

address   name                          
-------   ----                          
00002657  ADCIntClear                   
000023f1  ADCIntStatus                  
00002547  ADCProcessorTrigger           
00002175  ADCSequenceConfigure          
000024b9  ADCSequenceDataGet            
00002615  ADCSequenceEnable             
00001f49  ADCSequenceStepConfigure      
000027bc  ADC_Configurations            
000027d4  ADC_Configurations_Count      
00001691  ADC_Init                      
0000176b  ADC_ReadValue                 
20000588  BlinkBlueLED_Flag             
0000269d  C$$EXIT                       
0000203d  CANBitRateSet                 
00002661  CANEnable                     
000022e1  CANInit                       
00000ab5  CANInitialize                 
0000267f  CANIntEnable                  
00001bc9  CANMessageGet                 
00001981  CANMessageSet                 
00000d39  CANTransmit                   
20000608  CAN_Errors                    
200005b0  CAN_Modules                   
0000263f  CPUcpsie                      
00000e95  CanReceiveMessage             
0000179d  ComputeAverage                
00002111  DIO_readPin                   
00002133  DIO_writePin                  
2000058d  ENTER_TESTING                 
2000058e  EXIT_TESTING                  
0000241f  GPIODirModeSet                
00001815  GPIOPadConfigSet              
000021c5  GPIOPinConfigure              
00002687  GPIOPinRead                   
0000255f  GPIOPinTypeADC                
00002575  GPIOPinTypeCAN                
0000258b  GPIOPinTypeGPIOInput          
0000252d  GPIOPinTypeGPIOOutput         
000025a1  GPIOPinTypeUART               
0000268d  GPIOPinWrite                  
000014d9  GPIO_init                     
2000058b  GREEN_SEMAPHORE               
2000060e  INPUTS_PORTF                  
000025f5  IntMasterEnable               
00002355  IntRegister                   
00001e5d  LEDS_off                      
00001dd5  LED_blueLight                 
00001df7  LED_greenLight                
00001e7f  LED_read                      
00001e19  LED_redLight                  
00001e3b  LED_whiteLight                
20000510  MessagObjects                 
000027d8  NUMBER_OF_tasks               
00001291  OS_Init                       
0000145d  OS_Resume                     
00001489  OS_ResumeTask                 
000012d5  OS_Run                        
00001455  OS_Stop                       
00001465  OS_SuspendTask                
2000061c  OUTPUTS_PORTF                 
200005c8  Parameters                    
2000061f  Queue                         
2000058a  RED_SEMAPHORE                 
0000028f  RESUME_ALL                    
0000264b  ResetISR                      
20000589  SEND_DATA                     
0000026d  SUSPEND_ALL                   
20000614  SYSTICK_Flag                  
00002263  SYSTICK_delayMSec             
00001ab1  SysCtlClockGet                
00001ce1  SysCtlClockSet                
00002693  SysCtlDelay                   
00002389  SysCtlPeripheralEnable        
0000231d  SysCtlPeripheralReady         
000025b9  SysTickEnable                 
000025cd  SysTickIntEnable              
000024d9  SysTickIntRegister            
00002605  SysTickPeriodSet              
00002259  SysTick_Handler               
00000559  TASK_GREENLED                 
000002b7  TASK_INITS                    
00000313  TASK_RECEIVED_DATA_CHECK      
000004d7  TASK_REDLED                   
000002cf  TASK_ReceiveCAN               
00000999  TASK_RemoteFrame              
00000871  TASK_TempCheck                
0000058d  TASK_WHITELED                 
000007b5  TASK_blinkBlueLED             
00000719  TASK_errorCheck               
2000058f  TESTING_SEMAPHORE             
0000266b  UARTCharGet                   
00002675  UARTCharPut                   
00002623  UARTCharsAvail                
00002211  UARTConfigSetExpClk           
00002499  UARTDisable                   
000025e1  UARTEnable                    
200005f4  UARTS_CONFIG_array            
20000618  UARTS_CONFIG_numUarts         
00001123  UART_Sprintf                  
00001023  UART_config                   
00000fef  UART_receiveByte              
00000f75  UART_sendString               
2000058c  WHITE_SEMAPHORE               
20000470  __STACK_END                   
00000200  __STACK_SIZE                  
20000470  __STACK_TOP                   
000028d0  __TI_CINIT_Base               
000028e8  __TI_CINIT_Limit              
000028b4  __TI_Handler_Table_Base       
000028c0  __TI_Handler_Table_Limit      
0000229d  __TI_auto_init_nobinit_nopinit
000020a9  __TI_decompress_lzss          
00002631  __TI_decompress_none          
ffffffff  __TI_pprof_out_hndl           
ffffffff  __TI_prof_data_size           
ffffffff  __TI_prof_data_start          
00000000  __TI_static_base__            
000024f5  __TI_zero_init_nomemset       
00001fc3  __aeabi_memclr                
00001fc3  __aeabi_memclr4               
00001fc3  __aeabi_memclr8               
00001ead  __aeabi_memcpy                
00001ead  __aeabi_memcpy4               
00001ead  __aeabi_memcpy8               
00001fc5  __aeabi_memset                
00001fc5  __aeabi_memset4               
00001fc5  __aeabi_memset8               
ffffffff  __binit__                     
ffffffff  __c_args__                    
UNDEFED   __mpu_init                    
20000270  __stack                       
20000000  __start___llvm_prf_cnts       
20000000  __stop___llvm_prf_cnts        
000023bd  _c_int00_noargs               
UNDEFED   _system_post_cinit            
00002699  _system_pre_init              
0000269d  abort                         
ffffffff  binit                         
000010c3  configure_all_uarts           
20000600  g_OS_intTasksFlag             
20000000  g_pfnRAMVectors               
00000000  g_pfnVectors                  
00002511  main                          
00001ead  memcpy                        
00001fcb  memset                        
2000063f  received_data                 
20000470  taskList                      


GLOBAL SYMBOLS: SORTED BY Symbol Address 

address   name                          
-------   ----                          
00000000  __TI_static_base__            
00000000  g_pfnVectors                  
00000200  __STACK_SIZE                  
0000026d  SUSPEND_ALL                   
0000028f  RESUME_ALL                    
000002b7  TASK_INITS                    
000002cf  TASK_ReceiveCAN               
00000313  TASK_RECEIVED_DATA_CHECK      
000004d7  TASK_REDLED                   
00000559  TASK_GREENLED                 
0000058d  TASK_WHITELED                 
00000719  TASK_errorCheck               
000007b5  TASK_blinkBlueLED             
00000871  TASK_TempCheck                
00000999  TASK_RemoteFrame              
00000ab5  CANInitialize                 
00000d39  CANTransmit                   
00000e95  CanReceiveMessage             
00000f75  UART_sendString               
00000fef  UART_receiveByte              
00001023  UART_config                   
000010c3  configure_all_uarts           
00001123  UART_Sprintf                  
00001291  OS_Init                       
000012d5  OS_Run                        
00001455  OS_Stop                       
0000145d  OS_Resume                     
00001465  OS_SuspendTask                
00001489  OS_ResumeTask                 
000014d9  GPIO_init                     
00001691  ADC_Init                      
0000176b  ADC_ReadValue                 
0000179d  ComputeAverage                
00001815  GPIOPadConfigSet              
00001981  CANMessageSet                 
00001ab1  SysCtlClockGet                
00001bc9  CANMessageGet                 
00001ce1  SysCtlClockSet                
00001dd5  LED_blueLight                 
00001df7  LED_greenLight                
00001e19  LED_redLight                  
00001e3b  LED_whiteLight                
00001e5d  LEDS_off                      
00001e7f  LED_read                      
00001ead  __aeabi_memcpy                
00001ead  __aeabi_memcpy4               
00001ead  __aeabi_memcpy8               
00001ead  memcpy                        
00001f49  ADCSequenceStepConfigure      
00001fc3  __aeabi_memclr                
00001fc3  __aeabi_memclr4               
00001fc3  __aeabi_memclr8               
00001fc5  __aeabi_memset                
00001fc5  __aeabi_memset4               
00001fc5  __aeabi_memset8               
00001fcb  memset                        
0000203d  CANBitRateSet                 
000020a9  __TI_decompress_lzss          
00002111  DIO_readPin                   
00002133  DIO_writePin                  
00002175  ADCSequenceConfigure          
000021c5  GPIOPinConfigure              
00002211  UARTConfigSetExpClk           
00002259  SysTick_Handler               
00002263  SYSTICK_delayMSec             
0000229d  __TI_auto_init_nobinit_nopinit
000022e1  CANInit                       
0000231d  SysCtlPeripheralReady         
00002355  IntRegister                   
00002389  SysCtlPeripheralEnable        
000023bd  _c_int00_noargs               
000023f1  ADCIntStatus                  
0000241f  GPIODirModeSet                
00002499  UARTDisable                   
000024b9  ADCSequenceDataGet            
000024d9  SysTickIntRegister            
000024f5  __TI_zero_init_nomemset       
00002511  main                          
0000252d  GPIOPinTypeGPIOOutput         
00002547  ADCProcessorTrigger           
0000255f  GPIOPinTypeADC                
00002575  GPIOPinTypeCAN                
0000258b  GPIOPinTypeGPIOInput          
000025a1  GPIOPinTypeUART               
000025b9  SysTickEnable                 
000025cd  SysTickIntEnable              
000025e1  UARTEnable                    
000025f5  IntMasterEnable               
00002605  SysTickPeriodSet              
00002615  ADCSequenceEnable             
00002623  UARTCharsAvail                
00002631  __TI_decompress_none          
0000263f  CPUcpsie                      
0000264b  ResetISR                      
00002657  ADCIntClear                   
00002661  CANEnable                     
0000266b  UARTCharGet                   
00002675  UARTCharPut                   
0000267f  CANIntEnable                  
00002687  GPIOPinRead                   
0000268d  GPIOPinWrite                  
00002693  SysCtlDelay                   
00002699  _system_pre_init              
0000269d  C$$EXIT                       
0000269d  abort                         
000027bc  ADC_Configurations            
000027d4  ADC_Configurations_Count      
000027d8  NUMBER_OF_tasks               
000028b4  __TI_Handler_Table_Base       
000028c0  __TI_Handler_Table_Limit      
000028d0  __TI_CINIT_Base               
000028e8  __TI_CINIT_Limit              
20000000  __start___llvm_prf_cnts       
20000000  __stop___llvm_prf_cnts        
20000000  g_pfnRAMVectors               
20000270  __stack                       
20000470  __STACK_END                   
20000470  __STACK_TOP                   
20000470  taskList                      
20000510  MessagObjects                 
20000588  BlinkBlueLED_Flag             
20000589  SEND_DATA                     
2000058a  RED_SEMAPHORE                 
2000058b  GREEN_SEMAPHORE               
2000058c  WHITE_SEMAPHORE               
2000058d  ENTER_TESTING                 
2000058e  EXIT_TESTING                  
2000058f  TESTING_SEMAPHORE             
200005b0  CAN_Modules                   
200005c8  Parameters                    
200005f4  UARTS_CONFIG_array            
20000600  g_OS_intTasksFlag             
20000608  CAN_Errors                    
2000060e  INPUTS_PORTF                  
20000614  SYSTICK_Flag                  
20000618  UARTS_CONFIG_numUarts         
2000061c  OUTPUTS_PORTF                 
2000061f  Queue                         
2000063f  received_data                 
ffffffff  __TI_pprof_out_hndl           
ffffffff  __TI_prof_data_size           
ffffffff  __TI_prof_data_start          
ffffffff  __binit__                     
ffffffff  __c_args__                    
ffffffff  binit                         
UNDEFED   __mpu_init                    
UNDEFED   _system_post_cinit            

[147 symbols]
