<?xml version="1.0" encoding="ISO-8859-1" ?>
<link_info>
   <banner>TI ARM Linker PC v20.2.7.LTS</banner>
   <copyright>Copyright (c) 1996-2018 Texas Instruments Incorporated</copyright>
   <link_time>0x679426ad</link_time>
   <link_errors>0x0</link_errors>
   <output_file>FINAL_ECU2.out</output_file>
   <entry_point>
      <name>_c_int00_noargs</name>
      <address>0x23b9</address>
   </entry_point>
   <input_file_list>
      <input_file id="fl-2">
         <path>.\</path>
         <kind>object</kind>
         <file>tm4c123gh6pm_startup_ccs.obj</file>
         <name>tm4c123gh6pm_startup_ccs.obj</name>
      </input_file>
      <input_file id="fl-3">
         <path>.\APP\TASKS\</path>
         <kind>object</kind>
         <file>TASKS.obj</file>
         <name>TASKS.obj</name>
      </input_file>
      <input_file id="fl-4">
         <path>.\APP\</path>
         <kind>object</kind>
         <file>main.obj</file>
         <name>main.obj</name>
      </input_file>
      <input_file id="fl-5">
         <path>.\HAL\BTN\</path>
         <kind>object</kind>
         <file>BTN.obj</file>
         <name>BTN.obj</name>
      </input_file>
      <input_file id="fl-6">
         <path>.\HAL\LED\</path>
         <kind>object</kind>
         <file>LED.obj</file>
         <name>LED.obj</name>
      </input_file>
      <input_file id="fl-7">
         <path>.\MCAL\ADC\</path>
         <kind>object</kind>
         <file>ADC.obj</file>
         <name>ADC.obj</name>
      </input_file>
      <input_file id="fl-8">
         <path>.\MCAL\ADC\</path>
         <kind>object</kind>
         <file>ADC_cfg.obj</file>
         <name>ADC_cfg.obj</name>
      </input_file>
      <input_file id="fl-9">
         <path>.\MCAL\CAN\</path>
         <kind>object</kind>
         <file>CAN.obj</file>
         <name>CAN.obj</name>
      </input_file>
      <input_file id="fl-a">
         <path>.\MCAL\CAN\</path>
         <kind>object</kind>
         <file>CAN_CONFIG.obj</file>
         <name>CAN_CONFIG.obj</name>
      </input_file>
      <input_file id="fl-b">
         <path>.\MCAL\DIO\</path>
         <kind>object</kind>
         <file>dio.obj</file>
         <name>dio.obj</name>
      </input_file>
      <input_file id="fl-c">
         <path>.\MCAL\SYSTICK\</path>
         <kind>object</kind>
         <file>SYSTICKS.obj</file>
         <name>SYSTICKS.obj</name>
      </input_file>
      <input_file id="fl-d">
         <path>.\MCAL\UARTs\</path>
         <kind>object</kind>
         <file>UARTS.obj</file>
         <name>UARTS.obj</name>
      </input_file>
      <input_file id="fl-e">
         <path>.\MCAL\UARTs\</path>
         <kind>object</kind>
         <file>UARTS_CONFIG.obj</file>
         <name>UARTS_CONFIG.obj</name>
      </input_file>
      <input_file id="fl-f">
         <path>.\MCAL\gpio\</path>
         <kind>object</kind>
         <file>gpio.obj</file>
         <name>gpio.obj</name>
      </input_file>
      <input_file id="fl-10">
         <path>.\MCAL\gpio\</path>
         <kind>object</kind>
         <file>gpioConfig.obj</file>
         <name>gpioConfig.obj</name>
      </input_file>
      <input_file id="fl-11">
         <path>.\OS\</path>
         <kind>object</kind>
         <file>OS.obj</file>
         <name>OS.obj</name>
      </input_file>
      <input_file id="fl-12">
         <path>.\OS\</path>
         <kind>object</kind>
         <file>OS_CONFIG.obj</file>
         <name>OS_CONFIG.obj</name>
      </input_file>
      <input_file id="fl-17">
         <kind>object</kind>
         <file>&lt;internal&gt;</file>
         <name>&lt;internal&gt;</name>
      </input_file>
      <input_file id="fl-18">
         <path>C:\ti\TivaWare_C_Series-2.2.0.295\driverlib\ccs\Debug\</path>
         <kind>archive</kind>
         <file>driverlib.lib</file>
         <name>adc.obj</name>
      </input_file>
      <input_file id="fl-19">
         <path>C:\ti\TivaWare_C_Series-2.2.0.295\driverlib\ccs\Debug\</path>
         <kind>archive</kind>
         <file>driverlib.lib</file>
         <name>can.obj</name>
      </input_file>
      <input_file id="fl-1a">
         <path>C:\ti\TivaWare_C_Series-2.2.0.295\driverlib\ccs\Debug\</path>
         <kind>archive</kind>
         <file>driverlib.lib</file>
         <name>gpio.obj</name>
      </input_file>
      <input_file id="fl-1b">
         <path>C:\ti\TivaWare_C_Series-2.2.0.295\driverlib\ccs\Debug\</path>
         <kind>archive</kind>
         <file>driverlib.lib</file>
         <name>interrupt.obj</name>
      </input_file>
      <input_file id="fl-1c">
         <path>C:\ti\TivaWare_C_Series-2.2.0.295\driverlib\ccs\Debug\</path>
         <kind>archive</kind>
         <file>driverlib.lib</file>
         <name>sysctl.obj</name>
      </input_file>
      <input_file id="fl-1d">
         <path>C:\ti\TivaWare_C_Series-2.2.0.295\driverlib\ccs\Debug\</path>
         <kind>archive</kind>
         <file>driverlib.lib</file>
         <name>systick.obj</name>
      </input_file>
      <input_file id="fl-1e">
         <path>C:\ti\TivaWare_C_Series-2.2.0.295\driverlib\ccs\Debug\</path>
         <kind>archive</kind>
         <file>driverlib.lib</file>
         <name>uart.obj</name>
      </input_file>
      <input_file id="fl-1f">
         <path>C:\ti\TivaWare_C_Series-2.2.0.295\driverlib\ccs\Debug\</path>
         <kind>archive</kind>
         <file>driverlib.lib</file>
         <name>cpu.obj</name>
      </input_file>
      <input_file id="fl-d5">
         <path>C:\ti\ccs1281\ccs\tools\compiler\ti-cgt-arm_20.2.7.LTS\lib\</path>
         <kind>archive</kind>
         <file>rtsv7M4_T_le_v4SPD16_eabi.lib</file>
         <name>memset_t2.asm.obj</name>
      </input_file>
      <input_file id="fl-d6">
         <path>C:\ti\ccs1281\ccs\tools\compiler\ti-cgt-arm_20.2.7.LTS\lib\</path>
         <kind>archive</kind>
         <file>rtsv7M4_T_le_v4SPD16_eabi.lib</file>
         <name>copy_zero_init.c.obj</name>
      </input_file>
      <input_file id="fl-d7">
         <path>C:\ti\ccs1281\ccs\tools\compiler\ti-cgt-arm_20.2.7.LTS\lib\</path>
         <kind>archive</kind>
         <file>rtsv7M4_T_le_v4SPD16_eabi.lib</file>
         <name>copy_decompress_none.c.obj</name>
      </input_file>
      <input_file id="fl-d8">
         <path>C:\ti\ccs1281\ccs\tools\compiler\ti-cgt-arm_20.2.7.LTS\lib\</path>
         <kind>archive</kind>
         <file>rtsv7M4_T_le_v4SPD16_eabi.lib</file>
         <name>copy_decompress_lzss.c.obj</name>
      </input_file>
      <input_file id="fl-d9">
         <path>C:\ti\ccs1281\ccs\tools\compiler\ti-cgt-arm_20.2.7.LTS\lib\</path>
         <kind>archive</kind>
         <file>rtsv7M4_T_le_v4SPD16_eabi.lib</file>
         <name>boot_cortex_m.c.obj</name>
      </input_file>
      <input_file id="fl-da">
         <path>C:\ti\ccs1281\ccs\tools\compiler\ti-cgt-arm_20.2.7.LTS\lib\</path>
         <kind>archive</kind>
         <file>rtsv7M4_T_le_v4SPD16_eabi.lib</file>
         <name>memcpy_t2.asm.obj</name>
      </input_file>
      <input_file id="fl-db">
         <path>C:\ti\ccs1281\ccs\tools\compiler\ti-cgt-arm_20.2.7.LTS\lib\</path>
         <kind>archive</kind>
         <file>rtsv7M4_T_le_v4SPD16_eabi.lib</file>
         <name>autoinit.c.obj</name>
      </input_file>
      <input_file id="fl-dc">
         <path>C:\ti\ccs1281\ccs\tools\compiler\ti-cgt-arm_20.2.7.LTS\lib\</path>
         <kind>archive</kind>
         <file>rtsv7M4_T_le_v4SPD16_eabi.lib</file>
         <name>pre_init.c.obj</name>
      </input_file>
      <input_file id="fl-dd">
         <path>C:\ti\ccs1281\ccs\tools\compiler\ti-cgt-arm_20.2.7.LTS\lib\</path>
         <kind>archive</kind>
         <file>rtsv7M4_T_le_v4SPD16_eabi.lib</file>
         <name>cpy_tbl.c.obj</name>
      </input_file>
      <input_file id="fl-de">
         <path>C:\ti\ccs1281\ccs\tools\compiler\ti-cgt-arm_20.2.7.LTS\lib\</path>
         <kind>archive</kind>
         <file>rtsv7M4_T_le_v4SPD16_eabi.lib</file>
         <name>exit.c.obj</name>
      </input_file>
      <input_file id="fl-df">
         <path>C:\ti\ccs1281\ccs\tools\compiler\ti-cgt-arm_20.2.7.LTS\lib\</path>
         <kind>archive</kind>
         <file>rtsv7M4_T_le_v4SPD16_eabi.lib</file>
         <name>_lock.c.obj</name>
      </input_file>
      <input_file id="fl-e0">
         <path>C:\ti\ccs1281\ccs\tools\compiler\ti-cgt-arm_20.2.7.LTS\lib\</path>
         <kind>archive</kind>
         <file>rtsv7M4_T_le_v4SPD16_eabi.lib</file>
         <name>args_main.c.obj</name>
      </input_file>
   </input_file_list>
   <object_component_list>
      <object_component id="oc-12">
         <name>.intvecs</name>
         <load_address>0x0</load_address>
         <run_address>0x0</run_address>
         <size>0x26c</size>
         <input_file_ref idref="fl-2"/>
      </object_component>
      <object_component id="oc-1a1">
         <name>.text</name>
         <load_address>0x26c</load_address>
         <run_address>0x26c</run_address>
         <size>0x844</size>
         <input_file_ref idref="fl-3"/>
      </object_component>
      <object_component id="oc-1f3">
         <name>.text</name>
         <load_address>0xab0</load_address>
         <run_address>0xab0</run_address>
         <size>0x4c0</size>
         <input_file_ref idref="fl-9"/>
      </object_component>
      <object_component id="oc-1ff">
         <name>.text</name>
         <load_address>0xf70</load_address>
         <run_address>0xf70</run_address>
         <size>0x31c</size>
         <input_file_ref idref="fl-d"/>
      </object_component>
      <object_component id="oc-ce">
         <name>.text</name>
         <load_address>0x128c</load_address>
         <run_address>0x128c</run_address>
         <size>0x248</size>
         <input_file_ref idref="fl-11"/>
      </object_component>
      <object_component id="oc-1ed">
         <name>.text</name>
         <load_address>0x14d4</load_address>
         <run_address>0x14d4</run_address>
         <size>0x1b8</size>
         <input_file_ref idref="fl-f"/>
      </object_component>
      <object_component id="oc-1f9">
         <name>.text</name>
         <load_address>0x168c</load_address>
         <run_address>0x168c</run_address>
         <size>0x184</size>
         <input_file_ref idref="fl-7"/>
      </object_component>
      <object_component id="oc-242">
         <name>.text:GPIOPadConfigSet</name>
         <load_address>0x1810</load_address>
         <run_address>0x1810</run_address>
         <size>0x16c</size>
         <input_file_ref idref="fl-1a"/>
      </object_component>
      <object_component id="oc-276">
         <name>.text:CANMessageSet</name>
         <load_address>0x197c</load_address>
         <run_address>0x197c</run_address>
         <size>0x130</size>
         <input_file_ref idref="fl-19"/>
      </object_component>
      <object_component id="oc-120">
         <name>.text:SysCtlClockGet</name>
         <load_address>0x1aac</load_address>
         <run_address>0x1aac</run_address>
         <size>0x118</size>
         <input_file_ref idref="fl-1c"/>
      </object_component>
      <object_component id="oc-27f">
         <name>.text:CANMessageGet</name>
         <load_address>0x1bc4</load_address>
         <run_address>0x1bc4</run_address>
         <size>0x116</size>
         <input_file_ref idref="fl-19"/>
      </object_component>
      <object_component id="oc-c2">
         <name>.text:SysCtlClockSet</name>
         <load_address>0x1cdc</load_address>
         <run_address>0x1cdc</run_address>
         <size>0xf4</size>
         <input_file_ref idref="fl-1c"/>
      </object_component>
      <object_component id="oc-205">
         <name>.text</name>
         <load_address>0x1dd0</load_address>
         <run_address>0x1dd0</run_address>
         <size>0xd8</size>
         <input_file_ref idref="fl-6"/>
      </object_component>
      <object_component id="oc-3b">
         <name>.text</name>
         <load_address>0x1ea8</load_address>
         <run_address>0x1ea8</run_address>
         <size>0x9c</size>
         <input_file_ref idref="fl-da"/>
      </object_component>
      <object_component id="oc-296">
         <name>.text:ADCSequenceStepConfigure</name>
         <load_address>0x1f44</load_address>
         <run_address>0x1f44</run_address>
         <size>0x7a</size>
         <input_file_ref idref="fl-18"/>
      </object_component>
      <object_component id="oc-8f">
         <name>.text</name>
         <load_address>0x1fbe</load_address>
         <run_address>0x1fbe</run_address>
         <size>0x7a</size>
         <input_file_ref idref="fl-d5"/>
      </object_component>
      <object_component id="oc-264">
         <name>.text:CANBitRateSet</name>
         <load_address>0x2038</load_address>
         <run_address>0x2038</run_address>
         <size>0x6c</size>
         <input_file_ref idref="fl-19"/>
      </object_component>
      <object_component id="oc-15">
         <name>.text:decompress:lzss:__TI_decompress_lzss</name>
         <load_address>0x20a4</load_address>
         <run_address>0x20a4</run_address>
         <size>0x68</size>
         <input_file_ref idref="fl-d8"/>
      </object_component>
      <object_component id="oc-2f2">
         <name>.text</name>
         <load_address>0x210c</load_address>
         <run_address>0x210c</run_address>
         <size>0x64</size>
         <input_file_ref idref="fl-b"/>
      </object_component>
      <object_component id="oc-290">
         <name>.text:ADCSequenceConfigure</name>
         <load_address>0x2170</load_address>
         <run_address>0x2170</run_address>
         <size>0x4e</size>
         <input_file_ref idref="fl-18"/>
      </object_component>
      <object_component id="oc-252">
         <name>.text:GPIOPinConfigure</name>
         <load_address>0x21c0</load_address>
         <run_address>0x21c0</run_address>
         <size>0x4c</size>
         <input_file_ref idref="fl-1a"/>
      </object_component>
      <object_component id="oc-2da">
         <name>.text:UARTConfigSetExpClk</name>
         <load_address>0x220c</load_address>
         <run_address>0x220c</run_address>
         <size>0x46</size>
         <input_file_ref idref="fl-1e"/>
      </object_component>
      <object_component id="oc-c8">
         <name>.text</name>
         <load_address>0x2254</load_address>
         <run_address>0x2254</run_address>
         <size>0x44</size>
         <input_file_ref idref="fl-c"/>
      </object_component>
      <object_component id="oc-e6">
         <name>.text:__TI_auto_init_nobinit_nopinit:__TI_auto_init_nobinit_nopinit</name>
         <load_address>0x2298</load_address>
         <run_address>0x2298</run_address>
         <size>0x44</size>
         <input_file_ref idref="fl-db"/>
      </object_component>
      <object_component id="oc-25e">
         <name>.text:CANInit</name>
         <load_address>0x22dc</load_address>
         <run_address>0x22dc</run_address>
         <size>0x3a</size>
         <input_file_ref idref="fl-19"/>
      </object_component>
      <object_component id="oc-236">
         <name>.text:SysCtlPeripheralReady</name>
         <load_address>0x2318</load_address>
         <run_address>0x2318</run_address>
         <size>0x38</size>
         <input_file_ref idref="fl-1c"/>
      </object_component>
      <object_component id="oc-18e">
         <name>.text:IntRegister</name>
         <load_address>0x2350</load_address>
         <run_address>0x2350</run_address>
         <size>0x34</size>
         <input_file_ref idref="fl-1b"/>
      </object_component>
      <object_component id="oc-230">
         <name>.text:SysCtlPeripheralEnable</name>
         <load_address>0x2384</load_address>
         <run_address>0x2384</run_address>
         <size>0x34</size>
         <input_file_ref idref="fl-1c"/>
      </object_component>
      <object_component id="oc-59">
         <name>.text:_c_int00_noargs:_c_int00_noargs</name>
         <load_address>0x23b8</load_address>
         <run_address>0x23b8</run_address>
         <size>0x34</size>
         <input_file_ref idref="fl-d9"/>
      </object_component>
      <object_component id="oc-2ae">
         <name>.text:ADCIntStatus</name>
         <load_address>0x23ec</load_address>
         <run_address>0x23ec</run_address>
         <size>0x2e</size>
         <input_file_ref idref="fl-18"/>
      </object_component>
      <object_component id="oc-2ff">
         <name>.text:GPIODirModeSet</name>
         <load_address>0x241a</load_address>
         <run_address>0x241a</run_address>
         <size>0x2c</size>
         <input_file_ref idref="fl-1a"/>
      </object_component>
      <object_component id="oc-32c">
         <name>.text:_CANDataRegRead</name>
         <load_address>0x2446</load_address>
         <run_address>0x2446</run_address>
         <size>0x2a</size>
         <input_file_ref idref="fl-19"/>
      </object_component>
      <object_component id="oc-31f">
         <name>.text:_CANDataRegWrite</name>
         <load_address>0x2470</load_address>
         <run_address>0x2470</run_address>
         <size>0x24</size>
         <input_file_ref idref="fl-19"/>
      </object_component>
      <object_component id="oc-350">
         <name>.text:UARTDisable</name>
         <load_address>0x2494</load_address>
         <run_address>0x2494</run_address>
         <size>0x20</size>
         <input_file_ref idref="fl-1e"/>
      </object_component>
      <object_component id="oc-2b4">
         <name>.text:ADCSequenceDataGet</name>
         <load_address>0x24b4</load_address>
         <run_address>0x24b4</run_address>
         <size>0x1e</size>
         <input_file_ref idref="fl-18"/>
      </object_component>
      <object_component id="oc-12c">
         <name>.text:SysTickIntRegister</name>
         <load_address>0x24d4</load_address>
         <run_address>0x24d4</run_address>
         <size>0x1c</size>
         <input_file_ref idref="fl-1d"/>
      </object_component>
      <object_component id="oc-47">
         <name>.text:decompress:ZI:__TI_zero_init_nomemset:__TI_zero_init_nomemset</name>
         <load_address>0x24f0</load_address>
         <run_address>0x24f0</run_address>
         <size>0x1c</size>
         <input_file_ref idref="fl-d6"/>
      </object_component>
      <object_component id="oc-9b">
         <name>.text</name>
         <load_address>0x250c</load_address>
         <run_address>0x250c</run_address>
         <size>0x1c</size>
         <input_file_ref idref="fl-4"/>
      </object_component>
      <object_component id="oc-248">
         <name>.text:GPIOPinTypeGPIOOutput</name>
         <load_address>0x2528</load_address>
         <run_address>0x2528</run_address>
         <size>0x1a</size>
         <input_file_ref idref="fl-1a"/>
      </object_component>
      <object_component id="oc-2a8">
         <name>.text:ADCProcessorTrigger</name>
         <load_address>0x2542</load_address>
         <run_address>0x2542</run_address>
         <size>0x18</size>
         <input_file_ref idref="fl-18"/>
      </object_component>
      <object_component id="oc-28a">
         <name>.text:GPIOPinTypeADC</name>
         <load_address>0x255a</load_address>
         <run_address>0x255a</run_address>
         <size>0x16</size>
         <input_file_ref idref="fl-1a"/>
      </object_component>
      <object_component id="oc-258">
         <name>.text:GPIOPinTypeCAN</name>
         <load_address>0x2570</load_address>
         <run_address>0x2570</run_address>
         <size>0x16</size>
         <input_file_ref idref="fl-1a"/>
      </object_component>
      <object_component id="oc-23c">
         <name>.text:GPIOPinTypeGPIOInput</name>
         <load_address>0x2586</load_address>
         <run_address>0x2586</run_address>
         <size>0x16</size>
         <input_file_ref idref="fl-1a"/>
      </object_component>
      <object_component id="oc-2d4">
         <name>.text:GPIOPinTypeUART</name>
         <load_address>0x259c</load_address>
         <run_address>0x259c</run_address>
         <size>0x16</size>
         <input_file_ref idref="fl-1a"/>
      </object_component>
      <object_component id="oc-138">
         <name>.text:SysTickEnable</name>
         <load_address>0x25b4</load_address>
         <run_address>0x25b4</run_address>
         <size>0x14</size>
         <input_file_ref idref="fl-1d"/>
      </object_component>
      <object_component id="oc-132">
         <name>.text:SysTickIntEnable</name>
         <load_address>0x25c8</load_address>
         <run_address>0x25c8</run_address>
         <size>0x14</size>
         <input_file_ref idref="fl-1d"/>
      </object_component>
      <object_component id="oc-356">
         <name>.text:UARTEnable</name>
         <load_address>0x25dc</load_address>
         <run_address>0x25dc</run_address>
         <size>0x14</size>
         <input_file_ref idref="fl-1e"/>
      </object_component>
      <object_component id="oc-13e">
         <name>.text:IntMasterEnable</name>
         <load_address>0x25f0</load_address>
         <run_address>0x25f0</run_address>
         <size>0x10</size>
         <input_file_ref idref="fl-1b"/>
      </object_component>
      <object_component id="oc-126">
         <name>.text:SysTickPeriodSet</name>
         <load_address>0x2600</load_address>
         <run_address>0x2600</run_address>
         <size>0x10</size>
         <input_file_ref idref="fl-1d"/>
      </object_component>
      <object_component id="oc-29c">
         <name>.text:ADCSequenceEnable</name>
         <load_address>0x2610</load_address>
         <run_address>0x2610</run_address>
         <size>0xe</size>
         <input_file_ref idref="fl-18"/>
      </object_component>
      <object_component id="oc-2c8">
         <name>.text:UARTCharsAvail</name>
         <load_address>0x261e</load_address>
         <run_address>0x261e</run_address>
         <size>0xe</size>
         <input_file_ref idref="fl-1e"/>
      </object_component>
      <object_component id="oc-1b">
         <name>.text:decompress:none:__TI_decompress_none</name>
         <load_address>0x262c</load_address>
         <run_address>0x262c</run_address>
         <size>0xe</size>
         <input_file_ref idref="fl-d7"/>
      </object_component>
      <object_component id="oc-197">
         <name>.text:CPUcpsie</name>
         <load_address>0x263a</load_address>
         <run_address>0x263a</run_address>
         <size>0xc</size>
         <input_file_ref idref="fl-1f"/>
      </object_component>
      <object_component id="oc-27">
         <name>.text</name>
         <load_address>0x2646</load_address>
         <run_address>0x2646</run_address>
         <size>0xc</size>
         <input_file_ref idref="fl-2"/>
      </object_component>
      <object_component id="oc-2a2">
         <name>.text:ADCIntClear</name>
         <load_address>0x2652</load_address>
         <run_address>0x2652</run_address>
         <size>0xa</size>
         <input_file_ref idref="fl-18"/>
      </object_component>
      <object_component id="oc-26a">
         <name>.text:CANEnable</name>
         <load_address>0x265c</load_address>
         <run_address>0x265c</run_address>
         <size>0xa</size>
         <input_file_ref idref="fl-19"/>
      </object_component>
      <object_component id="oc-2ce">
         <name>.text:UARTCharGet</name>
         <load_address>0x2666</load_address>
         <run_address>0x2666</run_address>
         <size>0xa</size>
         <input_file_ref idref="fl-1e"/>
      </object_component>
      <object_component id="oc-2c2">
         <name>.text:UARTCharPut</name>
         <load_address>0x2670</load_address>
         <run_address>0x2670</run_address>
         <size>0xa</size>
         <input_file_ref idref="fl-1e"/>
      </object_component>
      <object_component id="oc-270">
         <name>.text:CANIntEnable</name>
         <load_address>0x267a</load_address>
         <run_address>0x267a</run_address>
         <size>0x8</size>
         <input_file_ref idref="fl-19"/>
      </object_component>
      <object_component id="oc-364">
         <name>.text:GPIOPinRead</name>
         <load_address>0x2682</load_address>
         <run_address>0x2682</run_address>
         <size>0x6</size>
         <input_file_ref idref="fl-1a"/>
      </object_component>
      <object_component id="oc-36a">
         <name>.text:GPIOPinWrite</name>
         <load_address>0x2688</load_address>
         <run_address>0x2688</run_address>
         <size>0x6</size>
         <input_file_ref idref="fl-1a"/>
      </object_component>
      <object_component id="oc-118">
         <name>.text:SysCtlDelay</name>
         <load_address>0x268e</load_address>
         <run_address>0x268e</run_address>
         <size>0x6</size>
         <input_file_ref idref="fl-1c"/>
      </object_component>
      <object_component id="oc-95">
         <name>.text:_system_pre_init</name>
         <load_address>0x2694</load_address>
         <run_address>0x2694</run_address>
         <size>0x4</size>
         <input_file_ref idref="fl-dc"/>
      </object_component>
      <object_component id="oc-da">
         <name>.text:abort:abort</name>
         <load_address>0x2698</load_address>
         <run_address>0x2698</run_address>
         <size>0x4</size>
         <input_file_ref idref="fl-de"/>
      </object_component>
      <object_component id="oc-312">
         <name>.const:g_pui32GPIOBaseAddrs</name>
         <load_address>0x269c</load_address>
         <run_address>0x269c</run_address>
         <size>0x90</size>
         <input_file_ref idref="fl-1a"/>
      </object_component>
      <object_component id="oc-188">
         <name>.const:g_pui32Xtals</name>
         <load_address>0x272c</load_address>
         <run_address>0x272c</run_address>
         <size>0x6c</size>
         <input_file_ref idref="fl-1c"/>
      </object_component>
      <object_component id="oc-319">
         <name>.const:g_ui16CANBitValues</name>
         <load_address>0x2798</load_address>
         <run_address>0x2798</run_address>
         <size>0x20</size>
         <input_file_ref idref="fl-19"/>
      </object_component>
      <object_component id="oc-2bd">
         <name>.const:ADC_Configurations</name>
         <load_address>0x27b8</load_address>
         <run_address>0x27b8</run_address>
         <size>0x18</size>
         <input_file_ref idref="fl-8"/>
      </object_component>
      <object_component id="oc-2ba">
         <name>.const</name>
         <load_address>0x27d0</load_address>
         <run_address>0x27d0</run_address>
         <size>0x4</size>
         <input_file_ref idref="fl-8"/>
      </object_component>
      <object_component id="oc-14b">
         <name>.const</name>
         <load_address>0x27d4</load_address>
         <run_address>0x27d4</run_address>
         <size>0x1</size>
         <input_file_ref idref="fl-12"/>
      </object_component>
      <object_component id="oc-3c1">
         <name>.cinit..data.load</name>
         <load_address>0x27d8</load_address>
         <run_address>0x27d8</run_address>
         <size>0xd1</size>
      </object_component>
      <object_component id="oc-3be">
         <name>__TI_handler_table</name>
         <load_address>0x28ac</load_address>
         <run_address>0x28ac</run_address>
         <size>0xc</size>
      </object_component>
      <object_component id="oc-3c2">
         <name>.cinit..bss.load</name>
         <load_address>0x28b8</load_address>
         <run_address>0x28b8</run_address>
         <size>0x8</size>
      </object_component>
      <object_component id="oc-3c0">
         <name>.cinit..vtable.load</name>
         <load_address>0x28c0</load_address>
         <run_address>0x28c0</run_address>
         <size>0x8</size>
      </object_component>
      <object_component id="oc-3bf">
         <name>__TI_cinit_table</name>
         <load_address>0x28c8</load_address>
         <run_address>0x28c8</run_address>
         <size>0x18</size>
      </object_component>
      <object_component id="oc-1e5">
         <name>.vtable</name>
         <uninitialized>true</uninitialized>
         <run_address>0x20000000</run_address>
         <size>0x26c</size>
         <input_file_ref idref="fl-1b"/>
      </object_component>
      <object_component id="oc-20f">
         <name>.data</name>
         <load_address>0x20000588</load_address>
         <run_address>0x20000588</run_address>
         <size>0x27</size>
         <input_file_ref idref="fl-3"/>
      </object_component>
      <object_component id="oc-212">
         <name>.data:tempSamples$13</name>
         <load_address>0x200005e0</load_address>
         <run_address>0x200005e0</run_address>
         <size>0x14</size>
         <input_file_ref idref="fl-3"/>
      </object_component>
      <object_component id="oc-326">
         <name>.data:CAN_Errors</name>
         <load_address>0x20000608</load_address>
         <run_address>0x20000608</run_address>
         <size>0x6</size>
         <input_file_ref idref="fl-a"/>
      </object_component>
      <object_component id="oc-285">
         <name>.data:MessagObjects</name>
         <load_address>0x20000510</load_address>
         <run_address>0x20000510</run_address>
         <size>0x78</size>
         <input_file_ref idref="fl-a"/>
      </object_component>
      <object_component id="oc-27c">
         <name>.data:CAN_Modules</name>
         <load_address>0x200005b0</load_address>
         <run_address>0x200005b0</run_address>
         <size>0x18</size>
         <input_file_ref idref="fl-a"/>
      </object_component>
      <object_component id="oc-144">
         <name>.data</name>
         <load_address>0x20000614</load_address>
         <run_address>0x20000614</run_address>
         <size>0x4</size>
         <input_file_ref idref="fl-c"/>
      </object_component>
      <object_component id="oc-2e3">
         <name>.data:UARTS_CONFIG_array</name>
         <load_address>0x200005f4</load_address>
         <run_address>0x200005f4</run_address>
         <size>0xc</size>
         <input_file_ref idref="fl-e"/>
      </object_component>
      <object_component id="oc-2e0">
         <name>.data</name>
         <load_address>0x20000618</load_address>
         <run_address>0x20000618</run_address>
         <size>0x4</size>
         <input_file_ref idref="fl-e"/>
      </object_component>
      <object_component id="oc-309">
         <name>.data:INPUTS_PORTF</name>
         <load_address>0x2000060e</load_address>
         <run_address>0x2000060e</run_address>
         <size>0x6</size>
         <input_file_ref idref="fl-10"/>
      </object_component>
      <object_component id="oc-30c">
         <name>.data:OUTPUTS_PORTF</name>
         <load_address>0x2000061c</load_address>
         <run_address>0x2000061c</run_address>
         <size>0x3</size>
         <input_file_ref idref="fl-10"/>
      </object_component>
      <object_component id="oc-24e">
         <name>.data:Parameters</name>
         <load_address>0x200005c8</load_address>
         <run_address>0x200005c8</run_address>
         <size>0x18</size>
         <input_file_ref idref="fl-10"/>
      </object_component>
      <object_component id="oc-14e">
         <name>.data</name>
         <load_address>0x20000600</load_address>
         <run_address>0x20000600</run_address>
         <size>0x8</size>
         <input_file_ref idref="fl-11"/>
      </object_component>
      <object_component id="oc-148">
         <name>.data:taskList</name>
         <load_address>0x20000470</load_address>
         <run_address>0x20000470</run_address>
         <size>0xa0</size>
         <input_file_ref idref="fl-12"/>
      </object_component>
      <object_component id="oc-20b">
         <name>.common:received_data</name>
         <uninitialized>true</uninitialized>
         <run_address>0x2000063f</run_address>
         <size>0x8</size>
      </object_component>
      <object_component id="oc-20e">
         <name>.common:Queue</name>
         <uninitialized>true</uninitialized>
         <run_address>0x2000061f</run_address>
         <size>0x20</size>
      </object_component>
      <object_component id="oc-24">
         <name>.stack</name>
         <uninitialized>true</uninitialized>
         <run_address>0x20000270</run_address>
         <size>0x4</size>
         <input_file_ref idref="fl-d9"/>
      </object_component>
      <object_component id="oc-3c4">
         <name>.stack</name>
         <uninitialized>true</uninitialized>
         <run_address>0x20000270</run_address>
         <size>0x0</size>
      </object_component>
      <object_component id="oc-2f">
         <name>.debug_info</name>
         <load_address>0x0</load_address>
         <run_address>0x0</run_address>
         <size>0x2da</size>
         <input_file_ref idref="fl-2"/>
      </object_component>
      <object_component id="oc-13">
         <name>.debug_info</name>
         <load_address>0x2da</load_address>
         <run_address>0x2da</run_address>
         <size>0x119</size>
         <input_file_ref idref="fl-2"/>
      </object_component>
      <object_component id="oc-2b">
         <name>.debug_info</name>
         <load_address>0x3f3</load_address>
         <run_address>0x3f3</run_address>
         <size>0x295</size>
         <input_file_ref idref="fl-2"/>
      </object_component>
      <object_component id="oc-70">
         <name>.debug_info</name>
         <load_address>0x688</load_address>
         <run_address>0x688</run_address>
         <size>0x26b</size>
         <input_file_ref idref="fl-2"/>
      </object_component>
      <object_component id="oc-36">
         <name>.debug_info</name>
         <load_address>0x8f3</load_address>
         <run_address>0x8f3</run_address>
         <size>0x84</size>
         <input_file_ref idref="fl-2"/>
      </object_component>
      <object_component id="oc-ad">
         <name>.debug_info</name>
         <load_address>0x977</load_address>
         <run_address>0x977</run_address>
         <size>0x2a4</size>
         <input_file_ref idref="fl-2"/>
      </object_component>
      <object_component id="oc-75">
         <name>.debug_info</name>
         <load_address>0xc1b</load_address>
         <run_address>0xc1b</run_address>
         <size>0xbb</size>
         <input_file_ref idref="fl-2"/>
      </object_component>
      <object_component id="oc-20c">
         <name>.debug_info</name>
         <load_address>0xcd6</load_address>
         <run_address>0xcd6</run_address>
         <size>0x641</size>
         <input_file_ref idref="fl-3"/>
      </object_component>
      <object_component id="oc-210">
         <name>.debug_info</name>
         <load_address>0x1317</load_address>
         <run_address>0x1317</run_address>
         <size>0x24d</size>
         <input_file_ref idref="fl-3"/>
      </object_component>
      <object_component id="oc-1a3">
         <name>.debug_info</name>
         <load_address>0x1564</load_address>
         <run_address>0x1564</run_address>
         <size>0x1037</size>
         <input_file_ref idref="fl-3"/>
      </object_component>
      <object_component id="oc-216">
         <name>.debug_info</name>
         <load_address>0x259b</load_address>
         <run_address>0x259b</run_address>
         <size>0x1b3</size>
         <input_file_ref idref="fl-3"/>
      </object_component>
      <object_component id="oc-1b5">
         <name>.debug_info</name>
         <load_address>0x274e</load_address>
         <run_address>0x274e</run_address>
         <size>0x1e0</size>
         <input_file_ref idref="fl-3"/>
      </object_component>
      <object_component id="oc-1ba">
         <name>.debug_info</name>
         <load_address>0x292e</load_address>
         <run_address>0x292e</run_address>
         <size>0x101</size>
         <input_file_ref idref="fl-3"/>
      </object_component>
      <object_component id="oc-2e8">
         <name>.debug_info</name>
         <load_address>0x2a2f</load_address>
         <run_address>0x2a2f</run_address>
         <size>0x9a</size>
         <input_file_ref idref="fl-3"/>
      </object_component>
      <object_component id="oc-1b0">
         <name>.debug_info</name>
         <load_address>0x2ac9</load_address>
         <run_address>0x2ac9</run_address>
         <size>0xae</size>
         <input_file_ref idref="fl-3"/>
      </object_component>
      <object_component id="oc-346">
         <name>.debug_info</name>
         <load_address>0x2b77</load_address>
         <run_address>0x2b77</run_address>
         <size>0x72</size>
         <input_file_ref idref="fl-3"/>
      </object_component>
      <object_component id="oc-d5">
         <name>.debug_info</name>
         <load_address>0x2be9</load_address>
         <run_address>0x2be9</run_address>
         <size>0x8b</size>
         <input_file_ref idref="fl-3"/>
      </object_component>
      <object_component id="oc-2ed">
         <name>.debug_info</name>
         <load_address>0x2c74</load_address>
         <run_address>0x2c74</run_address>
         <size>0x53</size>
         <input_file_ref idref="fl-3"/>
      </object_component>
      <object_component id="oc-9c">
         <name>.debug_info</name>
         <load_address>0x2cc7</load_address>
         <run_address>0x2cc7</run_address>
         <size>0x171</size>
         <input_file_ref idref="fl-4"/>
      </object_component>
      <object_component id="oc-b9">
         <name>.debug_info</name>
         <load_address>0x2e38</load_address>
         <run_address>0x2e38</run_address>
         <size>0x2c</size>
         <input_file_ref idref="fl-4"/>
      </object_component>
      <object_component id="oc-208">
         <name>.debug_info</name>
         <load_address>0x2e64</load_address>
         <run_address>0x2e64</run_address>
         <size>0x490</size>
         <input_file_ref idref="fl-6"/>
      </object_component>
      <object_component id="oc-2c1">
         <name>.debug_info</name>
         <load_address>0x32f4</load_address>
         <run_address>0x32f4</run_address>
         <size>0x58f</size>
         <input_file_ref idref="fl-7"/>
      </object_component>
      <object_component id="oc-1fb">
         <name>.debug_info</name>
         <load_address>0x3883</load_address>
         <run_address>0x3883</run_address>
         <size>0x4a1</size>
         <input_file_ref idref="fl-7"/>
      </object_component>
      <object_component id="oc-341">
         <name>.debug_info</name>
         <load_address>0x3d24</load_address>
         <run_address>0x3d24</run_address>
         <size>0x112</size>
         <input_file_ref idref="fl-8"/>
      </object_component>
      <object_component id="oc-2be">
         <name>.debug_info</name>
         <load_address>0x3e36</load_address>
         <run_address>0x3e36</run_address>
         <size>0x11d</size>
         <input_file_ref idref="fl-8"/>
      </object_component>
      <object_component id="oc-2bb">
         <name>.debug_info</name>
         <load_address>0x3f53</load_address>
         <run_address>0x3f53</run_address>
         <size>0x129</size>
         <input_file_ref idref="fl-8"/>
      </object_component>
      <object_component id="oc-289">
         <name>.debug_info</name>
         <load_address>0x407c</load_address>
         <run_address>0x407c</run_address>
         <size>0x56d</size>
         <input_file_ref idref="fl-9"/>
      </object_component>
      <object_component id="oc-1f7">
         <name>.debug_info</name>
         <load_address>0x45e9</load_address>
         <run_address>0x45e9</run_address>
         <size>0x7e7</size>
         <input_file_ref idref="fl-9"/>
      </object_component>
      <object_component id="oc-32b">
         <name>.debug_info</name>
         <load_address>0x4dd0</load_address>
         <run_address>0x4dd0</run_address>
         <size>0x12b</size>
         <input_file_ref idref="fl-a"/>
      </object_component>
      <object_component id="oc-327">
         <name>.debug_info</name>
         <load_address>0x4efb</load_address>
         <run_address>0x4efb</run_address>
         <size>0x110</size>
         <input_file_ref idref="fl-a"/>
      </object_component>
      <object_component id="oc-286">
         <name>.debug_info</name>
         <load_address>0x500b</load_address>
         <run_address>0x500b</run_address>
         <size>0x116</size>
         <input_file_ref idref="fl-a"/>
      </object_component>
      <object_component id="oc-27d">
         <name>.debug_info</name>
         <load_address>0x5121</load_address>
         <run_address>0x5121</run_address>
         <size>0x112</size>
         <input_file_ref idref="fl-a"/>
      </object_component>
      <object_component id="oc-2f4">
         <name>.debug_info</name>
         <load_address>0x5233</load_address>
         <run_address>0x5233</run_address>
         <size>0x2db</size>
         <input_file_ref idref="fl-b"/>
      </object_component>
      <object_component id="oc-1a0">
         <name>.debug_info</name>
         <load_address>0x550e</load_address>
         <run_address>0x550e</run_address>
         <size>0x3ab</size>
         <input_file_ref idref="fl-c"/>
      </object_component>
      <object_component id="oc-145">
         <name>.debug_info</name>
         <load_address>0x58b9</load_address>
         <run_address>0x58b9</run_address>
         <size>0x116</size>
         <input_file_ref idref="fl-c"/>
      </object_component>
      <object_component id="oc-cb">
         <name>.debug_info</name>
         <load_address>0x59cf</load_address>
         <run_address>0x59cf</run_address>
         <size>0x2b0</size>
         <input_file_ref idref="fl-c"/>
      </object_component>
      <object_component id="oc-2e7">
         <name>.debug_info</name>
         <load_address>0x5c7f</load_address>
         <run_address>0x5c7f</run_address>
         <size>0x4af</size>
         <input_file_ref idref="fl-d"/>
      </object_component>
      <object_component id="oc-203">
         <name>.debug_info</name>
         <load_address>0x612e</load_address>
         <run_address>0x612e</run_address>
         <size>0x68d</size>
         <input_file_ref idref="fl-d"/>
      </object_component>
      <object_component id="oc-361">
         <name>.debug_info</name>
         <load_address>0x67bb</load_address>
         <run_address>0x67bb</run_address>
         <size>0x10f</size>
         <input_file_ref idref="fl-e"/>
      </object_component>
      <object_component id="oc-2e4">
         <name>.debug_info</name>
         <load_address>0x68ca</load_address>
         <run_address>0x68ca</run_address>
         <size>0x124</size>
         <input_file_ref idref="fl-e"/>
      </object_component>
      <object_component id="oc-2e1">
         <name>.debug_info</name>
         <load_address>0x69ee</load_address>
         <run_address>0x69ee</run_address>
         <size>0x12a</size>
         <input_file_ref idref="fl-e"/>
      </object_component>
      <object_component id="oc-1ee">
         <name>.debug_info</name>
         <load_address>0x6b18</load_address>
         <run_address>0x6b18</run_address>
         <size>0x24d</size>
         <input_file_ref idref="fl-f"/>
      </object_component>
      <object_component id="oc-311">
         <name>.debug_info</name>
         <load_address>0x6d65</load_address>
         <run_address>0x6d65</run_address>
         <size>0x134</size>
         <input_file_ref idref="fl-10"/>
      </object_component>
      <object_component id="oc-30a">
         <name>.debug_info</name>
         <load_address>0x6e99</load_address>
         <run_address>0x6e99</run_address>
         <size>0x115</size>
         <input_file_ref idref="fl-10"/>
      </object_component>
      <object_component id="oc-30d">
         <name>.debug_info</name>
         <load_address>0x6fae</load_address>
         <run_address>0x6fae</run_address>
         <size>0x117</size>
         <input_file_ref idref="fl-10"/>
      </object_component>
      <object_component id="oc-24f">
         <name>.debug_info</name>
         <load_address>0x70c5</load_address>
         <run_address>0x70c5</run_address>
         <size>0x111</size>
         <input_file_ref idref="fl-10"/>
      </object_component>
      <object_component id="oc-152">
         <name>.debug_info</name>
         <load_address>0x71d6</load_address>
         <run_address>0x71d6</run_address>
         <size>0x32b</size>
         <input_file_ref idref="fl-11"/>
      </object_component>
      <object_component id="oc-14f">
         <name>.debug_info</name>
         <load_address>0x7501</load_address>
         <run_address>0x7501</run_address>
         <size>0x132</size>
         <input_file_ref idref="fl-11"/>
      </object_component>
      <object_component id="oc-d1">
         <name>.debug_info</name>
         <load_address>0x7633</load_address>
         <run_address>0x7633</run_address>
         <size>0x3b4</size>
         <input_file_ref idref="fl-11"/>
      </object_component>
      <object_component id="oc-1a9">
         <name>.debug_info</name>
         <load_address>0x79e7</load_address>
         <run_address>0x79e7</run_address>
         <size>0x2a1</size>
         <input_file_ref idref="fl-12"/>
      </object_component>
      <object_component id="oc-149">
         <name>.debug_info</name>
         <load_address>0x7c88</load_address>
         <run_address>0x7c88</run_address>
         <size>0x105</size>
         <input_file_ref idref="fl-12"/>
      </object_component>
      <object_component id="oc-14c">
         <name>.debug_info</name>
         <load_address>0x7d8d</load_address>
         <run_address>0x7d8d</run_address>
         <size>0x113</size>
         <input_file_ref idref="fl-12"/>
      </object_component>
      <object_component id="oc-1e0">
         <name>.debug_info</name>
         <load_address>0x7ea0</load_address>
         <run_address>0x7ea0</run_address>
         <size>0x3ba</size>
         <input_file_ref idref="fl-18"/>
      </object_component>
      <object_component id="oc-29a">
         <name>.debug_info</name>
         <load_address>0x825a</load_address>
         <run_address>0x825a</run_address>
         <size>0x33c</size>
         <input_file_ref idref="fl-18"/>
      </object_component>
      <object_component id="oc-2a0">
         <name>.debug_info</name>
         <load_address>0x8596</load_address>
         <run_address>0x8596</run_address>
         <size>0x2a9</size>
         <input_file_ref idref="fl-18"/>
      </object_component>
      <object_component id="oc-2b8">
         <name>.debug_info</name>
         <load_address>0x883f</load_address>
         <run_address>0x883f</run_address>
         <size>0x308</size>
         <input_file_ref idref="fl-18"/>
      </object_component>
      <object_component id="oc-294">
         <name>.debug_info</name>
         <load_address>0x8b47</load_address>
         <run_address>0x8b47</run_address>
         <size>0x32f</size>
         <input_file_ref idref="fl-18"/>
      </object_component>
      <object_component id="oc-2ac">
         <name>.debug_info</name>
         <load_address>0x8e76</load_address>
         <run_address>0x8e76</run_address>
         <size>0x2ad</size>
         <input_file_ref idref="fl-18"/>
      </object_component>
      <object_component id="oc-2b2">
         <name>.debug_info</name>
         <load_address>0x9123</load_address>
         <run_address>0x9123</run_address>
         <size>0x2f0</size>
         <input_file_ref idref="fl-18"/>
      </object_component>
      <object_component id="oc-2a6">
         <name>.debug_info</name>
         <load_address>0x9413</load_address>
         <run_address>0x9413</run_address>
         <size>0x29d</size>
         <input_file_ref idref="fl-18"/>
      </object_component>
      <object_component id="oc-183">
         <name>.debug_info</name>
         <load_address>0x96b0</load_address>
         <run_address>0x96b0</run_address>
         <size>0x26b</size>
         <input_file_ref idref="fl-18"/>
      </object_component>
      <object_component id="oc-173">
         <name>.debug_info</name>
         <load_address>0x991b</load_address>
         <run_address>0x991b</run_address>
         <size>0x297</size>
         <input_file_ref idref="fl-18"/>
      </object_component>
      <object_component id="oc-17e">
         <name>.debug_info</name>
         <load_address>0x9bb2</load_address>
         <run_address>0x9bb2</run_address>
         <size>0xef</size>
         <input_file_ref idref="fl-18"/>
      </object_component>
      <object_component id="oc-11a">
         <name>.debug_info</name>
         <load_address>0x9ca1</load_address>
         <run_address>0x9ca1</run_address>
         <size>0xbb</size>
         <input_file_ref idref="fl-18"/>
      </object_component>
      <object_component id="oc-318">
         <name>.debug_info</name>
         <load_address>0x9d5c</load_address>
         <run_address>0x9d5c</run_address>
         <size>0x3d0</size>
         <input_file_ref idref="fl-19"/>
      </object_component>
      <object_component id="oc-31a">
         <name>.debug_info</name>
         <load_address>0xa12c</load_address>
         <run_address>0xa12c</run_address>
         <size>0x15f</size>
         <input_file_ref idref="fl-19"/>
      </object_component>
      <object_component id="oc-321">
         <name>.debug_info</name>
         <load_address>0xa28b</load_address>
         <run_address>0xa28b</run_address>
         <size>0x2e6</size>
         <input_file_ref idref="fl-19"/>
      </object_component>
      <object_component id="oc-278">
         <name>.debug_info</name>
         <load_address>0xa571</load_address>
         <run_address>0xa571</run_address>
         <size>0x41c</size>
         <input_file_ref idref="fl-19"/>
      </object_component>
      <object_component id="oc-32e">
         <name>.debug_info</name>
         <load_address>0xa98d</load_address>
         <run_address>0xa98d</run_address>
         <size>0x2e7</size>
         <input_file_ref idref="fl-19"/>
      </object_component>
      <object_component id="oc-281">
         <name>.debug_info</name>
         <load_address>0xac74</load_address>
         <run_address>0xac74</run_address>
         <size>0x3f1</size>
         <input_file_ref idref="fl-19"/>
      </object_component>
      <object_component id="oc-272">
         <name>.debug_info</name>
         <load_address>0xb065</load_address>
         <run_address>0xb065</run_address>
         <size>0x293</size>
         <input_file_ref idref="fl-19"/>
      </object_component>
      <object_component id="oc-260">
         <name>.debug_info</name>
         <load_address>0xb2f8</load_address>
         <run_address>0xb2f8</run_address>
         <size>0x275</size>
         <input_file_ref idref="fl-19"/>
      </object_component>
      <object_component id="oc-26c">
         <name>.debug_info</name>
         <load_address>0xb56d</load_address>
         <run_address>0xb56d</run_address>
         <size>0x24b</size>
         <input_file_ref idref="fl-19"/>
      </object_component>
      <object_component id="oc-267">
         <name>.debug_info</name>
         <load_address>0xb7b8</load_address>
         <run_address>0xb7b8</run_address>
         <size>0x369</size>
         <input_file_ref idref="fl-19"/>
      </object_component>
      <object_component id="oc-37e">
         <name>.debug_info</name>
         <load_address>0xbb21</load_address>
         <run_address>0xbb21</run_address>
         <size>0x1b3</size>
         <input_file_ref idref="fl-19"/>
      </object_component>
      <object_component id="oc-306">
         <name>.debug_info</name>
         <load_address>0xbcd4</load_address>
         <run_address>0xbcd4</run_address>
         <size>0x3e4</size>
         <input_file_ref idref="fl-1a"/>
      </object_component>
      <object_component id="oc-313">
         <name>.debug_info</name>
         <load_address>0xc0b8</load_address>
         <run_address>0xc0b8</run_address>
         <size>0x164</size>
         <input_file_ref idref="fl-1a"/>
      </object_component>
      <object_component id="oc-36b">
         <name>.debug_info</name>
         <load_address>0xc21c</load_address>
         <run_address>0xc21c</run_address>
         <size>0x2ac</size>
         <input_file_ref idref="fl-1a"/>
      </object_component>
      <object_component id="oc-300">
         <name>.debug_info</name>
         <load_address>0xc4c8</load_address>
         <run_address>0xc4c8</run_address>
         <size>0x2bc</size>
         <input_file_ref idref="fl-1a"/>
      </object_component>
      <object_component id="oc-243">
         <name>.debug_info</name>
         <load_address>0xc784</load_address>
         <run_address>0xc784</run_address>
         <size>0x31f</size>
         <input_file_ref idref="fl-1a"/>
      </object_component>
      <object_component id="oc-2d5">
         <name>.debug_info</name>
         <load_address>0xcaa3</load_address>
         <run_address>0xcaa3</run_address>
         <size>0x29b</size>
         <input_file_ref idref="fl-1a"/>
      </object_component>
      <object_component id="oc-249">
         <name>.debug_info</name>
         <load_address>0xcd3e</load_address>
         <run_address>0xcd3e</run_address>
         <size>0x2c0</size>
         <input_file_ref idref="fl-1a"/>
      </object_component>
      <object_component id="oc-23f">
         <name>.debug_info</name>
         <load_address>0xcffe</load_address>
         <run_address>0xcffe</run_address>
         <size>0x2a5</size>
         <input_file_ref idref="fl-1a"/>
      </object_component>
      <object_component id="oc-259">
         <name>.debug_info</name>
         <load_address>0xd2a3</load_address>
         <run_address>0xd2a3</run_address>
         <size>0x299</size>
         <input_file_ref idref="fl-1a"/>
      </object_component>
      <object_component id="oc-28b">
         <name>.debug_info</name>
         <load_address>0xd53c</load_address>
         <run_address>0xd53c</run_address>
         <size>0x299</size>
         <input_file_ref idref="fl-1a"/>
      </object_component>
      <object_component id="oc-365">
         <name>.debug_info</name>
         <load_address>0xd7d5</load_address>
         <run_address>0xd7d5</run_address>
         <size>0x284</size>
         <input_file_ref idref="fl-1a"/>
      </object_component>
      <object_component id="oc-253">
         <name>.debug_info</name>
         <load_address>0xda59</load_address>
         <run_address>0xda59</run_address>
         <size>0x289</size>
         <input_file_ref idref="fl-1a"/>
      </object_component>
      <object_component id="oc-1e9">
         <name>.debug_info</name>
         <load_address>0xdce2</load_address>
         <run_address>0xdce2</run_address>
         <size>0x3b7</size>
         <input_file_ref idref="fl-1b"/>
      </object_component>
      <object_component id="oc-1e6">
         <name>.debug_info</name>
         <load_address>0xe099</load_address>
         <run_address>0xe099</run_address>
         <size>0x160</size>
         <input_file_ref idref="fl-1b"/>
      </object_component>
      <object_component id="oc-18f">
         <name>.debug_info</name>
         <load_address>0xe1f9</load_address>
         <run_address>0xe1f9</run_address>
         <size>0x2ca</size>
         <input_file_ref idref="fl-1b"/>
      </object_component>
      <object_component id="oc-13f">
         <name>.debug_info</name>
         <load_address>0xe4c3</load_address>
         <run_address>0xe4c3</run_address>
         <size>0x247</size>
         <input_file_ref idref="fl-1b"/>
      </object_component>
      <object_component id="oc-11f">
         <name>.debug_info</name>
         <load_address>0xe70a</load_address>
         <run_address>0xe70a</run_address>
         <size>0x441</size>
         <input_file_ref idref="fl-1c"/>
      </object_component>
      <object_component id="oc-189">
         <name>.debug_info</name>
         <load_address>0xeb4b</load_address>
         <run_address>0xeb4b</run_address>
         <size>0x156</size>
         <input_file_ref idref="fl-1c"/>
      </object_component>
      <object_component id="oc-237">
         <name>.debug_info</name>
         <load_address>0xeca1</load_address>
         <run_address>0xeca1</run_address>
         <size>0x288</size>
         <input_file_ref idref="fl-1c"/>
      </object_component>
      <object_component id="oc-231">
         <name>.debug_info</name>
         <load_address>0xef29</load_address>
         <run_address>0xef29</run_address>
         <size>0x286</size>
         <input_file_ref idref="fl-1c"/>
      </object_component>
      <object_component id="oc-c3">
         <name>.debug_info</name>
         <load_address>0xf1af</load_address>
         <run_address>0xf1af</run_address>
         <size>0x2e4</size>
         <input_file_ref idref="fl-1c"/>
      </object_component>
      <object_component id="oc-121">
         <name>.debug_info</name>
         <load_address>0xf493</load_address>
         <run_address>0xf493</run_address>
         <size>0x2be</size>
         <input_file_ref idref="fl-1c"/>
      </object_component>
      <object_component id="oc-17a">
         <name>.debug_info</name>
         <load_address>0xf751</load_address>
         <run_address>0xf751</run_address>
         <size>0x51</size>
         <input_file_ref idref="fl-1c"/>
      </object_component>
      <object_component id="oc-18d">
         <name>.debug_info</name>
         <load_address>0xf7a2</load_address>
         <run_address>0xf7a2</run_address>
         <size>0x346</size>
         <input_file_ref idref="fl-1d"/>
      </object_component>
      <object_component id="oc-129">
         <name>.debug_info</name>
         <load_address>0xfae8</load_address>
         <run_address>0xfae8</run_address>
         <size>0x26a</size>
         <input_file_ref idref="fl-1d"/>
      </object_component>
      <object_component id="oc-12f">
         <name>.debug_info</name>
         <load_address>0xfd52</load_address>
         <run_address>0xfd52</run_address>
         <size>0x280</size>
         <input_file_ref idref="fl-1d"/>
      </object_component>
      <object_component id="oc-135">
         <name>.debug_info</name>
         <load_address>0xffd2</load_address>
         <run_address>0xffd2</run_address>
         <size>0x230</size>
         <input_file_ref idref="fl-1d"/>
      </object_component>
      <object_component id="oc-13b">
         <name>.debug_info</name>
         <load_address>0x10202</load_address>
         <run_address>0x10202</run_address>
         <size>0x22a</size>
         <input_file_ref idref="fl-1d"/>
      </object_component>
      <object_component id="oc-34c">
         <name>.debug_info</name>
         <load_address>0x1042c</load_address>
         <run_address>0x1042c</run_address>
         <size>0x3cb</size>
         <input_file_ref idref="fl-1e"/>
      </object_component>
      <object_component id="oc-357">
         <name>.debug_info</name>
         <load_address>0x107f7</load_address>
         <run_address>0x107f7</run_address>
         <size>0x250</size>
         <input_file_ref idref="fl-1e"/>
      </object_component>
      <object_component id="oc-351">
         <name>.debug_info</name>
         <load_address>0x10a47</load_address>
         <run_address>0x10a47</run_address>
         <size>0x252</size>
         <input_file_ref idref="fl-1e"/>
      </object_component>
      <object_component id="oc-2db">
         <name>.debug_info</name>
         <load_address>0x10c99</load_address>
         <run_address>0x10c99</run_address>
         <size>0x32f</size>
         <input_file_ref idref="fl-1e"/>
      </object_component>
      <object_component id="oc-2c9">
         <name>.debug_info</name>
         <load_address>0x10fc8</load_address>
         <run_address>0x10fc8</run_address>
         <size>0x25c</size>
         <input_file_ref idref="fl-1e"/>
      </object_component>
      <object_component id="oc-2c3">
         <name>.debug_info</name>
         <load_address>0x11224</load_address>
         <run_address>0x11224</run_address>
         <size>0x27c</size>
         <input_file_ref idref="fl-1e"/>
      </object_component>
      <object_component id="oc-2cf">
         <name>.debug_info</name>
         <load_address>0x114a0</load_address>
         <run_address>0x114a0</run_address>
         <size>0x256</size>
         <input_file_ref idref="fl-1e"/>
      </object_component>
      <object_component id="oc-198">
         <name>.debug_info</name>
         <load_address>0x116f6</load_address>
         <run_address>0x116f6</run_address>
         <size>0x21b</size>
         <input_file_ref idref="fl-1f"/>
      </object_component>
      <object_component id="oc-90">
         <name>.debug_info</name>
         <load_address>0x11911</load_address>
         <run_address>0x11911</run_address>
         <size>0x147</size>
         <input_file_ref idref="fl-d5"/>
      </object_component>
      <object_component id="oc-8e">
         <name>.debug_info</name>
         <load_address>0x11a58</load_address>
         <run_address>0x11a58</run_address>
         <size>0x2d4</size>
         <input_file_ref idref="fl-d6"/>
      </object_component>
      <object_component id="oc-48">
         <name>.debug_info</name>
         <load_address>0x11d2c</load_address>
         <run_address>0x11d2c</run_address>
         <size>0x1d2</size>
         <input_file_ref idref="fl-d6"/>
      </object_component>
      <object_component id="oc-89">
         <name>.debug_info</name>
         <load_address>0x11efe</load_address>
         <run_address>0x11efe</run_address>
         <size>0x46</size>
         <input_file_ref idref="fl-d6"/>
      </object_component>
      <object_component id="oc-46">
         <name>.debug_info</name>
         <load_address>0x11f44</load_address>
         <run_address>0x11f44</run_address>
         <size>0x2a8</size>
         <input_file_ref idref="fl-d7"/>
      </object_component>
      <object_component id="oc-1c">
         <name>.debug_info</name>
         <load_address>0x121ec</load_address>
         <run_address>0x121ec</run_address>
         <size>0x1ea</size>
         <input_file_ref idref="fl-d7"/>
      </object_component>
      <object_component id="oc-41">
         <name>.debug_info</name>
         <load_address>0x123d6</load_address>
         <run_address>0x123d6</run_address>
         <size>0x46</size>
         <input_file_ref idref="fl-d7"/>
      </object_component>
      <object_component id="oc-81">
         <name>.debug_info</name>
         <load_address>0x1241c</load_address>
         <run_address>0x1241c</run_address>
         <size>0x2c</size>
         <input_file_ref idref="fl-d7"/>
      </object_component>
      <object_component id="oc-7f">
         <name>.debug_info</name>
         <load_address>0x12448</load_address>
         <run_address>0x12448</run_address>
         <size>0x29e</size>
         <input_file_ref idref="fl-d8"/>
      </object_component>
      <object_component id="oc-18">
         <name>.debug_info</name>
         <load_address>0x126e6</load_address>
         <run_address>0x126e6</run_address>
         <size>0x250</size>
         <input_file_ref idref="fl-d8"/>
      </object_component>
      <object_component id="oc-31">
         <name>.debug_info</name>
         <load_address>0x12936</load_address>
         <run_address>0x12936</run_address>
         <size>0x60</size>
         <input_file_ref idref="fl-d8"/>
      </object_component>
      <object_component id="oc-b2">
         <name>.debug_info</name>
         <load_address>0x12996</load_address>
         <run_address>0x12996</run_address>
         <size>0x46</size>
         <input_file_ref idref="fl-d8"/>
      </object_component>
      <object_component id="oc-7a">
         <name>.debug_info</name>
         <load_address>0x129dc</load_address>
         <run_address>0x129dc</run_address>
         <size>0x39</size>
         <input_file_ref idref="fl-d8"/>
      </object_component>
      <object_component id="oc-25">
         <name>.debug_info</name>
         <load_address>0x12a15</load_address>
         <run_address>0x12a15</run_address>
         <size>0x10b</size>
         <input_file_ref idref="fl-d9"/>
      </object_component>
      <object_component id="oc-5b">
         <name>.debug_info</name>
         <load_address>0x12b20</load_address>
         <run_address>0x12b20</run_address>
         <size>0x1a9</size>
         <input_file_ref idref="fl-d9"/>
      </object_component>
      <object_component id="oc-3c">
         <name>.debug_info</name>
         <load_address>0x12cc9</load_address>
         <run_address>0x12cc9</run_address>
         <size>0x119</size>
         <input_file_ref idref="fl-da"/>
      </object_component>
      <object_component id="oc-15e">
         <name>.debug_info</name>
         <load_address>0x12de2</load_address>
         <run_address>0x12de2</run_address>
         <size>0x4b3</size>
         <input_file_ref idref="fl-db"/>
      </object_component>
      <object_component id="oc-e7">
         <name>.debug_info</name>
         <load_address>0x13295</load_address>
         <run_address>0x13295</run_address>
         <size>0x1a6</size>
         <input_file_ref idref="fl-db"/>
      </object_component>
      <object_component id="oc-1cf">
         <name>.debug_info</name>
         <load_address>0x1343b</load_address>
         <run_address>0x1343b</run_address>
         <size>0x39</size>
         <input_file_ref idref="fl-db"/>
      </object_component>
      <object_component id="oc-21e">
         <name>.debug_info</name>
         <load_address>0x13474</load_address>
         <run_address>0x13474</run_address>
         <size>0x39</size>
         <input_file_ref idref="fl-db"/>
      </object_component>
      <object_component id="oc-1d4">
         <name>.debug_info</name>
         <load_address>0x134ad</load_address>
         <run_address>0x134ad</run_address>
         <size>0x39</size>
         <input_file_ref idref="fl-db"/>
      </object_component>
      <object_component id="oc-1d9">
         <name>.debug_info</name>
         <load_address>0x134e6</load_address>
         <run_address>0x134e6</run_address>
         <size>0xcd</size>
         <input_file_ref idref="fl-db"/>
      </object_component>
      <object_component id="oc-99">
         <name>.debug_info</name>
         <load_address>0x135b3</load_address>
         <run_address>0x135b3</run_address>
         <size>0x153</size>
         <input_file_ref idref="fl-dc"/>
      </object_component>
      <object_component id="oc-dc">
         <name>.debug_info</name>
         <load_address>0x13706</load_address>
         <run_address>0x13706</run_address>
         <size>0x122</size>
         <input_file_ref idref="fl-de"/>
      </object_component>
      <object_component id="oc-3c5">
         <name>.debug_info</name>
         <load_address>0x13828</load_address>
         <run_address>0x13828</run_address>
         <size>0xcc</size>
      </object_component>
      <object_component id="oc-6f">
         <name>.debug_line</name>
         <load_address>0x0</load_address>
         <run_address>0x0</run_address>
         <size>0x41</size>
         <input_file_ref idref="fl-2"/>
      </object_component>
      <object_component id="oc-2e">
         <name>.debug_line</name>
         <load_address>0x41</load_address>
         <run_address>0x41</run_address>
         <size>0x41</size>
         <input_file_ref idref="fl-2"/>
      </object_component>
      <object_component id="oc-29">
         <name>.debug_line</name>
         <load_address>0x82</load_address>
         <run_address>0x82</run_address>
         <size>0xa1</size>
         <input_file_ref idref="fl-2"/>
      </object_component>
      <object_component id="oc-73">
         <name>.debug_line</name>
         <load_address>0x123</load_address>
         <run_address>0x123</run_address>
         <size>0x6f</size>
         <input_file_ref idref="fl-2"/>
      </object_component>
      <object_component id="oc-39">
         <name>.debug_line</name>
         <load_address>0x192</load_address>
         <run_address>0x192</run_address>
         <size>0x20</size>
         <input_file_ref idref="fl-2"/>
      </object_component>
      <object_component id="oc-b0">
         <name>.debug_line</name>
         <load_address>0x1b2</load_address>
         <run_address>0x1b2</run_address>
         <size>0x73</size>
         <input_file_ref idref="fl-2"/>
      </object_component>
      <object_component id="oc-78">
         <name>.debug_line</name>
         <load_address>0x225</load_address>
         <run_address>0x225</run_address>
         <size>0x70</size>
         <input_file_ref idref="fl-2"/>
      </object_component>
      <object_component id="oc-2fa">
         <name>.debug_line</name>
         <load_address>0x295</load_address>
         <run_address>0x295</run_address>
         <size>0x141</size>
         <input_file_ref idref="fl-3"/>
      </object_component>
      <object_component id="oc-2fc">
         <name>.debug_line</name>
         <load_address>0x3d6</load_address>
         <run_address>0x3d6</run_address>
         <size>0x38</size>
         <input_file_ref idref="fl-3"/>
      </object_component>
      <object_component id="oc-1a2">
         <name>.debug_line</name>
         <load_address>0x40e</load_address>
         <run_address>0x40e</run_address>
         <size>0x455</size>
         <input_file_ref idref="fl-3"/>
      </object_component>
      <object_component id="oc-219">
         <name>.debug_line</name>
         <load_address>0x863</load_address>
         <run_address>0x863</run_address>
         <size>0x55</size>
         <input_file_ref idref="fl-3"/>
      </object_component>
      <object_component id="oc-1b8">
         <name>.debug_line</name>
         <load_address>0x8b8</load_address>
         <run_address>0x8b8</run_address>
         <size>0x45</size>
         <input_file_ref idref="fl-3"/>
      </object_component>
      <object_component id="oc-1bd">
         <name>.debug_line</name>
         <load_address>0x8fd</load_address>
         <run_address>0x8fd</run_address>
         <size>0x47</size>
         <input_file_ref idref="fl-3"/>
      </object_component>
      <object_component id="oc-2eb">
         <name>.debug_line</name>
         <load_address>0x944</load_address>
         <run_address>0x944</run_address>
         <size>0x49</size>
         <input_file_ref idref="fl-3"/>
      </object_component>
      <object_component id="oc-1b3">
         <name>.debug_line</name>
         <load_address>0x98d</load_address>
         <run_address>0x98d</run_address>
         <size>0x3e</size>
         <input_file_ref idref="fl-3"/>
      </object_component>
      <object_component id="oc-349">
         <name>.debug_line</name>
         <load_address>0x9cb</load_address>
         <run_address>0x9cb</run_address>
         <size>0x45</size>
         <input_file_ref idref="fl-3"/>
      </object_component>
      <object_component id="oc-d8">
         <name>.debug_line</name>
         <load_address>0xa10</load_address>
         <run_address>0xa10</run_address>
         <size>0x20</size>
         <input_file_ref idref="fl-3"/>
      </object_component>
      <object_component id="oc-2f0">
         <name>.debug_line</name>
         <load_address>0xa30</load_address>
         <run_address>0xa30</run_address>
         <size>0x6b</size>
         <input_file_ref idref="fl-3"/>
      </object_component>
      <object_component id="oc-9f">
         <name>.debug_line</name>
         <load_address>0xa9b</load_address>
         <run_address>0xa9b</run_address>
         <size>0x4e</size>
         <input_file_ref idref="fl-4"/>
      </object_component>
      <object_component id="oc-bc">
         <name>.debug_line</name>
         <load_address>0xae9</load_address>
         <run_address>0xae9</run_address>
         <size>0x6b</size>
         <input_file_ref idref="fl-4"/>
      </object_component>
      <object_component id="oc-206">
         <name>.debug_line</name>
         <load_address>0xb54</load_address>
         <run_address>0xb54</run_address>
         <size>0xdd</size>
         <input_file_ref idref="fl-6"/>
      </object_component>
      <object_component id="oc-345">
         <name>.debug_line</name>
         <load_address>0xc31</load_address>
         <run_address>0xc31</run_address>
         <size>0xd8</size>
         <input_file_ref idref="fl-7"/>
      </object_component>
      <object_component id="oc-1fa">
         <name>.debug_line</name>
         <load_address>0xd09</load_address>
         <run_address>0xd09</run_address>
         <size>0xf3</size>
         <input_file_ref idref="fl-7"/>
      </object_component>
      <object_component id="oc-38c">
         <name>.debug_line</name>
         <load_address>0xdfc</load_address>
         <run_address>0xdfc</run_address>
         <size>0x20</size>
         <input_file_ref idref="fl-8"/>
      </object_component>
      <object_component id="oc-343">
         <name>.debug_line</name>
         <load_address>0xe1c</load_address>
         <run_address>0xe1c</run_address>
         <size>0x39</size>
         <input_file_ref idref="fl-8"/>
      </object_component>
      <object_component id="oc-340">
         <name>.debug_line</name>
         <load_address>0xe55</load_address>
         <run_address>0xe55</run_address>
         <size>0x39</size>
         <input_file_ref idref="fl-8"/>
      </object_component>
      <object_component id="oc-336">
         <name>.debug_line</name>
         <load_address>0xe8e</load_address>
         <run_address>0xe8e</run_address>
         <size>0x11a</size>
         <input_file_ref idref="fl-9"/>
      </object_component>
      <object_component id="oc-1f4">
         <name>.debug_line</name>
         <load_address>0xfa8</load_address>
         <run_address>0xfa8</run_address>
         <size>0x1c4</size>
         <input_file_ref idref="fl-9"/>
      </object_component>
      <object_component id="oc-389">
         <name>.debug_line</name>
         <load_address>0x116c</load_address>
         <run_address>0x116c</run_address>
         <size>0x20</size>
         <input_file_ref idref="fl-a"/>
      </object_component>
      <object_component id="oc-387">
         <name>.debug_line</name>
         <load_address>0x118c</load_address>
         <run_address>0x118c</run_address>
         <size>0x3c</size>
         <input_file_ref idref="fl-a"/>
      </object_component>
      <object_component id="oc-334">
         <name>.debug_line</name>
         <load_address>0x11c8</load_address>
         <run_address>0x11c8</run_address>
         <size>0x3c</size>
         <input_file_ref idref="fl-a"/>
      </object_component>
      <object_component id="oc-32a">
         <name>.debug_line</name>
         <load_address>0x1204</load_address>
         <run_address>0x1204</run_address>
         <size>0x3c</size>
         <input_file_ref idref="fl-a"/>
      </object_component>
      <object_component id="oc-2f3">
         <name>.debug_line</name>
         <load_address>0x1240</load_address>
         <run_address>0x1240</run_address>
         <size>0x76</size>
         <input_file_ref idref="fl-b"/>
      </object_component>
      <object_component id="oc-1ec">
         <name>.debug_line</name>
         <load_address>0x12b6</load_address>
         <run_address>0x12b6</run_address>
         <size>0xcc</size>
         <input_file_ref idref="fl-c"/>
      </object_component>
      <object_component id="oc-19f">
         <name>.debug_line</name>
         <load_address>0x1382</load_address>
         <run_address>0x1382</run_address>
         <size>0x3e</size>
         <input_file_ref idref="fl-c"/>
      </object_component>
      <object_component id="oc-ca">
         <name>.debug_line</name>
         <load_address>0x13c0</load_address>
         <run_address>0x13c0</run_address>
         <size>0x76</size>
         <input_file_ref idref="fl-c"/>
      </object_component>
      <object_component id="oc-363">
         <name>.debug_line</name>
         <load_address>0x1436</load_address>
         <run_address>0x1436</run_address>
         <size>0xe4</size>
         <input_file_ref idref="fl-d"/>
      </object_component>
      <object_component id="oc-200">
         <name>.debug_line</name>
         <load_address>0x151a</load_address>
         <run_address>0x151a</run_address>
         <size>0x193</size>
         <input_file_ref idref="fl-d"/>
      </object_component>
      <object_component id="oc-392">
         <name>.debug_line</name>
         <load_address>0x16ad</load_address>
         <run_address>0x16ad</run_address>
         <size>0x20</size>
         <input_file_ref idref="fl-e"/>
      </object_component>
      <object_component id="oc-360">
         <name>.debug_line</name>
         <load_address>0x16cd</load_address>
         <run_address>0x16cd</run_address>
         <size>0x40</size>
         <input_file_ref idref="fl-e"/>
      </object_component>
      <object_component id="oc-35e">
         <name>.debug_line</name>
         <load_address>0x170d</load_address>
         <run_address>0x170d</run_address>
         <size>0x40</size>
         <input_file_ref idref="fl-e"/>
      </object_component>
      <object_component id="oc-1f2">
         <name>.debug_line</name>
         <load_address>0x174d</load_address>
         <run_address>0x174d</run_address>
         <size>0x8c</size>
         <input_file_ref idref="fl-f"/>
      </object_component>
      <object_component id="oc-379">
         <name>.debug_line</name>
         <load_address>0x17d9</load_address>
         <run_address>0x17d9</run_address>
         <size>0x20</size>
         <input_file_ref idref="fl-10"/>
      </object_component>
      <object_component id="oc-375">
         <name>.debug_line</name>
         <load_address>0x17f9</load_address>
         <run_address>0x17f9</run_address>
         <size>0x3d</size>
[...]
      </symbol>
      <symbol id="sm-12f">
         <name>TASK_RemoteFrame</name>
         <value>0x995</value>
         <object_component_ref idref="oc-1a1"/>
      </symbol>
      <symbol id="sm-130">
         <name>RESUME_ALL</name>
         <value>0x28f</value>
         <object_component_ref idref="oc-1a1"/>
      </symbol>
      <symbol id="sm-131">
         <name>EXIT_TESTING</name>
         <value>0x2000058e</value>
         <object_component_ref idref="oc-20f"/>
      </symbol>
      <symbol id="sm-132">
         <name>TASK_WHITELED</name>
         <value>0x58d</value>
         <object_component_ref idref="oc-1a1"/>
      </symbol>
      <symbol id="sm-133">
         <name>BlinkBlueLED_Flag</name>
         <value>0x20000588</value>
         <object_component_ref idref="oc-20f"/>
      </symbol>
      <symbol id="sm-134">
         <name>ENTER_TESTING</name>
         <value>0x2000058d</value>
         <object_component_ref idref="oc-20f"/>
      </symbol>
      <symbol id="sm-135">
         <name>SUSPEND_ALL</name>
         <value>0x26d</value>
         <object_component_ref idref="oc-1a1"/>
      </symbol>
      <symbol id="sm-136">
         <name>TASK_blinkBlueLED</name>
         <value>0x7b5</value>
         <object_component_ref idref="oc-1a1"/>
      </symbol>
      <symbol id="sm-137">
         <name>TASK_RECEIVED_DATA_CHECK</name>
         <value>0x313</value>
         <object_component_ref idref="oc-1a1"/>
      </symbol>
      <symbol id="sm-138">
         <name>TASK_errorCheck</name>
         <value>0x719</value>
         <object_component_ref idref="oc-1a1"/>
      </symbol>
      <symbol id="sm-139">
         <name>TESTING_SEMAPHORE</name>
         <value>0x2000058f</value>
         <object_component_ref idref="oc-20f"/>
      </symbol>
      <symbol id="sm-13a">
         <name>TASK_ReceiveCAN</name>
         <value>0x2cf</value>
         <object_component_ref idref="oc-1a1"/>
      </symbol>
      <symbol id="sm-13b">
         <name>SEND_DATA</name>
         <value>0x20000589</value>
         <object_component_ref idref="oc-20f"/>
      </symbol>
      <symbol id="sm-13c">
         <name>WHITE_SEMAPHORE</name>
         <value>0x2000058c</value>
         <object_component_ref idref="oc-20f"/>
      </symbol>
      <symbol id="sm-14e">
         <name>main</name>
         <value>0x250d</value>
         <object_component_ref idref="oc-9b"/>
      </symbol>
      <symbol id="sm-162">
         <name>LED_blueLight</name>
         <value>0x1dd1</value>
         <object_component_ref idref="oc-205"/>
      </symbol>
      <symbol id="sm-163">
         <name>LEDS_off</name>
         <value>0x1e59</value>
         <object_component_ref idref="oc-205"/>
      </symbol>
      <symbol id="sm-164">
         <name>LED_read</name>
         <value>0x1e7b</value>
         <object_component_ref idref="oc-205"/>
      </symbol>
      <symbol id="sm-165">
         <name>LED_whiteLight</name>
         <value>0x1e37</value>
         <object_component_ref idref="oc-205"/>
      </symbol>
      <symbol id="sm-166">
         <name>LED_greenLight</name>
         <value>0x1df3</value>
         <object_component_ref idref="oc-205"/>
      </symbol>
      <symbol id="sm-167">
         <name>LED_redLight</name>
         <value>0x1e15</value>
         <object_component_ref idref="oc-205"/>
      </symbol>
      <symbol id="sm-18b">
         <name>ADC_Init</name>
         <value>0x168d</value>
         <object_component_ref idref="oc-1f9"/>
      </symbol>
      <symbol id="sm-18c">
         <name>ComputeAverage</name>
         <value>0x1799</value>
         <object_component_ref idref="oc-1f9"/>
      </symbol>
      <symbol id="sm-18d">
         <name>ADC_ReadValue</name>
         <value>0x1767</value>
         <object_component_ref idref="oc-1f9"/>
      </symbol>
      <symbol id="sm-19e">
         <name>ADC_Configurations_Count</name>
         <value>0x27d0</value>
         <object_component_ref idref="oc-2ba"/>
      </symbol>
      <symbol id="sm-19f">
         <name>ADC_Configurations</name>
         <value>0x27b8</value>
         <object_component_ref idref="oc-2bd"/>
      </symbol>
      <symbol id="sm-1ec">
         <name>CANInitialize</name>
         <value>0xab1</value>
         <object_component_ref idref="oc-1f3"/>
      </symbol>
      <symbol id="sm-1ed">
         <name>CANTransmit</name>
         <value>0xd35</value>
         <object_component_ref idref="oc-1f3"/>
      </symbol>
      <symbol id="sm-1ee">
         <name>CanReceiveMessage</name>
         <value>0xe91</value>
         <object_component_ref idref="oc-1f3"/>
      </symbol>
      <symbol id="sm-205">
         <name>MessagObjects</name>
         <value>0x20000510</value>
         <object_component_ref idref="oc-285"/>
      </symbol>
      <symbol id="sm-206">
         <name>CAN_Modules</name>
         <value>0x200005b0</value>
         <object_component_ref idref="oc-27c"/>
      </symbol>
      <symbol id="sm-207">
         <name>CAN_Errors</name>
         <value>0x20000608</value>
         <object_component_ref idref="oc-326"/>
      </symbol>
      <symbol id="sm-214">
         <name>DIO_writePin</name>
         <value>0x212f</value>
         <object_component_ref idref="oc-2f2"/>
      </symbol>
      <symbol id="sm-215">
         <name>DIO_readPin</name>
         <value>0x210d</value>
         <object_component_ref idref="oc-2f2"/>
      </symbol>
      <symbol id="sm-22c">
         <name>SysTick_Handler</name>
         <value>0x2255</value>
         <object_component_ref idref="oc-c8"/>
      </symbol>
      <symbol id="sm-22d">
         <name>SYSTICK_Flag</name>
         <value>0x20000614</value>
         <object_component_ref idref="oc-144"/>
      </symbol>
      <symbol id="sm-22e">
         <name>SYSTICK_delayMSec</name>
         <value>0x225f</value>
         <object_component_ref idref="oc-c8"/>
      </symbol>
      <symbol id="sm-265">
         <name>UART_receiveByte</name>
         <value>0xfeb</value>
         <object_component_ref idref="oc-1ff"/>
      </symbol>
      <symbol id="sm-266">
         <name>configure_all_uarts</name>
         <value>0x10bf</value>
         <object_component_ref idref="oc-1ff"/>
      </symbol>
      <symbol id="sm-267">
         <name>UART_Sprintf</name>
         <value>0x111f</value>
         <object_component_ref idref="oc-1ff"/>
      </symbol>
      <symbol id="sm-268">
         <name>UART_config</name>
         <value>0x101f</value>
         <object_component_ref idref="oc-1ff"/>
      </symbol>
      <symbol id="sm-269">
         <name>UART_sendString</name>
         <value>0xf71</value>
         <object_component_ref idref="oc-1ff"/>
      </symbol>
      <symbol id="sm-27a">
         <name>UARTS_CONFIG_array</name>
         <value>0x200005f4</value>
         <object_component_ref idref="oc-2e3"/>
      </symbol>
      <symbol id="sm-27b">
         <name>UARTS_CONFIG_numUarts</name>
         <value>0x20000618</value>
         <object_component_ref idref="oc-2e0"/>
      </symbol>
      <symbol id="sm-297">
         <name>GPIO_init</name>
         <value>0x14d5</value>
         <object_component_ref idref="oc-1ed"/>
      </symbol>
      <symbol id="sm-2ae">
         <name>INPUTS_PORTF</name>
         <value>0x2000060e</value>
         <object_component_ref idref="oc-309"/>
      </symbol>
      <symbol id="sm-2af">
         <name>OUTPUTS_PORTF</name>
         <value>0x2000061c</value>
         <object_component_ref idref="oc-30c"/>
      </symbol>
      <symbol id="sm-2b0">
         <name>Parameters</name>
         <value>0x200005c8</value>
         <object_component_ref idref="oc-24e"/>
      </symbol>
      <symbol id="sm-2e9">
         <name>OS_Init</name>
         <value>0x128d</value>
         <object_component_ref idref="oc-ce"/>
      </symbol>
      <symbol id="sm-2ea">
         <name>g_OS_intTasksFlag</name>
         <value>0x20000600</value>
         <object_component_ref idref="oc-14e"/>
      </symbol>
      <symbol id="sm-2eb">
         <name>OS_Run</name>
         <value>0x12d1</value>
         <object_component_ref idref="oc-ce"/>
      </symbol>
      <symbol id="sm-2ec">
         <name>OS_ResumeTask</name>
         <value>0x1485</value>
         <object_component_ref idref="oc-ce"/>
      </symbol>
      <symbol id="sm-2ed">
         <name>OS_Stop</name>
         <value>0x1451</value>
         <object_component_ref idref="oc-ce"/>
      </symbol>
      <symbol id="sm-2ee">
         <name>OS_Resume</name>
         <value>0x1459</value>
         <object_component_ref idref="oc-ce"/>
      </symbol>
      <symbol id="sm-2ef">
         <name>OS_SuspendTask</name>
         <value>0x1461</value>
         <object_component_ref idref="oc-ce"/>
      </symbol>
      <symbol id="sm-300">
         <name>NUMBER_OF_tasks</name>
         <value>0x27d4</value>
         <object_component_ref idref="oc-14b"/>
      </symbol>
      <symbol id="sm-301">
         <name>taskList</name>
         <value>0x20000470</value>
         <object_component_ref idref="oc-148"/>
      </symbol>
      <symbol id="sm-35a">
         <name>ADCProcessorTrigger</name>
         <value>0x2543</value>
         <object_component_ref idref="oc-2a8"/>
      </symbol>
      <symbol id="sm-35b">
         <name>ADCSequenceEnable</name>
         <value>0x2611</value>
         <object_component_ref idref="oc-29c"/>
      </symbol>
      <symbol id="sm-35c">
         <name>ADCSequenceConfigure</name>
         <value>0x2171</value>
         <object_component_ref idref="oc-290"/>
      </symbol>
      <symbol id="sm-35d">
         <name>ADCSequenceStepConfigure</name>
         <value>0x1f45</value>
         <object_component_ref idref="oc-296"/>
      </symbol>
      <symbol id="sm-35e">
         <name>ADCIntClear</name>
         <value>0x2653</value>
         <object_component_ref idref="oc-2a2"/>
      </symbol>
      <symbol id="sm-35f">
         <name>ADCIntStatus</name>
         <value>0x23ed</value>
         <object_component_ref idref="oc-2ae"/>
      </symbol>
      <symbol id="sm-360">
         <name>ADCSequenceDataGet</name>
         <value>0x24b5</value>
         <object_component_ref idref="oc-2b4"/>
      </symbol>
      <symbol id="sm-3e0">
         <name>CANMessageGet</name>
         <value>0x1bc5</value>
         <object_component_ref idref="oc-27f"/>
      </symbol>
      <symbol id="sm-3e1">
         <name>CANBitRateSet</name>
         <value>0x2039</value>
         <object_component_ref idref="oc-264"/>
      </symbol>
      <symbol id="sm-3e2">
         <name>CANEnable</name>
         <value>0x265d</value>
         <object_component_ref idref="oc-26a"/>
      </symbol>
      <symbol id="sm-3e3">
         <name>CANMessageSet</name>
         <value>0x197d</value>
         <object_component_ref idref="oc-276"/>
      </symbol>
      <symbol id="sm-3e4">
         <name>CANInit</name>
         <value>0x22dd</value>
         <object_component_ref idref="oc-25e"/>
      </symbol>
      <symbol id="sm-3e5">
         <name>CANIntEnable</name>
         <value>0x267b</value>
         <object_component_ref idref="oc-270"/>
      </symbol>
      <symbol id="sm-44f">
         <name>GPIOPinConfigure</name>
         <value>0x21c1</value>
         <object_component_ref idref="oc-252"/>
      </symbol>
      <symbol id="sm-450">
         <name>GPIOPinTypeADC</name>
         <value>0x255b</value>
         <object_component_ref idref="oc-28a"/>
      </symbol>
      <symbol id="sm-451">
         <name>GPIOPinTypeGPIOInput</name>
         <value>0x2587</value>
         <object_component_ref idref="oc-23c"/>
      </symbol>
      <symbol id="sm-452">
         <name>GPIOPinTypeUART</name>
         <value>0x259d</value>
         <object_component_ref idref="oc-2d4"/>
      </symbol>
      <symbol id="sm-453">
         <name>GPIOPinTypeGPIOOutput</name>
         <value>0x2529</value>
         <object_component_ref idref="oc-248"/>
      </symbol>
      <symbol id="sm-454">
         <name>GPIOPinRead</name>
         <value>0x2683</value>
         <object_component_ref idref="oc-364"/>
      </symbol>
      <symbol id="sm-455">
         <name>GPIODirModeSet</name>
         <value>0x241b</value>
         <object_component_ref idref="oc-2ff"/>
      </symbol>
      <symbol id="sm-456">
         <name>GPIOPinWrite</name>
         <value>0x2689</value>
         <object_component_ref idref="oc-36a"/>
      </symbol>
      <symbol id="sm-457">
         <name>GPIOPadConfigSet</name>
         <value>0x1811</value>
         <object_component_ref idref="oc-242"/>
      </symbol>
      <symbol id="sm-458">
         <name>GPIOPinTypeCAN</name>
         <value>0x2571</value>
         <object_component_ref idref="oc-258"/>
      </symbol>
      <symbol id="sm-478">
         <name>IntRegister</name>
         <value>0x2351</value>
         <object_component_ref idref="oc-18e"/>
      </symbol>
      <symbol id="sm-479">
         <name>g_pfnRAMVectors</name>
         <value>0x20000000</value>
         <object_component_ref idref="oc-1e5"/>
      </symbol>
      <symbol id="sm-47a">
         <name>IntMasterEnable</name>
         <value>0x25f1</value>
         <object_component_ref idref="oc-13e"/>
      </symbol>
      <symbol id="sm-4d8">
         <name>SysCtlClockSet</name>
         <value>0x1cdd</value>
         <object_component_ref idref="oc-c2"/>
      </symbol>
      <symbol id="sm-4d9">
         <name>SysCtlDelay</name>
         <value>0x268f</value>
         <object_component_ref idref="oc-118"/>
      </symbol>
      <symbol id="sm-4da">
         <name>SysCtlPeripheralEnable</name>
         <value>0x2385</value>
         <object_component_ref idref="oc-230"/>
      </symbol>
      <symbol id="sm-4db">
         <name>SysCtlClockGet</name>
         <value>0x1aad</value>
         <object_component_ref idref="oc-120"/>
      </symbol>
      <symbol id="sm-4dc">
         <name>SysCtlPeripheralReady</name>
         <value>0x2319</value>
         <object_component_ref idref="oc-236"/>
      </symbol>
      <symbol id="sm-509">
         <name>SysTickEnable</name>
         <value>0x25b5</value>
         <object_component_ref idref="oc-138"/>
      </symbol>
      <symbol id="sm-50a">
         <name>SysTickIntRegister</name>
         <value>0x24d5</value>
         <object_component_ref idref="oc-12c"/>
      </symbol>
      <symbol id="sm-50b">
         <name>SysTickIntEnable</name>
         <value>0x25c9</value>
         <object_component_ref idref="oc-132"/>
      </symbol>
      <symbol id="sm-50c">
         <name>SysTickPeriodSet</name>
         <value>0x2601</value>
         <object_component_ref idref="oc-126"/>
      </symbol>
      <symbol id="sm-547">
         <name>UARTConfigSetExpClk</name>
         <value>0x220d</value>
         <object_component_ref idref="oc-2da"/>
      </symbol>
      <symbol id="sm-548">
         <name>UARTDisable</name>
         <value>0x2495</value>
         <object_component_ref idref="oc-350"/>
      </symbol>
      <symbol id="sm-549">
         <name>UARTCharsAvail</name>
         <value>0x261f</value>
         <object_component_ref idref="oc-2c8"/>
      </symbol>
      <symbol id="sm-54a">
         <name>UARTCharPut</name>
         <value>0x2671</value>
         <object_component_ref idref="oc-2c2"/>
      </symbol>
      <symbol id="sm-54b">
         <name>UARTEnable</name>
         <value>0x25dd</value>
         <object_component_ref idref="oc-356"/>
      </symbol>
      <symbol id="sm-54c">
         <name>UARTCharGet</name>
         <value>0x2667</value>
         <object_component_ref idref="oc-2ce"/>
      </symbol>
      <symbol id="sm-556">
         <name>CPUcpsie</name>
         <value>0x263b</value>
         <object_component_ref idref="oc-197"/>
      </symbol>
      <symbol id="sm-565">
         <name>__aeabi_memset</name>
         <value>0x1fc1</value>
         <object_component_ref idref="oc-8f"/>
      </symbol>
      <symbol id="sm-566">
         <name>memset</name>
         <value>0x1fc7</value>
         <object_component_ref idref="oc-8f"/>
      </symbol>
      <symbol id="sm-567">
         <name>__aeabi_memset8</name>
         <value>0x1fc1</value>
         <object_component_ref idref="oc-8f"/>
      </symbol>
      <symbol id="sm-568">
         <name>__aeabi_memset4</name>
         <value>0x1fc1</value>
         <object_component_ref idref="oc-8f"/>
      </symbol>
      <symbol id="sm-569">
         <name>__aeabi_memclr8</name>
         <value>0x1fbf</value>
         <object_component_ref idref="oc-8f"/>
      </symbol>
      <symbol id="sm-56a">
         <name>__aeabi_memclr4</name>
         <value>0x1fbf</value>
         <object_component_ref idref="oc-8f"/>
      </symbol>
      <symbol id="sm-56b">
         <name>__aeabi_memclr</name>
         <value>0x1fbf</value>
         <object_component_ref idref="oc-8f"/>
      </symbol>
      <symbol id="sm-57f">
         <name>__TI_zero_init_nomemset</name>
         <value>0x24f1</value>
         <object_component_ref idref="oc-47"/>
      </symbol>
      <symbol id="sm-596">
         <name>__TI_decompress_none</name>
         <value>0x262d</value>
         <object_component_ref idref="oc-1b"/>
      </symbol>
      <symbol id="sm-5b9">
         <name>__TI_decompress_lzss</name>
         <value>0x20a5</value>
         <object_component_ref idref="oc-15"/>
      </symbol>
      <symbol id="sm-5cc">
         <name>__stack</name>
         <value>0x20000270</value>
         <object_component_ref idref="oc-24"/>
      </symbol>
      <symbol id="sm-5cd">
         <name>_c_int00_noargs</name>
         <value>0x23b9</value>
         <object_component_ref idref="oc-59"/>
      </symbol>
      <symbol id="sm-5e8">
         <name>memcpy</name>
         <value>0x1ea9</value>
         <object_component_ref idref="oc-3b"/>
      </symbol>
      <symbol id="sm-5e9">
         <name>__aeabi_memcpy</name>
         <value>0x1ea9</value>
         <object_component_ref idref="oc-3b"/>
      </symbol>
      <symbol id="sm-5ea">
         <name>__aeabi_memcpy8</name>
         <value>0x1ea9</value>
         <object_component_ref idref="oc-3b"/>
      </symbol>
      <symbol id="sm-5eb">
         <name>__aeabi_memcpy4</name>
         <value>0x1ea9</value>
         <object_component_ref idref="oc-3b"/>
      </symbol>
      <symbol id="sm-613">
         <name>__TI_auto_init_nobinit_nopinit</name>
         <value>0x2299</value>
         <object_component_ref idref="oc-e6"/>
      </symbol>
      <symbol id="sm-61d">
         <name>_system_pre_init</name>
         <value>0x2695</value>
         <object_component_ref idref="oc-95"/>
      </symbol>
      <symbol id="sm-629">
         <name>C$$EXIT</name>
         <value>0x2699</value>
         <object_component_ref idref="oc-da"/>
      </symbol>
      <symbol id="sm-62a">
         <name>abort</name>
         <value>0x2699</value>
         <object_component_ref idref="oc-da"/>
      </symbol>
      <symbol id="sm-62d">
         <name>__TI_static_base__</name>
         <value>0x0</value>
      </symbol>
      <symbol id="sm-630">
         <name>__mpu_init</name>
         <value>0x0</value>
      </symbol>
      <symbol id="sm-631">
         <name>_system_post_cinit</name>
         <value>0x0</value>
      </symbol>
   </symbol_table>
   <title>Link successful</title>
</link_info>
