<?xml version="1.0" encoding="ISO-8859-1" ?>
<link_info>
   <banner>TI ARM Linker PC v20.2.7.LTS</banner>
   <copyright>Copyright (c) 1996-2018 Texas Instruments Incorporated</copyright>
   <link_time>0x679680b3</link_time>
   <link_errors>0x0</link_errors>
   <output_file>ECU1.out</output_file>
   <entry_point>
      <name>_c_int00_noargs</name>
      <address>0x3229</address>
   </entry_point>
   <input_file_list>
      <input_file id="fl-2">
         <path>.\</path>
         <kind>object</kind>
         <file>tm4c123gh6pm_startup_ccs.obj</file>
         <name>tm4c123gh6pm_startup_ccs.obj</name>
      </input_file>
      <input_file id="fl-3">
         <path>.\APP\TASKS\</path>
         <kind>object</kind>
         <file>TASKS.obj</file>
         <name>TASKS.obj</name>
      </input_file>
      <input_file id="fl-4">
         <path>.\APP\</path>
         <kind>object</kind>
         <file>main.obj</file>
         <name>main.obj</name>
      </input_file>
      <input_file id="fl-5">
         <path>.\HAL\BTN\</path>
         <kind>object</kind>
         <file>BTN.obj</file>
         <name>BTN.obj</name>
      </input_file>
      <input_file id="fl-6">
         <path>.\HAL\LED\</path>
         <kind>object</kind>
         <file>LED.obj</file>
         <name>LED.obj</name>
      </input_file>
      <input_file id="fl-7">
         <path>.\MCAL\ADC\</path>
         <kind>object</kind>
         <file>ADC.obj</file>
         <name>ADC.obj</name>
      </input_file>
      <input_file id="fl-8">
         <path>.\MCAL\ADC\</path>
         <kind>object</kind>
         <file>ADC_cfg.obj</file>
         <name>ADC_cfg.obj</name>
      </input_file>
      <input_file id="fl-9">
         <path>.\MCAL\CAN\</path>
         <kind>object</kind>
         <file>CAN.obj</file>
         <name>CAN.obj</name>
      </input_file>
      <input_file id="fl-a">
         <path>.\MCAL\CAN\</path>
         <kind>object</kind>
         <file>CAN_CONFIG.obj</file>
         <name>CAN_CONFIG.obj</name>
      </input_file>
      <input_file id="fl-b">
         <path>.\MCAL\DIO\</path>
         <kind>object</kind>
         <file>dio.obj</file>
         <name>dio.obj</name>
      </input_file>
      <input_file id="fl-c">
         <path>.\MCAL\E2PROM\</path>
         <kind>object</kind>
         <file>E2PROM.obj</file>
         <name>E2PROM.obj</name>
      </input_file>
      <input_file id="fl-d">
         <path>.\MCAL\E2PROM\</path>
         <kind>object</kind>
         <file>E2PROM_config.obj</file>
         <name>E2PROM_config.obj</name>
      </input_file>
      <input_file id="fl-e">
         <path>.\MCAL\SYSTICK\</path>
         <kind>object</kind>
         <file>SYSTICKS.obj</file>
         <name>SYSTICKS.obj</name>
      </input_file>
      <input_file id="fl-f">
         <path>.\MCAL\UARTs\</path>
         <kind>object</kind>
         <file>UARTS.obj</file>
         <name>UARTS.obj</name>
      </input_file>
      <input_file id="fl-10">
         <path>.\MCAL\UARTs\</path>
         <kind>object</kind>
         <file>UARTS_CONFIG.obj</file>
         <name>UARTS_CONFIG.obj</name>
      </input_file>
      <input_file id="fl-11">
         <path>.\MCAL\gpio\</path>
         <kind>object</kind>
         <file>gpio.obj</file>
         <name>gpio.obj</name>
      </input_file>
      <input_file id="fl-12">
         <path>.\MCAL\gpio\</path>
         <kind>object</kind>
         <file>gpioConfig.obj</file>
         <name>gpioConfig.obj</name>
      </input_file>
      <input_file id="fl-13">
         <path>.\Service\MONITORING\</path>
         <kind>object</kind>
         <file>Monitoring_Mechanisms.obj</file>
         <name>Monitoring_Mechanisms.obj</name>
      </input_file>
      <input_file id="fl-14">
         <path>.\Service\NVM\</path>
         <kind>object</kind>
         <file>NVM.obj</file>
         <name>NVM.obj</name>
      </input_file>
      <input_file id="fl-15">
         <path>.\Service\OS\</path>
         <kind>object</kind>
         <file>OS.obj</file>
         <name>OS.obj</name>
      </input_file>
      <input_file id="fl-16">
         <path>.\Service\OS\</path>
         <kind>object</kind>
         <file>OS_CONFIG.obj</file>
         <name>OS_CONFIG.obj</name>
      </input_file>
      <input_file id="fl-1b">
         <kind>object</kind>
         <file>&lt;internal&gt;</file>
         <name>&lt;internal&gt;</name>
      </input_file>
      <input_file id="fl-1c">
         <path>C:\ti\TivaWare_C_Series-2.2.0.295\driverlib\ccs\Debug\</path>
         <kind>archive</kind>
         <file>driverlib.lib</file>
         <name>adc.obj</name>
      </input_file>
      <input_file id="fl-1d">
         <path>C:\ti\TivaWare_C_Series-2.2.0.295\driverlib\ccs\Debug\</path>
         <kind>archive</kind>
         <file>driverlib.lib</file>
         <name>can.obj</name>
      </input_file>
      <input_file id="fl-1e">
         <path>C:\ti\TivaWare_C_Series-2.2.0.295\driverlib\ccs\Debug\</path>
         <kind>archive</kind>
         <file>driverlib.lib</file>
         <name>eeprom.obj</name>
      </input_file>
      <input_file id="fl-1f">
         <path>C:\ti\TivaWare_C_Series-2.2.0.295\driverlib\ccs\Debug\</path>
         <kind>archive</kind>
         <file>driverlib.lib</file>
         <name>gpio.obj</name>
      </input_file>
      <input_file id="fl-20">
         <path>C:\ti\TivaWare_C_Series-2.2.0.295\driverlib\ccs\Debug\</path>
         <kind>archive</kind>
         <file>driverlib.lib</file>
         <name>interrupt.obj</name>
      </input_file>
      <input_file id="fl-21">
         <path>C:\ti\TivaWare_C_Series-2.2.0.295\driverlib\ccs\Debug\</path>
         <kind>archive</kind>
         <file>driverlib.lib</file>
         <name>sysctl.obj</name>
      </input_file>
      <input_file id="fl-22">
         <path>C:\ti\TivaWare_C_Series-2.2.0.295\driverlib\ccs\Debug\</path>
         <kind>archive</kind>
         <file>driverlib.lib</file>
         <name>systick.obj</name>
      </input_file>
      <input_file id="fl-23">
         <path>C:\ti\TivaWare_C_Series-2.2.0.295\driverlib\ccs\Debug\</path>
         <kind>archive</kind>
         <file>driverlib.lib</file>
         <name>uart.obj</name>
      </input_file>
      <input_file id="fl-24">
         <path>C:\ti\TivaWare_C_Series-2.2.0.295\driverlib\ccs\Debug\</path>
         <kind>archive</kind>
         <file>driverlib.lib</file>
         <name>cpu.obj</name>
      </input_file>
      <input_file id="fl-da">
         <path>C:\ti\ccs1281\ccs\tools\compiler\ti-cgt-arm_20.2.7.LTS\lib\</path>
         <kind>archive</kind>
         <file>rtsv7M4_T_le_v4SPD16_eabi.lib</file>
         <name>memset_t2.asm.obj</name>
      </input_file>
      <input_file id="fl-db">
         <path>C:\ti\ccs1281\ccs\tools\compiler\ti-cgt-arm_20.2.7.LTS\lib\</path>
         <kind>archive</kind>
         <file>rtsv7M4_T_le_v4SPD16_eabi.lib</file>
         <name>copy_zero_init.c.obj</name>
      </input_file>
      <input_file id="fl-dc">
         <path>C:\ti\ccs1281\ccs\tools\compiler\ti-cgt-arm_20.2.7.LTS\lib\</path>
         <kind>archive</kind>
         <file>rtsv7M4_T_le_v4SPD16_eabi.lib</file>
         <name>copy_decompress_none.c.obj</name>
      </input_file>
      <input_file id="fl-dd">
         <path>C:\ti\ccs1281\ccs\tools\compiler\ti-cgt-arm_20.2.7.LTS\lib\</path>
         <kind>archive</kind>
         <file>rtsv7M4_T_le_v4SPD16_eabi.lib</file>
         <name>copy_decompress_lzss.c.obj</name>
      </input_file>
      <input_file id="fl-de">
         <path>C:\ti\ccs1281\ccs\tools\compiler\ti-cgt-arm_20.2.7.LTS\lib\</path>
         <kind>archive</kind>
         <file>rtsv7M4_T_le_v4SPD16_eabi.lib</file>
         <name>boot_cortex_m.c.obj</name>
      </input_file>
      <input_file id="fl-df">
         <path>C:\ti\ccs1281\ccs\tools\compiler\ti-cgt-arm_20.2.7.LTS\lib\</path>
         <kind>archive</kind>
         <file>rtsv7M4_T_le_v4SPD16_eabi.lib</file>
         <name>memcpy_t2.asm.obj</name>
      </input_file>
      <input_file id="fl-e0">
         <path>C:\ti\ccs1281\ccs\tools\compiler\ti-cgt-arm_20.2.7.LTS\lib\</path>
         <kind>archive</kind>
         <file>rtsv7M4_T_le_v4SPD16_eabi.lib</file>
         <name>autoinit.c.obj</name>
      </input_file>
      <input_file id="fl-e1">
         <path>C:\ti\ccs1281\ccs\tools\compiler\ti-cgt-arm_20.2.7.LTS\lib\</path>
         <kind>archive</kind>
         <file>rtsv7M4_T_le_v4SPD16_eabi.lib</file>
         <name>pre_init.c.obj</name>
      </input_file>
      <input_file id="fl-e2">
         <path>C:\ti\ccs1281\ccs\tools\compiler\ti-cgt-arm_20.2.7.LTS\lib\</path>
         <kind>archive</kind>
         <file>rtsv7M4_T_le_v4SPD16_eabi.lib</file>
         <name>cpy_tbl.c.obj</name>
      </input_file>
      <input_file id="fl-e3">
         <path>C:\ti\ccs1281\ccs\tools\compiler\ti-cgt-arm_20.2.7.LTS\lib\</path>
         <kind>archive</kind>
         <file>rtsv7M4_T_le_v4SPD16_eabi.lib</file>
         <name>exit.c.obj</name>
      </input_file>
      <input_file id="fl-e4">
         <path>C:\ti\ccs1281\ccs\tools\compiler\ti-cgt-arm_20.2.7.LTS\lib\</path>
         <kind>archive</kind>
         <file>rtsv7M4_T_le_v4SPD16_eabi.lib</file>
         <name>_lock.c.obj</name>
      </input_file>
      <input_file id="fl-e5">
         <path>C:\ti\ccs1281\ccs\tools\compiler\ti-cgt-arm_20.2.7.LTS\lib\</path>
         <kind>archive</kind>
         <file>rtsv7M4_T_le_v4SPD16_eabi.lib</file>
         <name>args_main.c.obj</name>
      </input_file>
   </input_file_list>
   <object_component_list>
      <object_component id="oc-12">
         <name>.intvecs</name>
         <load_address>0x0</load_address>
         <run_address>0x0</run_address>
         <size>0x26c</size>
         <input_file_ref idref="fl-2"/>
      </object_component>
      <object_component id="oc-1a2">
         <name>.text</name>
         <load_address>0x26c</load_address>
         <run_address>0x26c</run_address>
         <size>0x136c</size>
         <input_file_ref idref="fl-3"/>
      </object_component>
      <object_component id="oc-1fb">
         <name>.text</name>
         <load_address>0x15d8</load_address>
         <run_address>0x15d8</run_address>
         <size>0x4a8</size>
         <input_file_ref idref="fl-9"/>
      </object_component>
      <object_component id="oc-1f5">
         <name>.text</name>
         <load_address>0x1a80</load_address>
         <run_address>0x1a80</run_address>
         <size>0x438</size>
         <input_file_ref idref="fl-f"/>
      </object_component>
      <object_component id="oc-ce">
         <name>.text</name>
         <load_address>0x1eb8</load_address>
         <run_address>0x1eb8</run_address>
         <size>0x248</size>
         <input_file_ref idref="fl-15"/>
      </object_component>
      <object_component id="oc-224">
         <name>.text</name>
         <load_address>0x2100</load_address>
         <run_address>0x2100</run_address>
         <size>0x1ec</size>
         <input_file_ref idref="fl-13"/>
      </object_component>
      <object_component id="oc-1ef">
         <name>.text</name>
         <load_address>0x22ec</load_address>
         <run_address>0x22ec</run_address>
         <size>0x1b8</size>
         <input_file_ref idref="fl-11"/>
      </object_component>
      <object_component id="oc-25a">
         <name>.text:GPIOPadConfigSet</name>
         <load_address>0x24a4</load_address>
         <run_address>0x24a4</run_address>
         <size>0x16c</size>
         <input_file_ref idref="fl-1f"/>
      </object_component>
      <object_component id="oc-2c4">
         <name>.text:CANMessageSet</name>
         <load_address>0x2610</load_address>
         <run_address>0x2610</run_address>
         <size>0x130</size>
         <input_file_ref idref="fl-1d"/>
      </object_component>
      <object_component id="oc-120">
         <name>.text:SysCtlClockGet</name>
         <load_address>0x2740</load_address>
         <run_address>0x2740</run_address>
         <size>0x118</size>
         <input_file_ref idref="fl-21"/>
      </object_component>
      <object_component id="oc-2cd">
         <name>.text:CANMessageGet</name>
         <load_address>0x2858</load_address>
         <run_address>0x2858</run_address>
         <size>0x116</size>
         <input_file_ref idref="fl-1d"/>
      </object_component>
      <object_component id="oc-c2">
         <name>.text:SysCtlClockSet</name>
         <load_address>0x2970</load_address>
         <run_address>0x2970</run_address>
         <size>0xf4</size>
         <input_file_ref idref="fl-21"/>
      </object_component>
      <object_component id="oc-21d">
         <name>.text</name>
         <load_address>0x2a64</load_address>
         <run_address>0x2a64</run_address>
         <size>0xd8</size>
         <input_file_ref idref="fl-6"/>
      </object_component>
      <object_component id="oc-2de">
         <name>.text:EEPROMProgram</name>
         <load_address>0x2b3c</load_address>
         <run_address>0x2b3c</run_address>
         <size>0xc4</size>
         <input_file_ref idref="fl-1e"/>
      </object_component>
      <object_component id="oc-201">
         <name>.text</name>
         <load_address>0x2c00</load_address>
         <run_address>0x2c00</run_address>
         <size>0xa8</size>
         <input_file_ref idref="fl-c"/>
      </object_component>
      <object_component id="oc-3b">
         <name>.text</name>
         <load_address>0x2ca8</load_address>
         <run_address>0x2ca8</run_address>
         <size>0x9c</size>
         <input_file_ref idref="fl-df"/>
      </object_component>
      <object_component id="oc-8f">
         <name>.text</name>
         <load_address>0x2d44</load_address>
         <run_address>0x2d44</run_address>
         <size>0x7a</size>
         <input_file_ref idref="fl-da"/>
      </object_component>
      <object_component id="oc-2b2">
         <name>.text:CANBitRateSet</name>
         <load_address>0x2dc0</load_address>
         <run_address>0x2dc0</run_address>
         <size>0x6c</size>
         <input_file_ref idref="fl-1d"/>
      </object_component>
      <object_component id="oc-15">
         <name>.text:decompress:lzss:__TI_decompress_lzss</name>
         <load_address>0x2e2c</load_address>
         <run_address>0x2e2c</run_address>
         <size>0x68</size>
         <input_file_ref idref="fl-dd"/>
      </object_component>
      <object_component id="oc-2fc">
         <name>.text</name>
         <load_address>0x2e94</load_address>
         <run_address>0x2e94</run_address>
         <size>0x64</size>
         <input_file_ref idref="fl-b"/>
      </object_component>
      <object_component id="oc-368">
         <name>.text:SysCtlPeripheralReset</name>
         <load_address>0x2ef8</load_address>
         <run_address>0x2ef8</run_address>
         <size>0x50</size>
         <input_file_ref idref="fl-21"/>
      </object_component>
      <object_component id="oc-27c">
         <name>.text:GPIOPinConfigure</name>
         <load_address>0x2f48</load_address>
         <run_address>0x2f48</run_address>
         <size>0x4c</size>
         <input_file_ref idref="fl-1f"/>
      </object_component>
      <object_component id="oc-288">
         <name>.text:UARTConfigSetExpClk</name>
         <load_address>0x2f94</load_address>
         <run_address>0x2f94</run_address>
         <size>0x46</size>
         <input_file_ref idref="fl-23"/>
      </object_component>
      <object_component id="oc-c8">
         <name>.text</name>
         <load_address>0x2fdc</load_address>
         <run_address>0x2fdc</run_address>
         <size>0x44</size>
         <input_file_ref idref="fl-e"/>
      </object_component>
      <object_component id="oc-e6">
         <name>.text:__TI_auto_init_nobinit_nopinit:__TI_auto_init_nobinit_nopinit</name>
         <load_address>0x3020</load_address>
         <run_address>0x3020</run_address>
         <size>0x44</size>
         <input_file_ref idref="fl-e0"/>
      </object_component>
      <object_component id="oc-2d8">
         <name>.text:EEPROMInit</name>
         <load_address>0x3064</load_address>
         <run_address>0x3064</run_address>
         <size>0x40</size>
         <input_file_ref idref="fl-1e"/>
      </object_component>
      <object_component id="oc-375">
         <name>.text:_EEPROMSectorMaskSet</name>
         <load_address>0x30a4</load_address>
         <run_address>0x30a4</run_address>
         <size>0x3c</size>
         <input_file_ref idref="fl-1e"/>
      </object_component>
      <object_component id="oc-2ac">
         <name>.text:CANInit</name>
         <load_address>0x30e0</load_address>
         <run_address>0x30e0</run_address>
         <size>0x3a</size>
         <input_file_ref idref="fl-1d"/>
      </object_component>
      <object_component id="oc-2ea">
         <name>.text:EEPROMRead</name>
         <load_address>0x311c</load_address>
         <run_address>0x311c</run_address>
         <size>0x38</size>
         <input_file_ref idref="fl-1e"/>
      </object_component>
      <object_component id="oc-24e">
         <name>.text:SysCtlPeripheralReady</name>
         <load_address>0x3154</load_address>
         <run_address>0x3154</run_address>
         <size>0x38</size>
         <input_file_ref idref="fl-21"/>
      </object_component>
      <object_component id="oc-18f">
         <name>.text:IntRegister</name>
         <load_address>0x318c</load_address>
         <run_address>0x318c</run_address>
         <size>0x34</size>
         <input_file_ref idref="fl-20"/>
      </object_component>
      <object_component id="oc-248">
         <name>.text:SysCtlPeripheralEnable</name>
         <load_address>0x31c0</load_address>
         <run_address>0x31c0</run_address>
         <size>0x34</size>
         <input_file_ref idref="fl-21"/>
      </object_component>
      <object_component id="oc-36f">
         <name>.text:_EEPROMSectorMaskClear</name>
         <load_address>0x31f4</load_address>
         <run_address>0x31f4</run_address>
         <size>0x34</size>
         <input_file_ref idref="fl-1e"/>
      </object_component>
      <object_component id="oc-59">
         <name>.text:_c_int00_noargs:_c_int00_noargs</name>
         <load_address>0x3228</load_address>
         <run_address>0x3228</run_address>
         <size>0x34</size>
         <input_file_ref idref="fl-de"/>
      </object_component>
      <object_component id="oc-207">
         <name>.text</name>
         <load_address>0x325c</load_address>
         <run_address>0x325c</run_address>
         <size>0x30</size>
         <input_file_ref idref="fl-14"/>
      </object_component>
      <object_component id="oc-30d">
         <name>.text:GPIODirModeSet</name>
         <load_address>0x328c</load_address>
         <run_address>0x328c</run_address>
         <size>0x2c</size>
         <input_file_ref idref="fl-1f"/>
      </object_component>
      <object_component id="oc-20d">
         <name>.text</name>
         <load_address>0x32b8</load_address>
         <run_address>0x32b8</run_address>
         <size>0x2a</size>
         <input_file_ref idref="fl-5"/>
      </object_component>
      <object_component id="oc-357">
         <name>.text:_CANDataRegRead</name>
         <load_address>0x32e2</load_address>
         <run_address>0x32e2</run_address>
         <size>0x2a</size>
         <input_file_ref idref="fl-1d"/>
      </object_component>
      <object_component id="oc-34a">
         <name>.text:_CANDataRegWrite</name>
         <load_address>0x330c</load_address>
         <run_address>0x330c</run_address>
         <size>0x24</size>
         <input_file_ref idref="fl-1d"/>
      </object_component>
      <object_component id="oc-329">
         <name>.text:UARTDisable</name>
         <load_address>0x3330</load_address>
         <run_address>0x3330</run_address>
         <size>0x20</size>
         <input_file_ref idref="fl-23"/>
      </object_component>
      <object_component id="oc-12c">
         <name>.text:SysTickIntRegister</name>
         <load_address>0x3350</load_address>
         <run_address>0x3350</run_address>
         <size>0x1c</size>
         <input_file_ref idref="fl-22"/>
      </object_component>
      <object_component id="oc-47">
         <name>.text:decompress:ZI:__TI_zero_init_nomemset:__TI_zero_init_nomemset</name>
         <load_address>0x336c</load_address>
         <run_address>0x336c</run_address>
         <size>0x1c</size>
         <input_file_ref idref="fl-db"/>
      </object_component>
      <object_component id="oc-9b">
         <name>.text</name>
         <load_address>0x3388</load_address>
         <run_address>0x3388</run_address>
         <size>0x1c</size>
         <input_file_ref idref="fl-4"/>
      </object_component>
      <object_component id="oc-260">
         <name>.text:GPIOPinTypeGPIOOutput</name>
         <load_address>0x33a4</load_address>
         <run_address>0x33a4</run_address>
         <size>0x1a</size>
         <input_file_ref idref="fl-1f"/>
      </object_component>
      <object_component id="oc-2a6">
         <name>.text:GPIOPinTypeCAN</name>
         <load_address>0x33be</load_address>
         <run_address>0x33be</run_address>
         <size>0x16</size>
         <input_file_ref idref="fl-1f"/>
      </object_component>
      <object_component id="oc-254">
         <name>.text:GPIOPinTypeGPIOInput</name>
         <load_address>0x33d4</load_address>
         <run_address>0x33d4</run_address>
         <size>0x16</size>
         <input_file_ref idref="fl-1f"/>
      </object_component>
      <object_component id="oc-282">
         <name>.text:GPIOPinTypeUART</name>
         <load_address>0x33ea</load_address>
         <run_address>0x33ea</run_address>
         <size>0x16</size>
         <input_file_ref idref="fl-1f"/>
      </object_component>
      <object_component id="oc-138">
         <name>.text:SysTickEnable</name>
         <load_address>0x3400</load_address>
         <run_address>0x3400</run_address>
         <size>0x14</size>
         <input_file_ref idref="fl-22"/>
      </object_component>
      <object_component id="oc-132">
         <name>.text:SysTickIntEnable</name>
         <load_address>0x3414</load_address>
         <run_address>0x3414</run_address>
         <size>0x14</size>
         <input_file_ref idref="fl-22"/>
      </object_component>
      <object_component id="oc-32f">
         <name>.text:UARTEnable</name>
         <load_address>0x3428</load_address>
         <run_address>0x3428</run_address>
         <size>0x14</size>
         <input_file_ref idref="fl-23"/>
      </object_component>
      <object_component id="oc-13e">
         <name>.text:IntMasterEnable</name>
         <load_address>0x343c</load_address>
         <run_address>0x343c</run_address>
         <size>0x10</size>
         <input_file_ref idref="fl-20"/>
      </object_component>
      <object_component id="oc-126">
         <name>.text:SysTickPeriodSet</name>
         <load_address>0x344c</load_address>
         <run_address>0x344c</run_address>
         <size>0x10</size>
         <input_file_ref idref="fl-22"/>
      </object_component>
      <object_component id="oc-362">
         <name>.text:_EEPROMWaitForDone</name>
         <load_address>0x345c</load_address>
         <run_address>0x345c</run_address>
         <size>0x10</size>
         <input_file_ref idref="fl-1e"/>
      </object_component>
      <object_component id="oc-270">
         <name>.text:UARTCharsAvail</name>
         <load_address>0x346c</load_address>
         <run_address>0x346c</run_address>
         <size>0xe</size>
         <input_file_ref idref="fl-23"/>
      </object_component>
      <object_component id="oc-1b">
         <name>.text:decompress:none:__TI_decompress_none</name>
         <load_address>0x347a</load_address>
         <run_address>0x347a</run_address>
         <size>0xe</size>
         <input_file_ref idref="fl-dc"/>
      </object_component>
      <object_component id="oc-198">
         <name>.text:CPUcpsie</name>
         <load_address>0x3488</load_address>
         <run_address>0x3488</run_address>
         <size>0xc</size>
         <input_file_ref idref="fl-24"/>
      </object_component>
      <object_component id="oc-2e4">
         <name>.text:EEPROMStatusGet</name>
         <load_address>0x3494</load_address>
         <run_address>0x3494</run_address>
         <size>0xc</size>
         <input_file_ref idref="fl-1e"/>
      </object_component>
      <object_component id="oc-27">
         <name>.text</name>
         <load_address>0x34a0</load_address>
         <run_address>0x34a0</run_address>
         <size>0xc</size>
         <input_file_ref idref="fl-2"/>
      </object_component>
      <object_component id="oc-2b8">
         <name>.text:CANEnable</name>
         <load_address>0x34ac</load_address>
         <run_address>0x34ac</run_address>
         <size>0xa</size>
         <input_file_ref idref="fl-1d"/>
      </object_component>
      <object_component id="oc-276">
         <name>.text:UARTCharGet</name>
         <load_address>0x34b6</load_address>
         <run_address>0x34b6</run_address>
         <size>0xa</size>
         <input_file_ref idref="fl-23"/>
      </object_component>
      <object_component id="oc-26a">
         <name>.text:UARTCharPut</name>
         <load_address>0x34c0</load_address>
         <run_address>0x34c0</run_address>
         <size>0xa</size>
         <input_file_ref idref="fl-23"/>
      </object_component>
      <object_component id="oc-2be">
         <name>.text:CANIntEnable</name>
         <load_address>0x34ca</load_address>
         <run_address>0x34ca</run_address>
         <size>0x8</size>
         <input_file_ref idref="fl-1d"/>
      </object_component>
      <object_component id="oc-385">
         <name>.text:GPIOPinRead</name>
         <load_address>0x34d2</load_address>
         <run_address>0x34d2</run_address>
         <size>0x6</size>
         <input_file_ref idref="fl-1f"/>
      </object_component>
      <object_component id="oc-38b">
         <name>.text:GPIOPinWrite</name>
         <load_address>0x34d8</load_address>
         <run_address>0x34d8</run_address>
         <size>0x6</size>
         <input_file_ref idref="fl-1f"/>
      </object_component>
      <object_component id="oc-118">
         <name>.text:SysCtlDelay</name>
         <load_address>0x34de</load_address>
         <run_address>0x34de</run_address>
         <size>0x6</size>
         <input_file_ref idref="fl-21"/>
      </object_component>
      <object_component id="oc-95">
         <name>.text:_system_pre_init</name>
         <load_address>0x34e4</load_address>
         <run_address>0x34e4</run_address>
         <size>0x4</size>
         <input_file_ref idref="fl-e1"/>
      </object_component>
      <object_component id="oc-da">
         <name>.text:abort:abort</name>
         <load_address>0x34e8</load_address>
         <run_address>0x34e8</run_address>
         <size>0x4</size>
         <input_file_ref idref="fl-e3"/>
      </object_component>
      <object_component id="oc-324">
         <name>.const:g_pui32GPIOBaseAddrs</name>
         <load_address>0x34ec</load_address>
         <run_address>0x34ec</run_address>
         <size>0x90</size>
         <input_file_ref idref="fl-1f"/>
      </object_component>
      <object_component id="oc-189">
         <name>.const:g_pui32Xtals</name>
         <load_address>0x357c</load_address>
         <run_address>0x357c</run_address>
         <size>0x6c</size>
         <input_file_ref idref="fl-21"/>
      </object_component>
      <object_component id="oc-344">
         <name>.const:g_ui16CANBitValues</name>
         <load_address>0x35e8</load_address>
         <run_address>0x35e8</run_address>
         <size>0x20</size>
         <input_file_ref idref="fl-1d"/>
      </object_component>
      <object_component id="oc-2f0">
         <name>.const:$P$T0$1</name>
         <load_address>0x3608</load_address>
         <run_address>0x3608</run_address>
         <size>0x10</size>
         <input_file_ref idref="fl-c"/>
      </object_component>
      <object_component id="oc-14b">
         <name>.const</name>
         <load_address>0x3618</load_address>
         <run_address>0x3618</run_address>
         <size>0x1</size>
         <input_file_ref idref="fl-16"/>
      </object_component>
      <object_component id="oc-3e6">
         <name>.cinit..data.load</name>
         <load_address>0x3620</load_address>
         <run_address>0x3620</run_address>
         <size>0xdb</size>
      </object_component>
      <object_component id="oc-3e3">
         <name>__TI_handler_table</name>
         <load_address>0x36fc</load_address>
         <run_address>0x36fc</run_address>
         <size>0xc</size>
      </object_component>
      <object_component id="oc-3e7">
         <name>.cinit..bss.load</name>
         <load_address>0x3708</load_address>
         <run_address>0x3708</run_address>
         <size>0x8</size>
      </object_component>
      <object_component id="oc-3e5">
         <name>.cinit..vtable.load</name>
         <load_address>0x3710</load_address>
         <run_address>0x3710</run_address>
         <size>0x8</size>
      </object_component>
      <object_component id="oc-3e4">
         <name>__TI_cinit_table</name>
         <load_address>0x3718</load_address>
         <run_address>0x3718</run_address>
         <size>0x18</size>
      </object_component>
      <object_component id="oc-1e7">
         <name>.vtable</name>
         <uninitialized>true</uninitialized>
         <run_address>0x20000000</run_address>
         <size>0x26c</size>
         <input_file_ref idref="fl-20"/>
      </object_component>
      <object_component id="oc-213">
         <name>.data</name>
         <load_address>0x200005a8</load_address>
         <run_address>0x200005a8</run_address>
         <size>0x52</size>
         <input_file_ref idref="fl-3"/>
      </object_component>
      <object_component id="oc-351">
         <name>.data:CAN_Errors</name>
         <load_address>0x20000640</load_address>
         <run_address>0x20000640</run_address>
         <size>0x6</size>
         <input_file_ref idref="fl-a"/>
      </object_component>
      <object_component id="oc-2d3">
         <name>.data:MessagObjects</name>
         <load_address>0x20000530</load_address>
         <run_address>0x20000530</run_address>
         <size>0x78</size>
         <input_file_ref idref="fl-a"/>
      </object_component>
      <object_component id="oc-2ca">
         <name>.data:CAN_Modules</name>
         <load_address>0x200005fc</load_address>
         <run_address>0x200005fc</run_address>
         <size>0x18</size>
         <input_file_ref idref="fl-a"/>
      </object_component>
      <object_component id="oc-144">
         <name>.data</name>
         <load_address>0x2000064c</load_address>
         <run_address>0x2000064c</run_address>
         <size>0x4</size>
         <input_file_ref idref="fl-e"/>
      </object_component>
      <object_component id="oc-294">
         <name>.data</name>
         <load_address>0x200005fa</load_address>
         <run_address>0x200005fa</run_address>
         <size>0x2</size>
         <input_file_ref idref="fl-f"/>
      </object_component>
      <object_component id="oc-28e">
         <name>.data:UARTS_CONFIG_array</name>
         <load_address>0x2000062c</load_address>
         <run_address>0x2000062c</run_address>
         <size>0xc</size>
         <input_file_ref idref="fl-10"/>
      </object_component>
      <object_component id="oc-297">
         <name>.data</name>
         <load_address>0x20000650</load_address>
         <run_address>0x20000650</run_address>
         <size>0x4</size>
         <input_file_ref idref="fl-10"/>
      </object_component>
      <object_component id="oc-317">
         <name>.data:INPUTS_PORTF</name>
         <load_address>0x20000646</load_address>
         <run_address>0x20000646</run_address>
         <size>0x6</size>
         <input_file_ref idref="fl-12"/>
      </object_component>
      <object_component id="oc-31a">
         <name>.data:OUTPUTS_PORTF</name>
         <load_address>0x20000654</load_address>
         <run_address>0x20000654</run_address>
         <size>0x3</size>
         <input_file_ref idref="fl-12"/>
      </object_component>
      <object_component id="oc-266">
         <name>.data:Parameters</name>
         <load_address>0x20000614</load_address>
         <run_address>0x20000614</run_address>
         <size>0x18</size>
         <input_file_ref idref="fl-12"/>
      </object_component>
      <object_component id="oc-216">
         <name>.data</name>
         <load_address>0x20000657</load_address>
         <run_address>0x20000657</run_address>
         <size>0x1</size>
         <input_file_ref idref="fl-13"/>
      </object_component>
      <object_component id="oc-14e">
         <name>.data</name>
         <load_address>0x20000638</load_address>
         <run_address>0x20000638</run_address>
         <size>0x8</size>
         <input_file_ref idref="fl-15"/>
      </object_component>
      <object_component id="oc-148">
         <name>.data:taskList</name>
         <load_address>0x20000470</load_address>
         <run_address>0x20000470</run_address>
         <size>0xc0</size>
         <input_file_ref idref="fl-16"/>
      </object_component>
      <object_component id="oc-291">
         <name>.bss:uartBuffer</name>
         <uninitialized>true</uninitialized>
         <run_address>0x20000658</run_address>
         <size>0x80</size>
         <input_file_ref idref="fl-f"/>
      </object_component>
      <object_component id="oc-223">
         <name>.common:received_data</name>
         <uninitialized>true</uninitialized>
         <run_address>0x20000700</run_address>
         <size>0x8</size>
      </object_component>
      <object_component id="oc-219">
         <name>.common:buffer</name>
         <uninitialized>true</uninitialized>
         <run_address>0x200006d8</run_address>
         <size>0x10</size>
      </object_component>
      <object_component id="oc-21c">
         <name>.common:buffer2</name>
         <uninitialized>true</uninitialized>
         <run_address>0x200006e8</run_address>
         <size>0x10</size>
      </object_component>
      <object_component id="oc-22a">
         <name>.common:data</name>
         <uninitialized>true</uninitialized>
         <run_address>0x200006f8</run_address>
         <size>0x8</size>
      </object_component>
      <object_component id="oc-24">
         <name>.stack</name>
         <uninitialized>true</uninitialized>
         <run_address>0x20000270</run_address>
         <size>0x4</size>
         <input_file_ref idref="fl-de"/>
      </object_component>
      <object_component id="oc-3e9">
         <name>.stack</name>
         <uninitialized>true</uninitialized>
         <run_address>0x20000270</run_address>
         <size>0x0</size>
      </object_component>
      <object_component id="oc-2f">
         <name>.debug_info</name>
         <load_address>0x0</load_address>
         <run_address>0x0</run_address>
         <size>0x2d4</size>
         <input_file_ref idref="fl-2"/>
      </object_component>
      <object_component id="oc-13">
         <name>.debug_info</name>
         <load_address>0x2d4</load_address>
         <run_address>0x2d4</run_address>
         <size>0x113</size>
         <input_file_ref idref="fl-2"/>
      </object_component>
      <object_component id="oc-28">
         <name>.debug_info</name>
         <load_address>0x3e7</load_address>
         <run_address>0x3e7</run_address>
         <size>0x28f</size>
         <input_file_ref idref="fl-2"/>
      </object_component>
      <object_component id="oc-70">
         <name>.debug_info</name>
         <load_address>0x676</load_address>
         <run_address>0x676</run_address>
         <size>0x26b</size>
         <input_file_ref idref="fl-2"/>
      </object_component>
      <object_component id="oc-36">
         <name>.debug_info</name>
         <load_address>0x8e1</load_address>
         <run_address>0x8e1</run_address>
         <size>0x84</size>
         <input_file_ref idref="fl-2"/>
      </object_component>
      <object_component id="oc-ad">
         <name>.debug_info</name>
         <load_address>0x965</load_address>
         <run_address>0x965</run_address>
         <size>0x2a4</size>
         <input_file_ref idref="fl-2"/>
      </object_component>
      <object_component id="oc-75">
         <name>.debug_info</name>
         <load_address>0xc09</load_address>
         <run_address>0xc09</run_address>
         <size>0xbb</size>
         <input_file_ref idref="fl-2"/>
      </object_component>
      <object_component id="oc-21a">
         <name>.debug_info</name>
         <load_address>0xcc4</load_address>
         <run_address>0xcc4</run_address>
         <size>0x76b</size>
         <input_file_ref idref="fl-3"/>
      </object_component>
      <object_component id="oc-214">
         <name>.debug_info</name>
         <load_address>0x142f</load_address>
         <run_address>0x142f</run_address>
         <size>0x60b</size>
         <input_file_ref idref="fl-3"/>
      </object_component>
      <object_component id="oc-1a3">
         <name>.debug_info</name>
         <load_address>0x1a3a</load_address>
         <run_address>0x1a3a</run_address>
         <size>0x1e15</size>
         <input_file_ref idref="fl-3"/>
      </object_component>
      <object_component id="oc-22e">
         <name>.debug_info</name>
         <load_address>0x384f</load_address>
         <run_address>0x384f</run_address>
         <size>0x1b3</size>
         <input_file_ref idref="fl-3"/>
      </object_component>
      <object_component id="oc-2f4">
         <name>.debug_info</name>
         <load_address>0x3a02</load_address>
         <run_address>0x3a02</run_address>
         <size>0x63</size>
         <input_file_ref idref="fl-3"/>
      </object_component>
      <object_component id="oc-1b2">
         <name>.debug_info</name>
         <load_address>0x3a65</load_address>
         <run_address>0x3a65</run_address>
         <size>0xae</size>
         <input_file_ref idref="fl-3"/>
      </object_component>
      <object_component id="oc-1b7">
         <name>.debug_info</name>
         <load_address>0x3b13</load_address>
         <run_address>0x3b13</run_address>
         <size>0x1e0</size>
         <input_file_ref idref="fl-3"/>
      </object_component>
      <object_component id="oc-1bc">
         <name>.debug_info</name>
         <load_address>0x3cf3</load_address>
         <run_address>0x3cf3</run_address>
         <size>0x101</size>
         <input_file_ref idref="fl-3"/>
      </object_component>
      <object_component id="oc-29c">
         <name>.debug_info</name>
         <load_address>0x3df4</load_address>
         <run_address>0x3df4</run_address>
         <size>0x9a</size>
         <input_file_ref idref="fl-3"/>
      </object_component>
      <object_component id="oc-d5">
         <name>.debug_info</name>
         <load_address>0x3e8e</load_address>
         <run_address>0x3e8e</run_address>
         <size>0x8b</size>
         <input_file_ref idref="fl-3"/>
      </object_component>
      <object_component id="oc-2a1">
         <name>.debug_info</name>
         <load_address>0x3f19</load_address>
         <run_address>0x3f19</run_address>
         <size>0x53</size>
         <input_file_ref idref="fl-3"/>
      </object_component>
      <object_component id="oc-9c">
         <name>.debug_info</name>
         <load_address>0x3f6c</load_address>
         <run_address>0x3f6c</run_address>
         <size>0x16b</size>
         <input_file_ref idref="fl-4"/>
      </object_component>
      <object_component id="oc-210">
         <name>.debug_info</name>
         <load_address>0x40d7</load_address>
         <run_address>0x40d7</run_address>
         <size>0x1ae</size>
         <input_file_ref idref="fl-5"/>
      </object_component>
      <object_component id="oc-21e">
         <name>.debug_info</name>
         <load_address>0x4285</load_address>
         <run_address>0x4285</run_address>
         <size>0x48a</size>
         <input_file_ref idref="fl-6"/>
      </object_component>
      <object_component id="oc-2d7">
         <name>.debug_info</name>
         <load_address>0x470f</load_address>
         <run_address>0x470f</run_address>
         <size>0x567</size>
         <input_file_ref idref="fl-9"/>
      </object_component>
      <object_component id="oc-1fc">
         <name>.debug_info</name>
         <load_address>0x4c76</load_address>
         <run_address>0x4c76</run_address>
         <size>0x7c3</size>
         <input_file_ref idref="fl-9"/>
      </object_component>
      <object_component id="oc-356">
         <name>.debug_info</name>
         <load_address>0x5439</load_address>
         <run_address>0x5439</run_address>
         <size>0x125</size>
         <input_file_ref idref="fl-a"/>
      </object_component>
      <object_component id="oc-352">
         <name>.debug_info</name>
         <load_address>0x555e</load_address>
         <run_address>0x555e</run_address>
         <size>0x10a</size>
         <input_file_ref idref="fl-a"/>
      </object_component>
      <object_component id="oc-2d4">
         <name>.debug_info</name>
         <load_address>0x5668</load_address>
         <run_address>0x5668</run_address>
         <size>0x110</size>
         <input_file_ref idref="fl-a"/>
      </object_component>
      <object_component id="oc-2cb">
         <name>.debug_info</name>
         <load_address>0x5778</load_address>
         <run_address>0x5778</run_address>
         <size>0x10c</size>
         <input_file_ref idref="fl-a"/>
      </object_component>
      <object_component id="oc-2ff">
         <name>.debug_info</name>
         <load_address>0x5884</load_address>
         <run_address>0x5884</run_address>
         <size>0x2d5</size>
         <input_file_ref idref="fl-b"/>
      </object_component>
      <object_component id="oc-2f9">
         <name>.debug_info</name>
         <load_address>0x5b59</load_address>
         <run_address>0x5b59</run_address>
         <size>0x3eb</size>
         <input_file_ref idref="fl-c"/>
      </object_component>
      <object_component id="oc-2f1">
         <name>.debug_info</name>
         <load_address>0x5f44</load_address>
         <run_address>0x5f44</run_address>
         <size>0x102</size>
         <input_file_ref idref="fl-c"/>
      </object_component>
      <object_component id="oc-203">
         <name>.debug_info</name>
         <load_address>0x6046</load_address>
         <run_address>0x6046</run_address>
         <size>0x4bd</size>
         <input_file_ref idref="fl-c"/>
      </object_component>
      <object_component id="oc-1a1">
         <name>.debug_info</name>
         <load_address>0x6503</load_address>
         <run_address>0x6503</run_address>
         <size>0x3a5</size>
         <input_file_ref idref="fl-e"/>
      </object_component>
      <object_component id="oc-145">
         <name>.debug_info</name>
         <load_address>0x68a8</load_address>
         <run_address>0x68a8</run_address>
         <size>0x110</size>
         <input_file_ref idref="fl-e"/>
      </object_component>
      <object_component id="oc-cb">
         <name>.debug_info</name>
         <load_address>0x69b8</load_address>
         <run_address>0x69b8</run_address>
         <size>0x2aa</size>
         <input_file_ref idref="fl-e"/>
      </object_component>
      <object_component id="oc-29b">
         <name>.debug_info</name>
         <load_address>0x6c62</load_address>
         <run_address>0x6c62</run_address>
         <size>0x4b7</size>
         <input_file_ref idref="fl-f"/>
      </object_component>
      <object_component id="oc-292">
         <name>.debug_info</name>
         <load_address>0x7119</load_address>
         <run_address>0x7119</run_address>
         <size>0x106</size>
         <input_file_ref idref="fl-f"/>
      </object_component>
      <object_component id="oc-295">
         <name>.debug_info</name>
         <load_address>0x721f</load_address>
         <run_address>0x721f</run_address>
         <size>0x12a</size>
         <input_file_ref idref="fl-f"/>
      </object_component>
      <object_component id="oc-1f8">
         <name>.debug_info</name>
         <load_address>0x7349</load_address>
         <run_address>0x7349</run_address>
         <size>0xa76</size>
         <input_file_ref idref="fl-f"/>
      </object_component>
      <object_component id="oc-338">
         <name>.debug_info</name>
         <load_address>0x7dbf</load_address>
         <run_address>0x7dbf</run_address>
         <size>0x109</size>
         <input_file_ref idref="fl-10"/>
      </object_component>
      <object_component id="oc-28f">
         <name>.debug_info</name>
         <load_address>0x7ec8</load_address>
         <run_address>0x7ec8</run_address>
         <size>0x11e</size>
         <input_file_ref idref="fl-10"/>
      </object_component>
      <object_component id="oc-298">
         <name>.debug_info</name>
         <load_address>0x7fe6</load_address>
         <run_address>0x7fe6</run_address>
         <size>0x124</size>
         <input_file_ref idref="fl-10"/>
      </object_component>
      <object_component id="oc-1f3">
         <name>.debug_info</name>
         <load_address>0x810a</load_address>
         <run_address>0x810a</run_address>
         <size>0x247</size>
         <input_file_ref idref="fl-11"/>
      </object_component>
      <object_component id="oc-31f">
         <name>.debug_info</name>
         <load_address>0x8351</load_address>
         <run_address>0x8351</run_address>
         <size>0x12e</size>
         <input_file_ref idref="fl-12"/>
      </object_component>
      <object_component id="oc-318">
         <name>.debug_info</name>
         <load_address>0x847f</load_address>
         <run_address>0x847f</run_address>
         <size>0x10f</size>
         <input_file_ref idref="fl-12"/>
      </object_component>
      <object_component id="oc-31b">
         <name>.debug_info</name>
         <load_address>0x858e</load_address>
         <run_address>0x858e</run_address>
         <size>0x111</size>
         <input_file_ref idref="fl-12"/>
      </object_component>
      <object_component id="oc-267">
         <name>.debug_info</name>
         <load_address>0x869f</load_address>
         <run_address>0x869f</run_address>
         <size>0x10b</size>
         <input_file_ref idref="fl-12"/>
      </object_component>
      <object_component id="oc-217">
         <name>.debug_info</name>
         <load_address>0x87aa</load_address>
         <run_address>0x87aa</run_address>
         <size>0x131</size>
         <input_file_ref idref="fl-13"/>
      </object_component>
      <object_component id="oc-225">
         <name>.debug_info</name>
         <load_address>0x88db</load_address>
         <run_address>0x88db</run_address>
         <size>0x493</size>
         <input_file_ref idref="fl-13"/>
      </object_component>
      <object_component id="oc-2fb">
         <name>.debug_info</name>
         <load_address>0x8d6e</load_address>
         <run_address>0x8d6e</run_address>
         <size>0x32a</size>
         <input_file_ref idref="fl-14"/>
      </object_component>
      <object_component id="oc-208">
         <name>.debug_info</name>
         <load_address>0x9098</load_address>
         <run_address>0x9098</run_address>
         <size>0x35e</size>
         <input_file_ref idref="fl-14"/>
      </object_component>
      <object_component id="oc-152">
         <name>.debug_info</name>
         <load_address>0x93f6</load_address>
         <run_address>0x93f6</run_address>
         <size>0x35e</size>
         <input_file_ref idref="fl-15"/>
      </object_component>
      <object_component id="oc-14f">
         <name>.debug_info</name>
         <load_address>0x9754</load_address>
         <run_address>0x9754</run_address>
         <size>0x134</size>
         <input_file_ref idref="fl-15"/>
      </object_component>
      <object_component id="oc-d0">
         <name>.debug_info</name>
         <load_address>0x9888</load_address>
         <run_address>0x9888</run_address>
         <size>0x416</size>
         <input_file_ref idref="fl-15"/>
      </object_component>
      <object_component id="oc-1aa">
         <name>.debug_info</name>
         <load_address>0x9c9e</load_address>
         <run_address>0x9c9e</run_address>
         <size>0x324</size>
         <input_file_ref idref="fl-16"/>
      </object_component>
      <object_component id="oc-149">
         <name>.debug_info</name>
         <load_address>0x9fc2</load_address>
         <run_address>0x9fc2</run_address>
         <size>0x107</size>
         <input_file_ref idref="fl-16"/>
      </object_component>
      <object_component id="oc-14c">
         <name>.debug_info</name>
         <load_address>0xa0c9</load_address>
         <run_address>0xa0c9</run_address>
         <size>0x115</size>
         <input_file_ref idref="fl-16"/>
      </object_component>
      <object_component id="oc-1e2">
         <name>.debug_info</name>
         <load_address>0xa1de</load_address>
         <run_address>0xa1de</run_address>
         <size>0x3ba</size>
         <input_file_ref idref="fl-1c"/>
      </object_component>
      <object_component id="oc-184">
         <name>.debug_info</name>
         <load_address>0xa598</load_address>
         <run_address>0xa598</run_address>
         <size>0x26b</size>
         <input_file_ref idref="fl-1c"/>
      </object_component>
      <object_component id="oc-174">
         <name>.debug_info</name>
         <load_address>0xa803</load_address>
         <run_address>0xa803</run_address>
         <size>0x297</size>
         <input_file_ref idref="fl-1c"/>
      </object_component>
      <object_component id="oc-17f">
         <name>.debug_info</name>
         <load_address>0xaa9a</load_address>
         <run_address>0xaa9a</run_address>
         <size>0xef</size>
         <input_file_ref idref="fl-1c"/>
      </object_component>
      <object_component id="oc-11a">
         <name>.debug_info</name>
         <load_address>0xab89</load_address>
         <run_address>0xab89</run_address>
         <size>0xbb</size>
         <input_file_ref idref="fl-1c"/>
      </object_component>
      <object_component id="oc-343">
         <name>.debug_info</name>
         <load_address>0xac44</load_address>
         <run_address>0xac44</run_address>
         <size>0x3d0</size>
         <input_file_ref idref="fl-1d"/>
      </object_component>
      <object_component id="oc-345">
         <name>.debug_info</name>
         <load_address>0xb014</load_address>
         <run_address>0xb014</run_address>
         <size>0x15f</size>
         <input_file_ref idref="fl-1d"/>
      </object_component>
      <object_component id="oc-34b">
         <name>.debug_info</name>
         <load_address>0xb173</load_address>
         <run_address>0xb173</run_address>
         <size>0x2e6</size>
         <input_file_ref idref="fl-1d"/>
      </object_component>
      <object_component id="oc-2c5">
         <name>.debug_info</name>
         <load_address>0xb459</load_address>
         <run_address>0xb459</run_address>
         <size>0x41c</size>
         <input_file_ref idref="fl-1d"/>
      </object_component>
      <object_component id="oc-358">
         <name>.debug_info</name>
         <load_address>0xb875</load_address>
         <run_address>0xb875</run_address>
         <size>0x2e7</size>
         <input_file_ref idref="fl-1d"/>
      </object_component>
      <object_component id="oc-2ce">
         <name>.debug_info</name>
         <load_address>0xbb5c</load_address>
         <run_address>0xbb5c</run_address>
         <size>0x3f1</size>
         <input_file_ref idref="fl-1d"/>
      </object_component>
      <object_component id="oc-2bf">
         <name>.debug_info</name>
         <load_address>0xbf4d</load_address>
         <run_address>0xbf4d</run_address>
         <size>0x293</size>
         <input_file_ref idref="fl-1d"/>
      </object_component>
      <object_component id="oc-2ad">
         <name>.debug_info</name>
         <load_address>0xc1e0</load_address>
         <run_address>0xc1e0</run_address>
         <size>0x275</size>
         <input_file_ref idref="fl-1d"/>
      </object_component>
      <object_component id="oc-2b9">
         <name>.debug_info</name>
         <load_address>0xc455</load_address>
         <run_address>0xc455</run_address>
         <size>0x24b</size>
         <input_file_ref idref="fl-1d"/>
      </object_component>
      <object_component id="oc-2b3">
         <name>.debug_info</name>
         <load_address>0xc6a0</load_address>
         <run_address>0xc6a0</run_address>
         <size>0x369</size>
         <input_file_ref idref="fl-1d"/>
      </object_component>
      <object_component id="oc-3a5">
         <name>.debug_info</name>
         <load_address>0xca09</load_address>
         <run_address>0xca09</run_address>
         <size>0x1b3</size>
         <input_file_ref idref="fl-1d"/>
      </object_component>
      <object_component id="oc-37c">
         <name>.debug_info</name>
         <load_address>0xcbbc</load_address>
         <run_address>0xcbbc</run_address>
         <size>0x350</size>
         <input_file_ref idref="fl-1e"/>
      </object_component>
      <object_component id="oc-2e5">
         <name>.debug_info</name>
         <load_address>0xcf0c</load_address>
         <run_address>0xcf0c</run_address>
         <size>0x232</size>
         <input_file_ref idref="fl-1e"/>
      </object_component>
      <object_component id="oc-2ec">
         <name>.debug_info</name>
         <load_address>0xd13e</load_address>
         <run_address>0xd13e</run_address>
         <size>0x2ce</size>
         <input_file_ref idref="fl-1e"/>
      </object_component>
      <object_component id="oc-376">
         <name>.debug_info</name>
         <load_address>0xd40c</load_address>
         <run_address>0xd40c</run_address>
         <size>0x2ba</size>
         <input_file_ref idref="fl-1e"/>
      </object_component>
      <object_component id="oc-370">
         <name>.debug_info</name>
         <load_address>0xd6c6</load_address>
         <run_address>0xd6c6</run_address>
         <size>0x280</size>
         <input_file_ref idref="fl-1e"/>
      </object_component>
      <object_component id="oc-2df">
         <name>.debug_info</name>
         <load_address>0xd946</load_address>
         <run_address>0xd946</run_address>
         <size>0x37f</size>
         <input_file_ref idref="fl-1e"/>
      </object_component>
      <object_component id="oc-363">
         <name>.debug_info</name>
         <load_address>0xdcc5</load_address>
         <run_address>0xdcc5</run_address>
         <size>0x230</size>
         <input_file_ref idref="fl-1e"/>
      </object_component>
      <object_component id="oc-2d9">
         <name>.debug_info</name>
         <load_address>0xdef5</load_address>
         <run_address>0xdef5</run_address>
         <size>0x2d1</size>
         <input_file_ref idref="fl-1e"/>
      </object_component>
      <object_component id="oc-314">
         <name>.debug_info</name>
         <load_address>0xe1c6</load_address>
         <run_address>0xe1c6</run_address>
         <size>0x3e4</size>
         <input_file_ref idref="fl-1f"/>
      </object_component>
      <object_component id="oc-325">
         <name>.debug_info</name>
         <load_address>0xe5aa</load_address>
         <run_address>0xe5aa</run_address>
         <size>0x164</size>
         <input_file_ref idref="fl-1f"/>
      </object_component>
      <object_component id="oc-38d">
         <name>.debug_info</name>
         <load_address>0xe70e</load_address>
         <run_address>0xe70e</run_address>
         <size>0x2ac</size>
         <input_file_ref idref="fl-1f"/>
      </object_component>
      <object_component id="oc-310">
         <name>.debug_info</name>
         <load_address>0xe9ba</load_address>
         <run_address>0xe9ba</run_address>
         <size>0x2bc</size>
         <input_file_ref idref="fl-1f"/>
      </object_component>
      <object_component id="oc-25d">
         <name>.debug_info</name>
         <load_address>0xec76</load_address>
         <run_address>0xec76</run_address>
         <size>0x31f</size>
         <input_file_ref idref="fl-1f"/>
      </object_component>
      <object_component id="oc-284">
         <name>.debug_info</name>
         <load_address>0xef95</load_address>
         <run_address>0xef95</run_address>
         <size>0x29b</size>
         <input_file_ref idref="fl-1f"/>
      </object_component>
      <object_component id="oc-261">
         <name>.debug_info</name>
         <load_address>0xf230</load_address>
         <run_address>0xf230</run_address>
         <size>0x2c0</size>
         <input_file_ref idref="fl-1f"/>
      </object_component>
      <object_component id="oc-255">
         <name>.debug_info</name>
         <load_address>0xf4f0</load_address>
         <run_address>0xf4f0</run_address>
         <size>0x2a5</size>
         <input_file_ref idref="fl-1f"/>
      </object_component>
      <object_component id="oc-2a7">
         <name>.debug_info</name>
         <load_address>0xf795</load_address>
         <run_address>0xf795</run_address>
         <size>0x299</size>
         <input_file_ref idref="fl-1f"/>
      </object_component>
      <object_component id="oc-386">
         <name>.debug_info</name>
         <load_address>0xfa2e</load_address>
         <run_address>0xfa2e</run_address>
         <size>0x284</size>
         <input_file_ref idref="fl-1f"/>
      </object_component>
      <object_component id="oc-27d">
         <name>.debug_info</name>
         <load_address>0xfcb2</load_address>
         <run_address>0xfcb2</run_address>
         <size>0x289</size>
         <input_file_ref idref="fl-1f"/>
      </object_component>
      <object_component id="oc-1eb">
         <name>.debug_info</name>
         <load_address>0xff3b</load_address>
         <run_address>0xff3b</run_address>
         <size>0x3b7</size>
         <input_file_ref idref="fl-20"/>
      </object_component>
      <object_component id="oc-1e8">
         <name>.debug_info</name>
         <load_address>0x102f2</load_address>
         <run_address>0x102f2</run_address>
         <size>0x160</size>
         <input_file_ref idref="fl-20"/>
      </object_component>
      <object_component id="oc-190">
         <name>.debug_info</name>
         <load_address>0x10452</load_address>
         <run_address>0x10452</run_address>
         <size>0x2ca</size>
         <input_file_ref idref="fl-20"/>
      </object_component>
      <object_component id="oc-141">
         <name>.debug_info</name>
         <load_address>0x1071c</load_address>
         <run_address>0x1071c</run_address>
         <size>0x247</size>
         <input_file_ref idref="fl-20"/>
      </object_component>
      <object_component id="oc-11f">
         <name>.debug_info</name>
         <load_address>0x10963</load_address>
         <run_address>0x10963</run_address>
         <size>0x441</size>
         <input_file_ref idref="fl-21"/>
      </object_component>
      <object_component id="oc-18a">
         <name>.debug_info</name>
         <load_address>0x10da4</load_address>
         <run_address>0x10da4</run_address>
         <size>0x156</size>
         <input_file_ref idref="fl-21"/>
      </object_component>
      <object_component id="oc-369">
         <name>.debug_info</name>
         <load_address>0x10efa</load_address>
         <run_address>0x10efa</run_address>
         <size>0x29e</size>
         <input_file_ref idref="fl-21"/>
      </object_component>
      <object_component id="oc-24f">
         <name>.debug_info</name>
         <load_address>0x11198</load_address>
         <run_address>0x11198</run_address>
         <size>0x288</size>
         <input_file_ref idref="fl-21"/>
      </object_component>
      <object_component id="oc-249">
         <name>.debug_info</name>
         <load_address>0x11420</load_address>
         <run_address>0x11420</run_address>
         <size>0x286</size>
         <input_file_ref idref="fl-21"/>
      </object_component>
      <object_component id="oc-c4">
         <name>.debug_info</name>
         <load_address>0x116a6</load_address>
         <run_address>0x116a6</run_address>
         <size>0x2e4</size>
         <input_file_ref idref="fl-21"/>
      </object_component>
      <object_component id="oc-122">
         <name>.debug_info</name>
         <load_address>0x1198a</load_address>
         <run_address>0x1198a</run_address>
         <size>0x2be</size>
         <input_file_ref idref="fl-21"/>
      </object_component>
      <object_component id="oc-17b">
         <name>.debug_info</name>
         <load_address>0x11c48</load_address>
         <run_address>0x11c48</run_address>
         <size>0x51</size>
         <input_file_ref idref="fl-21"/>
      </object_component>
      <object_component id="oc-18e">
         <name>.debug_info</name>
         <load_address>0x11c99</load_address>
         <run_address>0x11c99</run_address>
         <size>0x346</size>
         <input_file_ref idref="fl-22"/>
      </object_component>
      <object_component id="oc-128">
         <name>.debug_info</name>
         <load_address>0x11fdf</load_address>
         <run_address>0x11fdf</run_address>
         <size>0x26a</size>
         <input_file_ref idref="fl-22"/>
      </object_component>
      <object_component id="oc-12e">
         <name>.debug_info</name>
         <load_address>0x12249</load_address>
         <run_address>0x12249</run_address>
         <size>0x280</size>
         <input_file_ref idref="fl-22"/>
      </object_component>
      <object_component id="oc-134">
         <name>.debug_info</name>
         <load_address>0x124c9</load_address>
         <run_address>0x124c9</run_address>
         <size>0x230</size>
         <input_file_ref idref="fl-22"/>
      </object_component>
      <object_component id="oc-13a">
         <name>.debug_info</name>
         <load_address>0x126f9</load_address>
         <run_address>0x126f9</run_address>
         <size>0x22a</size>
         <input_file_ref idref="fl-22"/>
      </object_component>
      <object_component id="oc-321">
         <name>.debug_info</name>
         <load_address>0x12923</load_address>
         <run_address>0x12923</run_address>
         <size>0x3cb</size>
         <input_file_ref idref="fl-23"/>
      </object_component>
      <object_component id="oc-330">
         <name>.debug_info</name>
         <load_address>0x12cee</load_address>
         <run_address>0x12cee</run_address>
         <size>0x250</size>
         <input_file_ref idref="fl-23"/>
      </object_component>
      <object_component id="oc-32a">
         <name>.debug_info</name>
         <load_address>0x12f3e</load_address>
         <run_address>0x12f3e</run_address>
         <size>0x252</size>
         <input_file_ref idref="fl-23"/>
      </object_component>
      <object_component id="oc-289">
         <name>.debug_info</name>
         <load_address>0x13190</load_address>
         <run_address>0x13190</run_address>
         <size>0x32f</size>
         <input_file_ref idref="fl-23"/>
      </object_component>
      <object_component id="oc-271">
         <name>.debug_info</name>
         <load_address>0x134bf</load_address>
         <run_address>0x134bf</run_address>
         <size>0x25c</size>
         <input_file_ref idref="fl-23"/>
      </object_component>
      <object_component id="oc-26b">
         <name>.debug_info</name>
         <load_address>0x1371b</load_address>
         <run_address>0x1371b</run_address>
         <size>0x27c</size>
         <input_file_ref idref="fl-23"/>
      </object_component>
      <object_component id="oc-277">
         <name>.debug_info</name>
         <load_address>0x13997</load_address>
         <run_address>0x13997</run_address>
         <size>0x256</size>
         <input_file_ref idref="fl-23"/>
      </object_component>
      <object_component id="oc-19a">
         <name>.debug_info</name>
         <load_address>0x13bed</load_address>
         <run_address>0x13bed</run_address>
         <size>0x21b</size>
         <input_file_ref idref="fl-24"/>
      </object_component>
      <object_component id="oc-92">
         <name>.debug_info</name>
         <load_address>0x13e08</load_address>
         <run_address>0x13e08</run_address>
         <size>0x147</size>
         <input_file_ref idref="fl-da"/>
      </object_component>
      <object_component id="oc-8e">
         <name>.debug_info</name>
         <load_address>0x13f4f</load_address>
         <run_address>0x13f4f</run_address>
         <size>0x2d4</size>
         <input_file_ref idref="fl-db"/>
      </object_component>
      <object_component id="oc-48">
         <name>.debug_info</name>
         <load_address>0x14223</load_address>
         <run_address>0x14223</run_address>
         <size>0x1d2</size>
         <input_file_ref idref="fl-db"/>
      </object_component>
      <object_component id="oc-89">
         <name>.debug_info</name>
         <load_address>0x143f5</load_address>
         <run_address>0x143f5</run_address>
         <size>0x46</size>
         <input_file_ref idref="fl-db"/>
      </object_component>
      <object_component id="oc-b9">
         <name>.debug_info</name>
         <load_address>0x1443b</load_address>
         <run_address>0x1443b</run_address>
         <size>0x2c</size>
         <input_file_ref idref="fl-db"/>
      </object_component>
      <object_component id="oc-46">
         <name>.debug_info</name>
         <load_address>0x14467</load_address>
         <run_address>0x14467</run_address>
         <size>0x2a8</size>
         <input_file_ref idref="fl-dc"/>
      </object_component>
      <object_component id="oc-1e">
         <name>.debug_info</name>
         <load_address>0x1470f</load_address>
         <run_address>0x1470f</run_address>
         <size>0x1ea</size>
         <input_file_ref idref="fl-dc"/>
      </object_component>
      <object_component id="oc-41">
         <name>.debug_info</name>
         <load_address>0x148f9</load_address>
         <run_address>0x148f9</run_address>
         <size>0x46</size>
         <input_file_ref idref="fl-dc"/>
      </object_component>
      <object_component id="oc-81">
         <name>.debug_info</name>
         <load_address>0x1493f</load_address>
         <run_address>0x1493f</run_address>
         <size>0x2c</size>
         <input_file_ref idref="fl-dc"/>
      </object_component>
      <object_component id="oc-7f">
         <name>.debug_info</name>
         <load_address>0x1496b</load_address>
         <run_address>0x1496b</run_address>
         <size>0x29e</size>
         <input_file_ref idref="fl-dd"/>
      </object_component>
      <object_component id="oc-16">
         <name>.debug_info</name>
         <load_address>0x14c09</load_address>
         <run_address>0x14c09</run_address>
         <size>0x250</size>
         <input_file_ref idref="fl-dd"/>
      </object_component>
      <object_component id="oc-31">
         <name>.debug_info</name>
         <load_address>0x14e59</load_address>
         <run_address>0x14e59</run_address>
         <size>0x60</size>
         <input_file_ref idref="fl-dd"/>
      </object_component>
      <object_component id="oc-b2">
         <name>.debug_info</name>
         <load_address>0x14eb9</load_address>
         <run_address>0x14eb9</run_address>
         <size>0x46</size>
         <input_file_ref idref="fl-dd"/>
      </object_component>
      <object_component id="oc-7a">
         <name>.debug_info</name>
         <load_address>0x14eff</load_address>
         <run_address>0x14eff</run_address>
         <size>0x39</size>
         <input_file_ref idref="fl-dd"/>
      </object_component>
      <object_component id="oc-25">
         <name>.debug_info</name>
         <load_address>0x14f38</load_address>
         <run_address>0x14f38</run_address>
         <size>0x10b</size>
         <input_file_ref idref="fl-de"/>
      </object_component>
      <object_component id="oc-5a">
         <name>.debug_info</name>
         <load_address>0x15043</load_address>
         <run_address>0x15043</run_address>
         <size>0x1a9</size>
         <input_file_ref idref="fl-de"/>
      </object_component>
      <object_component id="oc-3c">
         <name>.debug_info</name>
         <load_address>0x151ec</load_address>
         <run_address>0x151ec</run_address>
         <size>0x119</size>
         <input_file_ref idref="fl-df"/>
      </object_component>
      <object_component id="oc-15f">
         <name>.debug_info</name>
         <load_address>0x15305</load_address>
         <run_address>0x15305</run_address>
         <size>0x4b3</size>
         <input_file_ref idref="fl-e0"/>
      </object_component>
      <object_component id="oc-e7">
         <name>.debug_info</name>
         <load_address>0x157b8</load_address>
         <run_address>0x157b8</run_address>
         <size>0x1a6</size>
         <input_file_ref idref="fl-e0"/>
      </object_component>
      <object_component id="oc-1d1">
         <name>.debug_info</name>
         <load_address>0x1595e</load_address>
         <run_address>0x1595e</run_address>
         <size>0x39</size>
         <input_file_ref idref="fl-e0"/>
      </object_component>
      <object_component id="oc-236">
         <name>.debug_info</name>
         <load_address>0x15997</load_address>
         <run_address>0x15997</run_address>
         <size>0x39</size>
         <input_file_ref idref="fl-e0"/>
      </object_component>
      <object_component id="oc-1d6">
         <name>.debug_info</name>
         <load_address>0x159d0</load_address>
         <run_address>0x159d0</run_address>
         <size>0x39</size>
         <input_file_ref idref="fl-e0"/>
      </object_component>
      <object_component id="oc-1db">
         <name>.debug_info</name>
         <load_address>0x15a09</load_address>
         <run_address>0x15a09</run_address>
         <size>0xcd</size>
         <input_file_ref idref="fl-e0"/>
      </object_component>
      <object_component id="oc-99">
         <name>.debug_info</name>
         <load_address>0x15ad6</load_address>
         <run_address>0x15ad6</run_address>
         <size>0x153</size>
         <input_file_ref idref="fl-e1"/>
      </object_component>
      <object_component id="oc-dc">
         <name>.debug_info</name>
         <load_address>0x15c29</load_address>
         <run_address>0x15c29</run_address>
         <size>0x122</size>
         <input_file_ref idref="fl-e3"/>
      </object_component>
      <object_component id="oc-3ea">
         <name>.debug_info</name>
         <load_address>0x15d4b</load_address>
         <run_address>0x15d4b</run_address>
         <size>0xc6</size>
      </object_component>
      <object_component id="oc-6f">
         <name>.debug_line</name>
         <load_address>0x0</load_address>
         <run_address>0x0</run_address>
         <size>0x41</size>
         <input_file_ref idref="fl-2"/>
      </object_component>
      <object_component id="oc-2e">
         <name>.debug_line</name>
         <load_address>0x41</load_address>
         <run_address>0x41</run_address>
         <size>0x41</size>
         <input_file_ref idref="fl-2"/>
      </object_component>
      <object_component id="oc-2c">
         <name>.debug_line</name>
         <load_address>0x82</load_address>
         <run_address>0x82</run_address>
         <size>0xa1</size>
         <input_file_ref idref="fl-2"/>
      </object_component>
      <object_component id="oc-73">
         <name>.debug_line</name>
         <load_address>0x123</load_address>
         <run_address>0x123</run_address>
         <size>0x6f</size>
         <input_file_ref idref="fl-2"/>
      </object_component>
      <object_component id="oc-39">
         <name>.debug_line</name>
         <load_address>0x192</load_address>
         <run_address>0x192</run_address>
         <size>0x20</size>
         <input_file_ref idref="fl-2"/>
      </object_component>
      <object_component id="oc-b0">
         <name>.debug_line</name>
         <load_address>0x1b2</load_address>
         <run_address>0x1b2</run_address>
         <size>0x73</size>
         <input_file_ref idref="fl-2"/>
      </object_component>
      <object_component id="oc-78">
         <name>.debug_line</name>
         <load_address>0x225</load_address>
         <run_address>0x225</run_address>
         <size>0x70</size>
         <input_file_ref idref="fl-2"/>
      </object_component>
      <object_component id="oc-308">
         <name>.debug_line</name>
         <load_address>0x295</load_address>
         <run_address>0x295</run_address>
         <size>0x46a</size>
         <input_file_ref idref="fl-3"/>
      </object_component>
      <object_component id="oc-304">
         <name>.debug_line</name>
         <load_address>0x6ff</load_address>
         <run_address>0x6ff</run_address>
         <size>0x38</size>
         <input_file_ref idref="fl-3"/>
      </object_component>
      <object_component id="oc-1a6">
         <name>.debug_line</name>
         <load_address>0x737</load_address>
         <run_address>0x737</run_address>
         <size>0x7d8</size>
         <input_file_ref idref="fl-3"/>
      </object_component>
      <object_component id="oc-231">
         <name>.debug_line</name>
         <load_address>0xf0f</load_address>
         <run_address>0xf0f</run_address>
         <size>0x55</size>
         <input_file_ref idref="fl-3"/>
      </object_component>
      <object_component id="oc-2f7">
         <name>.debug_line</name>
         <load_address>0xf64</load_address>
         <run_address>0xf64</run_address>
         <size>0x8a</size>
         <input_file_ref idref="fl-3"/>
      </object_component>
      <object_component id="oc-1b5">
         <name>.debug_line</name>
         <load_address>0xfee</load_address>
         <run_address>0xfee</run_address>
         <size>0x85</size>
         <input_file_ref idref="fl-3"/>
      </object_component>
      <object_component id="oc-1ba">
         <name>.debug_line</name>
         <load_address>0x1073</load_address>
         <run_address>0x1073</run_address>
         <size>0x84</size>
         <input_file_ref idref="fl-3"/>
      </object_component>
      <object_component id="oc-1bf">
         <name>.debug_line</name>
         <load_address>0x10f7</load_address>
         <run_address>0x10f7</run_address>
         <size>0x86</size>
         <input_file_ref idref="fl-3"/>
      </object_component>
      <object_component id="oc-29f">
         <name>.debug_line</name>
         <load_address>0x117d</load_address>
         <run_address>0x117d</run_address>
         <size>0x88</size>
         <input_file_ref idref="fl-3"/>
      </object_component>
      <object_component id="oc-d8">
         <name>.debug_line</name>
         <load_address>0x1205</load_address>
         <run_address>0x1205</run_address>
         <size>0x20</size>
         <input_file_ref idref="fl-3"/>
      </object_component>
      <object_component id="oc-2a4">
         <name>.debug_line</name>
         <load_address>0x1225</load_address>
         <run_address>0x1225</run_address>
         <size>0x6b</size>
         <input_file_ref idref="fl-3"/>
      </object_component>
      <object_component id="oc-a0">
         <name>.debug_line</name>
         <load_address>0x1290</load_address>
         <run_address>0x1290</run_address>
         <size>0x4e</size>
         <input_file_ref idref="fl-4"/>
      </object_component>
      <object_component id="oc-20e">
         <name>.debug_line</name>
         <load_address>0x12de</load_address>
         <run_address>0x12de</run_address>
         <size>0x4e</size>
         <input_file_ref idref="fl-5"/>
      </object_component>
      <object_component id="oc-222">
         <name>.debug_line</name>
         <load_address>0x132c</load_address>
         <run_address>0x132c</run_address>
         <size>0xdd</size>
         <input_file_ref idref="fl-6"/>
      </object_component>
      <object_component id="oc-361">
         <name>.debug_line</name>
         <load_address>0x1409</load_address>
         <run_address>0x1409</run_address>
         <size>0x11a</size>
         <input_file_ref idref="fl-9"/>
      </object_component>
      <object_component id="oc-1ff">
         <name>.debug_line</name>
         <load_address>0x1523</load_address>
         <run_address>0x1523</run_address>
         <size>0x1b3</size>
         <input_file_ref idref="fl-9"/>
      </object_component>
      <object_component id="oc-3b0">
         <name>.debug_line</name>
         <load_address>0x16d6</load_address>
         <run_address>0x16d6</run_address>
         <size>0x20</size>
         <input_file_ref idref="fl-a"/>
      </object_component>
      <object_component id="oc-3ae">
         <name>.debug_line</name>
         <load_address>0x16f6</load_address>
         <run_address>0x16f6</run_address>
         <size>0x3c</size>
         <input_file_ref idref="fl-a"/>
      </object_component>
      <object_component id="oc-35f">
         <name>.debug_line</name>
         <load_address>0x1732</load_address>
         <run_address>0x1732</run_address>
         <size>0x3c</size>
         <input_file_ref idref="fl-a"/>
      </object_component>
      <object_component id="oc-355">
         <name>.debug_line</name>
         <load_address>0x176e</load_address>
         <run_address>0x176e</run_address>
         <size>0x3c</size>
         <input_file_ref idref="fl-a"/>
      </object_component>
      <object_component id="oc-2fd">
         <name>.debug_line</name>
         <load_address>0x17aa</load_address>
         <run_address>0x17aa</run_address>
         <size>0x76</size>
         <input_file_ref idref="fl-b"/>
      </object_component>
      <object_component id="oc-382">
         <name>.debug_line</name>
         <load_address>0x1820</load_address>
         <run_address>0x1820</run_address>
         <size>0x90</size>
         <input_file_ref idref="fl-c"/>
      </object_component>
      <object_component id="oc-380">
         <name>.debug_line</name>
         <load_address>0x18b0</load_address>
         <run_address>0x18b0</run_address>
         <size>0x3b</size>
         <input_file_ref idref="fl-c"/>
      </object_component>
      <object_component id="oc-202">
         <name>.debug_line</name>
         <load_address>0x18eb</load_address>
         <run_address>0x18eb</run_address>
         <size>0xc9</size>
         <input_file_ref idref="fl-c"/>
      </object_component>
      <object_component id="oc-1ee">
         <name>.debug_line</name>
         <load_address>0x19b4</load_address>
         <run_address>0x19b4</run_address>
         <size>0xcc</size>
         <input_file_ref idref="fl-e"/>
      </object_component>
      <object_component id="oc-1a0">
         <name>.debug_line</name>
         <load_address>0x1a80</load_address>
         <run_address>0x1a80</run_address>
         <size>0x3e</size>
         <input_file_ref idref="fl-e"/>
      </object_component>
      <object_component id="oc-cd">
         <name>.debug_line</name>
         <load_address>0x1abe</load_address>
         <run_address>0x1abe</run_address>
         <size>0x76</size>
         <input_file_ref idref="fl-e"/>
      </object_component>
      <object_component id="oc-340">
         <name>.debug_line</name>
         <load_address>0x1b34</load_address>
         <run_address>0x1b34</run_address>
         <size>0xe4</size>
         <input_file_ref idref="fl-f"/>
      </object_component>
      <object_component id="oc-33a">
         <name>.debug_line</name>
         <load_address>0x1c18</load_address>
         <run_address>0x1c18</run_address>
         <size>0x39</size>
         <input_file_ref idref="fl-f"/>
      </object_component>
      <object_component id="oc-33c">
         <name>.debug_line</name>
[...]
         <object_component_ref idref="oc-213"/>
      </symbol>
      <symbol id="sm-202">
         <name>STATE</name>
         <value>0x200005a8</value>
         <object_component_ref idref="oc-213"/>
      </symbol>
      <symbol id="sm-203">
         <name>TASK_FLAGblink_BLUEled</name>
         <value>0x200005c0</value>
         <object_component_ref idref="oc-213"/>
      </symbol>
      <symbol id="sm-204">
         <name>monitoring_task_checker</name>
         <value>0xea9</value>
         <object_component_ref idref="oc-1a2"/>
      </symbol>
      <symbol id="sm-205">
         <name>ON_BoardDIAGnostic</name>
         <value>0xf39</value>
         <object_component_ref idref="oc-1a2"/>
      </symbol>
      <symbol id="sm-206">
         <name>TASK_blinkBlueLED</name>
         <value>0xc59</value>
         <object_component_ref idref="oc-1a2"/>
      </symbol>
      <symbol id="sm-207">
         <name>LED</name>
         <value>0x200005a9</value>
         <object_component_ref idref="oc-213"/>
      </symbol>
      <symbol id="sm-208">
         <name>TASK_BTN_READ</name>
         <value>0x355</value>
         <object_component_ref idref="oc-1a2"/>
      </symbol>
      <symbol id="sm-209">
         <name>TASK_blinkWhiteLED</name>
         <value>0xae5</value>
         <object_component_ref idref="oc-1a2"/>
      </symbol>
      <symbol id="sm-20a">
         <name>TASK_blinkRedLED</name>
         <value>0xd2d</value>
         <object_component_ref idref="oc-1a2"/>
      </symbol>
      <symbol id="sm-20b">
         <name>TASK_ReceiveCAN</name>
         <value>0x94b</value>
         <object_component_ref idref="oc-1a2"/>
      </symbol>
      <symbol id="sm-20c">
         <name>Task_UARTFLAG_recPC</name>
         <value>0x200005be</value>
         <object_component_ref idref="oc-213"/>
      </symbol>
      <symbol id="sm-20d">
         <name>commCheck_timedelay</name>
         <value>0x200005c8</value>
         <object_component_ref idref="oc-213"/>
      </symbol>
      <symbol id="sm-20e">
         <name>INIT_FLAG</name>
         <value>0x200005b9</value>
         <object_component_ref idref="oc-213"/>
      </symbol>
      <symbol id="sm-20f">
         <name>MONITOR_overHEAT</name>
         <value>0x200005ba</value>
         <object_component_ref idref="oc-213"/>
      </symbol>
      <symbol id="sm-21c">
         <name>main</name>
         <value>0x3389</value>
         <object_component_ref idref="oc-9b"/>
      </symbol>
      <symbol id="sm-228">
         <name>BTN_read</name>
         <value>0x32b9</value>
         <object_component_ref idref="oc-20d"/>
      </symbol>
      <symbol id="sm-23b">
         <name>LED_blueLight</name>
         <value>0x2a65</value>
         <object_component_ref idref="oc-21d"/>
      </symbol>
      <symbol id="sm-23c">
         <name>LEDS_off</name>
         <value>0x2aed</value>
         <object_component_ref idref="oc-21d"/>
      </symbol>
      <symbol id="sm-23d">
         <name>LED_read</name>
         <value>0x2b0f</value>
         <object_component_ref idref="oc-21d"/>
      </symbol>
      <symbol id="sm-23e">
         <name>LED_whiteLight</name>
         <value>0x2acb</value>
         <object_component_ref idref="oc-21d"/>
      </symbol>
      <symbol id="sm-23f">
         <name>LED_greenLight</name>
         <value>0x2a87</value>
         <object_component_ref idref="oc-21d"/>
      </symbol>
      <symbol id="sm-240">
         <name>LED_redLight</name>
         <value>0x2aa9</value>
         <object_component_ref idref="oc-21d"/>
      </symbol>
      <symbol id="sm-28e">
         <name>CANInitialize</name>
         <value>0x15d9</value>
         <object_component_ref idref="oc-1fb"/>
      </symbol>
      <symbol id="sm-28f">
         <name>CANTransmit</name>
         <value>0x185d</value>
         <object_component_ref idref="oc-1fb"/>
      </symbol>
      <symbol id="sm-290">
         <name>CanReceiveMessage</name>
         <value>0x19b5</value>
         <object_component_ref idref="oc-1fb"/>
      </symbol>
      <symbol id="sm-2a7">
         <name>MessagObjects</name>
         <value>0x20000530</value>
         <object_component_ref idref="oc-2d3"/>
      </symbol>
      <symbol id="sm-2a8">
         <name>CAN_Modules</name>
         <value>0x200005fc</value>
         <object_component_ref idref="oc-2ca"/>
      </symbol>
      <symbol id="sm-2a9">
         <name>CAN_Errors</name>
         <value>0x20000640</value>
         <object_component_ref idref="oc-351"/>
      </symbol>
      <symbol id="sm-2b6">
         <name>DIO_writePin</name>
         <value>0x2eb7</value>
         <object_component_ref idref="oc-2fc"/>
      </symbol>
      <symbol id="sm-2b7">
         <name>DIO_readPin</name>
         <value>0x2e95</value>
         <object_component_ref idref="oc-2fc"/>
      </symbol>
      <symbol id="sm-2da">
         <name>Eeprom_Clear</name>
         <value>0x2c55</value>
         <object_component_ref idref="oc-201"/>
      </symbol>
      <symbol id="sm-2db">
         <name>Eeprom_Init</name>
         <value>0x2c01</value>
         <object_component_ref idref="oc-201"/>
      </symbol>
      <symbol id="sm-2dc">
         <name>Eeprom_Write</name>
         <value>0x2c1b</value>
         <object_component_ref idref="oc-201"/>
      </symbol>
      <symbol id="sm-2dd">
         <name>Eeprom_Read</name>
         <value>0x2c39</value>
         <object_component_ref idref="oc-201"/>
      </symbol>
      <symbol id="sm-2f5">
         <name>SysTick_Handler</name>
         <value>0x2fdd</value>
         <object_component_ref idref="oc-c8"/>
      </symbol>
      <symbol id="sm-2f6">
         <name>SYSTICK_Flag</name>
         <value>0x2000064c</value>
         <object_component_ref idref="oc-144"/>
      </symbol>
      <symbol id="sm-2f7">
         <name>SYSTICK_delayMSec</name>
         <value>0x2fe7</value>
         <object_component_ref idref="oc-c8"/>
      </symbol>
      <symbol id="sm-35d">
         <name>SPRINTF</name>
         <value>0x1d4d</value>
         <object_component_ref idref="oc-1f5"/>
      </symbol>
      <symbol id="sm-35e">
         <name>UART_pollReceive</name>
         <value>0x1b1f</value>
         <object_component_ref idref="oc-1f5"/>
      </symbol>
      <symbol id="sm-35f">
         <name>UART_bufferGet</name>
         <value>0x1adf</value>
         <object_component_ref idref="oc-1f5"/>
      </symbol>
      <symbol id="sm-360">
         <name>configure_all_uarts</name>
         <value>0x1ce7</value>
         <object_component_ref idref="oc-1f5"/>
      </symbol>
      <symbol id="sm-361">
         <name>UART_config</name>
         <value>0x1b59</value>
         <object_component_ref idref="oc-1f5"/>
      </symbol>
      <symbol id="sm-362">
         <name>UART_sendString</name>
         <value>0x1a81</value>
         <object_component_ref idref="oc-1f5"/>
      </symbol>
      <symbol id="sm-363">
         <name>UART_bufferAdd</name>
         <value>0x1ab1</value>
         <object_component_ref idref="oc-1f5"/>
      </symbol>
      <symbol id="sm-374">
         <name>UARTS_CONFIG_array</name>
         <value>0x2000062c</value>
         <object_component_ref idref="oc-28e"/>
      </symbol>
      <symbol id="sm-375">
         <name>UARTS_CONFIG_numUarts</name>
         <value>0x20000650</value>
         <object_component_ref idref="oc-297"/>
      </symbol>
      <symbol id="sm-391">
         <name>GPIO_init</name>
         <value>0x22ed</value>
         <object_component_ref idref="oc-1ef"/>
      </symbol>
      <symbol id="sm-3a8">
         <name>INPUTS_PORTF</name>
         <value>0x20000646</value>
         <object_component_ref idref="oc-317"/>
      </symbol>
      <symbol id="sm-3a9">
         <name>OUTPUTS_PORTF</name>
         <value>0x20000654</value>
         <object_component_ref idref="oc-31a"/>
      </symbol>
      <symbol id="sm-3aa">
         <name>Parameters</name>
         <value>0x20000614</value>
         <object_component_ref idref="oc-266"/>
      </symbol>
      <symbol id="sm-3cd">
         <name>Monitor_Communication</name>
         <value>0x2101</value>
         <object_component_ref idref="oc-224"/>
      </symbol>
      <symbol id="sm-3ce">
         <name>MONITORING_DTC_FLAG</name>
         <value>0x20000657</value>
         <object_component_ref idref="oc-216"/>
      </symbol>
      <symbol id="sm-3dd">
         <name>NVM_Clear</name>
         <value>0x327d</value>
         <object_component_ref idref="oc-207"/>
      </symbol>
      <symbol id="sm-3de">
         <name>NVM_Write</name>
         <value>0x326d</value>
         <object_component_ref idref="oc-207"/>
      </symbol>
      <symbol id="sm-3df">
         <name>NVM_Read</name>
         <value>0x325d</value>
         <object_component_ref idref="oc-207"/>
      </symbol>
      <symbol id="sm-419">
         <name>OS_Init</name>
         <value>0x1eb9</value>
         <object_component_ref idref="oc-ce"/>
      </symbol>
      <symbol id="sm-41a">
         <name>g_OS_intTasksFlag</name>
         <value>0x20000638</value>
         <object_component_ref idref="oc-14e"/>
      </symbol>
      <symbol id="sm-41b">
         <name>OS_Run</name>
         <value>0x1efd</value>
         <object_component_ref idref="oc-ce"/>
      </symbol>
      <symbol id="sm-41c">
         <name>OS_ResumeTask</name>
         <value>0x20b1</value>
         <object_component_ref idref="oc-ce"/>
      </symbol>
      <symbol id="sm-41d">
         <name>OS_Stop</name>
         <value>0x207d</value>
         <object_component_ref idref="oc-ce"/>
      </symbol>
      <symbol id="sm-41e">
         <name>OS_Resume</name>
         <value>0x2085</value>
         <object_component_ref idref="oc-ce"/>
      </symbol>
      <symbol id="sm-41f">
         <name>OS_SuspendTask</name>
         <value>0x208d</value>
         <object_component_ref idref="oc-ce"/>
      </symbol>
      <symbol id="sm-431">
         <name>NUMBER_OF_tasks</name>
         <value>0x3618</value>
         <object_component_ref idref="oc-14b"/>
      </symbol>
      <symbol id="sm-432">
         <name>taskList</name>
         <value>0x20000470</value>
         <object_component_ref idref="oc-148"/>
      </symbol>
      <symbol id="sm-4ca">
         <name>CANMessageGet</name>
         <value>0x2859</value>
         <object_component_ref idref="oc-2cd"/>
      </symbol>
      <symbol id="sm-4cb">
         <name>CANBitRateSet</name>
         <value>0x2dc1</value>
         <object_component_ref idref="oc-2b2"/>
      </symbol>
      <symbol id="sm-4cc">
         <name>CANEnable</name>
         <value>0x34ad</value>
         <object_component_ref idref="oc-2b8"/>
      </symbol>
      <symbol id="sm-4cd">
         <name>CANMessageSet</name>
         <value>0x2611</value>
         <object_component_ref idref="oc-2c4"/>
      </symbol>
      <symbol id="sm-4ce">
         <name>CANInit</name>
         <value>0x30e1</value>
         <object_component_ref idref="oc-2ac"/>
      </symbol>
      <symbol id="sm-4cf">
         <name>CANIntEnable</name>
         <value>0x34cb</value>
         <object_component_ref idref="oc-2be"/>
      </symbol>
      <symbol id="sm-534">
         <name>EEPROMRead</name>
         <value>0x311d</value>
         <object_component_ref idref="oc-2ea"/>
      </symbol>
      <symbol id="sm-535">
         <name>EEPROMProgram</name>
         <value>0x2b3d</value>
         <object_component_ref idref="oc-2de"/>
      </symbol>
      <symbol id="sm-536">
         <name>EEPROMStatusGet</name>
         <value>0x3495</value>
         <object_component_ref idref="oc-2e4"/>
      </symbol>
      <symbol id="sm-537">
         <name>EEPROMInit</name>
         <value>0x3065</value>
         <object_component_ref idref="oc-2d8"/>
      </symbol>
      <symbol id="sm-599">
         <name>GPIOPinConfigure</name>
         <value>0x2f49</value>
         <object_component_ref idref="oc-27c"/>
      </symbol>
      <symbol id="sm-59a">
         <name>GPIOPinTypeGPIOInput</name>
         <value>0x33d5</value>
         <object_component_ref idref="oc-254"/>
      </symbol>
      <symbol id="sm-59b">
         <name>GPIOPinTypeUART</name>
         <value>0x33eb</value>
         <object_component_ref idref="oc-282"/>
      </symbol>
      <symbol id="sm-59c">
         <name>GPIOPinTypeGPIOOutput</name>
         <value>0x33a5</value>
         <object_component_ref idref="oc-260"/>
      </symbol>
      <symbol id="sm-59d">
         <name>GPIOPinRead</name>
         <value>0x34d3</value>
         <object_component_ref idref="oc-385"/>
      </symbol>
      <symbol id="sm-59e">
         <name>GPIODirModeSet</name>
         <value>0x328d</value>
         <object_component_ref idref="oc-30d"/>
      </symbol>
      <symbol id="sm-59f">
         <name>GPIOPinWrite</name>
         <value>0x34d9</value>
         <object_component_ref idref="oc-38b"/>
      </symbol>
      <symbol id="sm-5a0">
         <name>GPIOPadConfigSet</name>
         <value>0x24a5</value>
         <object_component_ref idref="oc-25a"/>
      </symbol>
      <symbol id="sm-5a1">
         <name>GPIOPinTypeCAN</name>
         <value>0x33bf</value>
         <object_component_ref idref="oc-2a6"/>
      </symbol>
      <symbol id="sm-5c1">
         <name>IntRegister</name>
         <value>0x318d</value>
         <object_component_ref idref="oc-18f"/>
      </symbol>
      <symbol id="sm-5c2">
         <name>g_pfnRAMVectors</name>
         <value>0x20000000</value>
         <object_component_ref idref="oc-1e7"/>
      </symbol>
      <symbol id="sm-5c3">
         <name>IntMasterEnable</name>
         <value>0x343d</value>
         <object_component_ref idref="oc-13e"/>
      </symbol>
      <symbol id="sm-62d">
         <name>SysCtlClockSet</name>
         <value>0x2971</value>
         <object_component_ref idref="oc-c2"/>
      </symbol>
      <symbol id="sm-62e">
         <name>SysCtlDelay</name>
         <value>0x34df</value>
         <object_component_ref idref="oc-118"/>
      </symbol>
      <symbol id="sm-62f">
         <name>SysCtlPeripheralEnable</name>
         <value>0x31c1</value>
         <object_component_ref idref="oc-248"/>
      </symbol>
      <symbol id="sm-630">
         <name>SysCtlClockGet</name>
         <value>0x2741</value>
         <object_component_ref idref="oc-120"/>
      </symbol>
      <symbol id="sm-631">
         <name>SysCtlPeripheralReady</name>
         <value>0x3155</value>
         <object_component_ref idref="oc-24e"/>
      </symbol>
      <symbol id="sm-632">
         <name>SysCtlPeripheralReset</name>
         <value>0x2ef9</value>
         <object_component_ref idref="oc-368"/>
      </symbol>
      <symbol id="sm-65f">
         <name>SysTickEnable</name>
         <value>0x3401</value>
         <object_component_ref idref="oc-138"/>
      </symbol>
      <symbol id="sm-660">
         <name>SysTickIntRegister</name>
         <value>0x3351</value>
         <object_component_ref idref="oc-12c"/>
      </symbol>
      <symbol id="sm-661">
         <name>SysTickIntEnable</name>
         <value>0x3415</value>
         <object_component_ref idref="oc-132"/>
      </symbol>
      <symbol id="sm-662">
         <name>SysTickPeriodSet</name>
         <value>0x344d</value>
         <object_component_ref idref="oc-126"/>
      </symbol>
      <symbol id="sm-69d">
         <name>UARTConfigSetExpClk</name>
         <value>0x2f95</value>
         <object_component_ref idref="oc-288"/>
      </symbol>
      <symbol id="sm-69e">
         <name>UARTDisable</name>
         <value>0x3331</value>
         <object_component_ref idref="oc-329"/>
      </symbol>
      <symbol id="sm-69f">
         <name>UARTCharsAvail</name>
         <value>0x346d</value>
         <object_component_ref idref="oc-270"/>
      </symbol>
      <symbol id="sm-6a0">
         <name>UARTCharPut</name>
         <value>0x34c1</value>
         <object_component_ref idref="oc-26a"/>
      </symbol>
      <symbol id="sm-6a1">
         <name>UARTEnable</name>
         <value>0x3429</value>
         <object_component_ref idref="oc-32f"/>
      </symbol>
      <symbol id="sm-6a2">
         <name>UARTCharGet</name>
         <value>0x34b7</value>
         <object_component_ref idref="oc-276"/>
      </symbol>
      <symbol id="sm-6ac">
         <name>CPUcpsie</name>
         <value>0x3489</value>
         <object_component_ref idref="oc-198"/>
      </symbol>
      <symbol id="sm-6bb">
         <name>__aeabi_memset</name>
         <value>0x2d47</value>
         <object_component_ref idref="oc-8f"/>
      </symbol>
      <symbol id="sm-6bc">
         <name>memset</name>
         <value>0x2d4d</value>
         <object_component_ref idref="oc-8f"/>
      </symbol>
      <symbol id="sm-6bd">
         <name>__aeabi_memset8</name>
         <value>0x2d47</value>
         <object_component_ref idref="oc-8f"/>
      </symbol>
      <symbol id="sm-6be">
         <name>__aeabi_memset4</name>
         <value>0x2d47</value>
         <object_component_ref idref="oc-8f"/>
      </symbol>
      <symbol id="sm-6bf">
         <name>__aeabi_memclr8</name>
         <value>0x2d45</value>
         <object_component_ref idref="oc-8f"/>
      </symbol>
      <symbol id="sm-6c0">
         <name>__aeabi_memclr4</name>
         <value>0x2d45</value>
         <object_component_ref idref="oc-8f"/>
      </symbol>
      <symbol id="sm-6c1">
         <name>__aeabi_memclr</name>
         <value>0x2d45</value>
         <object_component_ref idref="oc-8f"/>
      </symbol>
      <symbol id="sm-6da">
         <name>__TI_zero_init_nomemset</name>
         <value>0x336d</value>
         <object_component_ref idref="oc-47"/>
      </symbol>
      <symbol id="sm-6f1">
         <name>__TI_decompress_none</name>
         <value>0x347b</value>
         <object_component_ref idref="oc-1b"/>
      </symbol>
      <symbol id="sm-714">
         <name>__TI_decompress_lzss</name>
         <value>0x2e2d</value>
         <object_component_ref idref="oc-15"/>
      </symbol>
      <symbol id="sm-727">
         <name>__stack</name>
         <value>0x20000270</value>
         <object_component_ref idref="oc-24"/>
      </symbol>
      <symbol id="sm-728">
         <name>_c_int00_noargs</name>
         <value>0x3229</value>
         <object_component_ref idref="oc-59"/>
      </symbol>
      <symbol id="sm-743">
         <name>memcpy</name>
         <value>0x2ca9</value>
         <object_component_ref idref="oc-3b"/>
      </symbol>
      <symbol id="sm-744">
         <name>__aeabi_memcpy</name>
         <value>0x2ca9</value>
         <object_component_ref idref="oc-3b"/>
      </symbol>
      <symbol id="sm-745">
         <name>__aeabi_memcpy8</name>
         <value>0x2ca9</value>
         <object_component_ref idref="oc-3b"/>
      </symbol>
      <symbol id="sm-746">
         <name>__aeabi_memcpy4</name>
         <value>0x2ca9</value>
         <object_component_ref idref="oc-3b"/>
      </symbol>
      <symbol id="sm-76e">
         <name>__TI_auto_init_nobinit_nopinit</name>
         <value>0x3021</value>
         <object_component_ref idref="oc-e6"/>
      </symbol>
      <symbol id="sm-778">
         <name>_system_pre_init</name>
         <value>0x34e5</value>
         <object_component_ref idref="oc-95"/>
      </symbol>
      <symbol id="sm-784">
         <name>C$$EXIT</name>
         <value>0x34e9</value>
         <object_component_ref idref="oc-da"/>
      </symbol>
      <symbol id="sm-785">
         <name>abort</name>
         <value>0x34e9</value>
         <object_component_ref idref="oc-da"/>
      </symbol>
      <symbol id="sm-788">
         <name>__TI_static_base__</name>
         <value>0x0</value>
      </symbol>
      <symbol id="sm-78b">
         <name>__mpu_init</name>
         <value>0x0</value>
      </symbol>
      <symbol id="sm-78c">
         <name>_system_post_cinit</name>
         <value>0x0</value>
      </symbol>
   </symbol_table>
   <title>Link successful</title>
</link_info>
